grokking done, starting MNIST sweep
Total runs: 48
=== [1/48] adam_n0_s42 ===
Dataset: standard, Input: 784, Params: 235,146, Mode: adam, Device: cuda
  Epoch  -1: train=0.0578 test=0.0530 loss=2.3035 (0s)
  Epoch   0: train=0.9706 test=0.9657 loss=0.0940 (2s)
  Epoch   1: train=0.9804 test=0.9728 loss=0.0634 (4s)
  Epoch   2: train=0.9857 test=0.9750 loss=0.0462 (6s)
  Epoch   3: train=0.9893 test=0.9780 loss=0.0322 (9s)
  Epoch   4: train=0.9919 test=0.9804 loss=0.0247 (11s)
  Epoch   5: train=0.9891 test=0.9746 loss=0.0334 (13s)
  Epoch   6: train=0.9940 test=0.9785 loss=0.0170 (16s)
  Epoch   7: train=0.9922 test=0.9772 loss=0.0222 (18s)
  Epoch   8: train=0.9949 test=0.9782 loss=0.0153 (21s)
  Epoch   9: train=0.9935 test=0.9775 loss=0.0184 (23s)
  Epoch  10: train=0.9948 test=0.9802 loss=0.0151 (26s)
  Epoch  11: train=0.9950 test=0.9773 loss=0.0142 (28s)
  Epoch  12: train=0.9939 test=0.9756 loss=0.0184 (30s)
  Epoch  13: train=0.9934 test=0.9798 loss=0.0218 (33s)
  Epoch  14: train=0.9936 test=0.9768 loss=0.0201 (35s)
  Epoch  15: train=0.9973 test=0.9815 loss=0.0078 (37s)
  Epoch  16: train=0.9948 test=0.9783 loss=0.0161 (40s)
  Epoch  17: train=0.9973 test=0.9800 loss=0.0075 (42s)
  Epoch  18: train=0.9973 test=0.9816 loss=0.0085 (44s)
  Epoch  19: train=0.9970 test=0.9798 loss=0.0089 (46s)

Done: 46s. Saved to ../results/weight_covariance_v2/subspace_baselines/adam_n0_s42.json
Final: train=0.9970 test=0.9798
=== [2/48] ours_n0_s42 ===
Dataset: standard, Input: 784, Params: 235,146, Mode: ours, Device: cuda
  Epoch  -1: train=0.0578 test=0.0530 loss=2.3035 (0s)
  Epoch   0: train=0.9319 test=0.9329 loss=0.2301 (7s)
  Epoch   1: train=0.9500 test=0.9499 loss=0.1718 (13s)
  Epoch   2: train=0.9488 test=0.9436 loss=0.1768 (19s)
  Epoch   3: train=0.9595 test=0.9579 loss=0.1454 (26s)
  Epoch   4: train=0.9575 test=0.9531 loss=0.1439 (32s)
  Epoch   5: train=0.9615 test=0.9596 loss=0.1336 (38s)
  Epoch   6: train=0.9625 test=0.9598 loss=0.1321 (45s)
  Epoch   7: train=0.9593 test=0.9566 loss=0.1401 (51s)
  Epoch   8: train=0.9691 test=0.9629 loss=0.1073 (58s)
  Epoch   9: train=0.9649 test=0.9611 loss=0.1190 (64s)
  Epoch  10: train=0.9697 test=0.9642 loss=0.1122 (71s)
  Epoch  11: train=0.9734 test=0.9674 loss=0.0948 (77s)
  Epoch  12: train=0.9779 test=0.9708 loss=0.0866 (84s)
  Epoch  13: train=0.9780 test=0.9711 loss=0.0850 (90s)
  Epoch  14: train=0.9796 test=0.9741 loss=0.0769 (97s)
  Epoch  15: train=0.9801 test=0.9713 loss=0.0765 (103s)
  Epoch  16: train=0.9807 test=0.9724 loss=0.0721 (110s)
  Epoch  17: train=0.9839 test=0.9757 loss=0.0625 (116s)
  Epoch  18: train=0.9818 test=0.9755 loss=0.0657 (123s)
  Epoch  19: train=0.9841 test=0.9750 loss=0.0599 (130s)

Done: 130s. Saved to ../results/weight_covariance_v2/subspace_baselines/ours_n0_s42.json
Final: train=0.9841 test=0.9750
=== [3/48] random_subspace_n0_s42 ===
Dataset: standard, Input: 784, Params: 235,146, Mode: random_subspace, Device: cuda
  Epoch  -1: train=0.0578 test=0.0530 loss=2.3035 (0s)
  Epoch   0: train=0.7199 test=0.7321 loss=0.8514 (4s)
  Epoch   1: train=0.7419 test=0.7519 loss=0.8066 (6s)
  Epoch   2: train=0.7459 test=0.7555 loss=0.7922 (9s)
  Epoch   3: train=0.7526 test=0.7626 loss=0.7751 (11s)
  Epoch   4: train=0.7553 test=0.7628 loss=0.7722 (14s)
  Epoch   5: train=0.7588 test=0.7623 loss=0.7689 (16s)
  Epoch   6: train=0.7577 test=0.7670 loss=0.7747 (19s)
  Epoch   7: train=0.7594 test=0.7683 loss=0.7669 (21s)
  Epoch   8: train=0.7654 test=0.7748 loss=0.7559 (24s)
  Epoch   9: train=0.7621 test=0.7720 loss=0.7547 (26s)
  Epoch  10: train=0.7657 test=0.7765 loss=0.7475 (29s)
  Epoch  11: train=0.7668 test=0.7774 loss=0.7466 (31s)
  Epoch  12: train=0.7656 test=0.7734 loss=0.7430 (34s)
  Epoch  13: train=0.7653 test=0.7757 loss=0.7444 (37s)
  Epoch  14: train=0.7649 test=0.7752 loss=0.7434 (39s)
  Epoch  15: train=0.7632 test=0.7727 loss=0.7491 (42s)
  Epoch  16: train=0.7643 test=0.7752 loss=0.7465 (44s)
  Epoch  17: train=0.7667 test=0.7767 loss=0.7400 (47s)
  Epoch  18: train=0.7644 test=0.7740 loss=0.7446 (50s)
  Epoch  19: train=0.7679 test=0.7813 loss=0.7399 (52s)

Done: 52s. Saved to ../results/weight_covariance_v2/subspace_baselines/random_subspace_n0_s42.json
Final: train=0.7679 test=0.7813
=== [4/48] lora_n0_s42 ===
Dataset: standard, Input: 784, Params: 282,094, Mode: lora, Device: cuda
  Epoch  -1: train=0.0701 test=0.0666 loss=2.3230 (0s)
  Epoch   0: train=0.9358 test=0.9325 loss=0.2078 (3s)
  Epoch   1: train=0.9618 test=0.9582 loss=0.1246 (7s)
  Epoch   2: train=0.9715 test=0.9640 loss=0.0891 (10s)
  Epoch   3: train=0.9729 test=0.9630 loss=0.0884 (13s)
  Epoch   4: train=0.9790 test=0.9683 loss=0.0674 (16s)
  Epoch   5: train=0.9814 test=0.9707 loss=0.0601 (19s)
  Epoch   6: train=0.9770 test=0.9642 loss=0.0724 (22s)
  Epoch   7: train=0.9867 test=0.9760 loss=0.0418 (25s)
  Epoch   8: train=0.9854 test=0.9720 loss=0.0447 (28s)
  Epoch   9: train=0.9760 test=0.9607 loss=0.0726 (31s)
  Epoch  10: train=0.9891 test=0.9762 loss=0.0332 (34s)
  Epoch  11: train=0.9880 test=0.9741 loss=0.0371 (37s)
  Epoch  12: train=0.9878 test=0.9731 loss=0.0356 (40s)
  Epoch  13: train=0.9883 test=0.9734 loss=0.0377 (43s)
  Epoch  14: train=0.9898 test=0.9742 loss=0.0300 (46s)
  Epoch  15: train=0.9920 test=0.9751 loss=0.0234 (49s)
  Epoch  16: train=0.9902 test=0.9739 loss=0.0290 (52s)
  Epoch  17: train=0.9930 test=0.9782 loss=0.0206 (55s)
  Epoch  18: train=0.9917 test=0.9746 loss=0.0248 (58s)
  Epoch  19: train=0.9913 test=0.9746 loss=0.0247 (61s)

Done: 61s. Saved to ../results/weight_covariance_v2/subspace_baselines/lora_n0_s42.json
Final: train=0.9913 test=0.9746
=== [5/48] adam_n20_s42 ===
Dataset: standard, Input: 784, Params: 235,146, Mode: adam, Device: cuda
  Epoch  -1: train=0.0673 test=0.0530 loss=2.3044 (0s)
  Epoch   0: train=0.7883 test=0.9601 loss=0.9801 (2s)
  Epoch   1: train=0.7999 test=0.9678 loss=0.9265 (5s)
  Epoch   2: train=0.8038 test=0.9703 loss=0.9057 (7s)
  Epoch   3: train=0.8075 test=0.9734 loss=0.8776 (9s)
  Epoch   4: train=0.8104 test=0.9733 loss=0.8609 (12s)
  Epoch   5: train=0.8118 test=0.9726 loss=0.8403 (14s)
  Epoch   6: train=0.8138 test=0.9719 loss=0.8207 (16s)
  Epoch   7: train=0.8154 test=0.9700 loss=0.7999 (18s)
  Epoch   8: train=0.8189 test=0.9692 loss=0.7816 (21s)
  Epoch   9: train=0.8205 test=0.9658 loss=0.7580 (23s)
  Epoch  10: train=0.8244 test=0.9672 loss=0.7243 (26s)
  Epoch  11: train=0.8260 test=0.9613 loss=0.7070 (28s)
  Epoch  12: train=0.8307 test=0.9584 loss=0.6782 (30s)
  Epoch  13: train=0.8360 test=0.9535 loss=0.6507 (33s)
  Epoch  14: train=0.8377 test=0.9530 loss=0.6255 (35s)
  Epoch  15: train=0.8430 test=0.9491 loss=0.6001 (38s)
  Epoch  16: train=0.8469 test=0.9460 loss=0.5752 (40s)
  Epoch  17: train=0.8542 test=0.9383 loss=0.5525 (42s)
  Epoch  18: train=0.8541 test=0.9367 loss=0.5423 (44s)
  Epoch  19: train=0.8569 test=0.9204 loss=0.5346 (46s)

Done: 46s. Saved to ../results/weight_covariance_v2/subspace_baselines/adam_n20_s42.json
Final: train=0.8569 test=0.9204
=== [6/48] ours_n20_s42 ===
Dataset: standard, Input: 784, Params: 235,146, Mode: ours, Device: cuda
  Epoch  -1: train=0.0673 test=0.0530 loss=2.3044 (0s)
  Epoch   0: train=0.7537 test=0.9159 loss=1.0949 (6s)
  Epoch   1: train=0.7643 test=0.9260 loss=1.0570 (13s)
  Epoch   2: train=0.7582 test=0.9200 loss=1.0807 (19s)
  Epoch   3: train=0.7662 test=0.9301 loss=1.0584 (25s)
  Epoch   4: train=0.7690 test=0.9364 loss=1.0473 (31s)
  Epoch   5: train=0.7731 test=0.9405 loss=1.0318 (38s)
  Epoch   6: train=0.7659 test=0.9293 loss=1.0551 (44s)
  Epoch   7: train=0.7679 test=0.9354 loss=1.0472 (50s)
  Epoch   8: train=0.7792 test=0.9469 loss=1.0231 (57s)
  Epoch   9: train=0.7700 test=0.9322 loss=1.0382 (63s)
  Epoch  10: train=0.7773 test=0.9443 loss=1.0192 (69s)
  Epoch  11: train=0.7789 test=0.9468 loss=1.0138 (76s)
  Epoch  12: train=0.7789 test=0.9477 loss=1.0220 (82s)
  Epoch  13: train=0.7771 test=0.9424 loss=1.0249 (88s)
  Epoch  14: train=0.7791 test=0.9473 loss=1.0208 (94s)
  Epoch  15: train=0.7852 test=0.9537 loss=1.0040 (101s)
  Epoch  16: train=0.7784 test=0.9452 loss=1.0261 (107s)
  Epoch  17: train=0.7752 test=0.9406 loss=1.0222 (113s)
  Epoch  18: train=0.7811 test=0.9467 loss=1.0129 (120s)
  Epoch  19: train=0.7814 test=0.9511 loss=1.0135 (126s)

Done: 126s. Saved to ../results/weight_covariance_v2/subspace_baselines/ours_n20_s42.json
Final: train=0.7814 test=0.9511
=== [7/48] random_subspace_n20_s42 ===
Dataset: standard, Input: 784, Params: 235,146, Mode: random_subspace, Device: cuda
  Epoch  -1: train=0.0673 test=0.0530 loss=2.3044 (0s)
  Epoch   0: train=0.5896 test=0.7256 loss=1.4734 (4s)
  Epoch   1: train=0.6086 test=0.7455 loss=1.4414 (6s)
  Epoch   2: train=0.6108 test=0.7452 loss=1.4314 (8s)
  Epoch   3: train=0.6145 test=0.7555 loss=1.4203 (11s)
  Epoch   4: train=0.6162 test=0.7566 loss=1.4187 (13s)
  Epoch   5: train=0.6196 test=0.7575 loss=1.4142 (15s)
  Epoch   6: train=0.6177 test=0.7564 loss=1.4186 (18s)
  Epoch   7: train=0.6171 test=0.7543 loss=1.4194 (20s)
  Epoch   8: train=0.6220 test=0.7589 loss=1.4134 (23s)
  Epoch   9: train=0.6133 test=0.7498 loss=1.4207 (25s)
  Epoch  10: train=0.6197 test=0.7588 loss=1.4126 (27s)
  Epoch  11: train=0.6215 test=0.7565 loss=1.4139 (30s)
  Epoch  12: train=0.6193 test=0.7528 loss=1.4174 (33s)
  Epoch  13: train=0.6220 test=0.7585 loss=1.4138 (35s)
  Epoch  14: train=0.6245 test=0.7654 loss=1.4090 (37s)
  Epoch  15: train=0.6252 test=0.7625 loss=1.4087 (40s)
  Epoch  16: train=0.6224 test=0.7609 loss=1.4099 (42s)
  Epoch  17: train=0.6216 test=0.7620 loss=1.4097 (45s)
  Epoch  18: train=0.6247 test=0.7654 loss=1.4103 (47s)
  Epoch  19: train=0.6240 test=0.7659 loss=1.4080 (50s)

Done: 50s. Saved to ../results/weight_covariance_v2/subspace_baselines/random_subspace_n20_s42.json
Final: train=0.6240 test=0.7659
=== [8/48] lora_n20_s42 ===
Dataset: standard, Input: 784, Params: 282,094, Mode: lora, Device: cuda
  Epoch  -1: train=0.0765 test=0.0666 loss=2.3199 (0s)
  Epoch   0: train=0.7668 test=0.9317 loss=1.0330 (3s)
  Epoch   1: train=0.7773 test=0.9452 loss=0.9917 (6s)
  Epoch   2: train=0.7882 test=0.9539 loss=0.9573 (9s)
  Epoch   3: train=0.7909 test=0.9563 loss=0.9513 (12s)
  Epoch   4: train=0.7969 test=0.9616 loss=0.9329 (15s)
  Epoch   5: train=0.7987 test=0.9640 loss=0.9203 (18s)
  Epoch   6: train=0.8000 test=0.9633 loss=0.9086 (21s)
  Epoch   7: train=0.8032 test=0.9661 loss=0.9017 (24s)
  Epoch   8: train=0.8009 test=0.9648 loss=0.9060 (26s)
  Epoch   9: train=0.8040 test=0.9675 loss=0.8895 (30s)
  Epoch  10: train=0.8053 test=0.9663 loss=0.8817 (33s)
  Epoch  11: train=0.8065 test=0.9695 loss=0.8771 (36s)
  Epoch  12: train=0.8076 test=0.9710 loss=0.8702 (38s)
  Epoch  13: train=0.8096 test=0.9699 loss=0.8567 (41s)
  Epoch  14: train=0.8101 test=0.9705 loss=0.8504 (44s)
  Epoch  15: train=0.8103 test=0.9686 loss=0.8449 (47s)
  Epoch  16: train=0.8105 test=0.9657 loss=0.8395 (50s)
  Epoch  17: train=0.8113 test=0.9677 loss=0.8368 (52s)
  Epoch  18: train=0.8125 test=0.9710 loss=0.8320 (55s)
  Epoch  19: train=0.8133 test=0.9686 loss=0.8248 (58s)

Done: 58s. Saved to ../results/weight_covariance_v2/subspace_baselines/lora_n20_s42.json
Final: train=0.8133 test=0.9686
=== [9/48] adam_n40_s42 ===
Dataset: standard, Input: 784, Params: 235,146, Mode: adam, Device: cuda
  Epoch  -1: train=0.0763 test=0.0530 loss=2.3049 (0s)
  Epoch   0: train=0.6077 test=0.9400 loss=1.5540 (2s)
  Epoch   1: train=0.6191 test=0.9527 loss=1.4963 (5s)
  Epoch   2: train=0.6235 test=0.9600 loss=1.4743 (7s)
  Epoch   3: train=0.6279 test=0.9618 loss=1.4470 (8s)
  Epoch   4: train=0.6295 test=0.9623 loss=1.4323 (11s)
  Epoch   5: train=0.6316 test=0.9626 loss=1.4148 (13s)
  Epoch   6: train=0.6329 test=0.9630 loss=1.3921 (15s)
  Epoch   7: train=0.6355 test=0.9563 loss=1.3807 (17s)
  Epoch   8: train=0.6399 test=0.9563 loss=1.3469 (19s)
  Epoch   9: train=0.6421 test=0.9562 loss=1.3151 (21s)
  Epoch  10: train=0.6463 test=0.9517 loss=1.2958 (23s)
  Epoch  11: train=0.6491 test=0.9504 loss=1.2641 (25s)
  Epoch  12: train=0.6557 test=0.9441 loss=1.2335 (28s)
  Epoch  13: train=0.6606 test=0.9387 loss=1.2043 (30s)
  Epoch  14: train=0.6601 test=0.9345 loss=1.1968 (32s)
  Epoch  15: train=0.6727 test=0.9192 loss=1.1495 (34s)
  Epoch  16: train=0.6757 test=0.9207 loss=1.1201 (36s)
  Epoch  17: train=0.6811 test=0.9112 loss=1.0957 (38s)
  Epoch  18: train=0.6908 test=0.9013 loss=1.0527 (40s)
  Epoch  19: train=0.6924 test=0.8911 loss=1.0493 (42s)

Done: 42s. Saved to ../results/weight_covariance_v2/subspace_baselines/adam_n40_s42.json
Final: train=0.6924 test=0.8911
=== [10/48] ours_n40_s42 ===
Dataset: standard, Input: 784, Params: 235,146, Mode: ours, Device: cuda
  Epoch  -1: train=0.0763 test=0.0530 loss=2.3049 (0s)
  Epoch   0: train=0.5802 test=0.9015 loss=1.6181 (6s)
  Epoch   1: train=0.5929 test=0.9189 loss=1.5846 (13s)
  Epoch   2: train=0.5929 test=0.9214 loss=1.5893 (19s)
  Epoch   3: train=0.5974 test=0.9254 loss=1.5782 (26s)
  Epoch   4: train=0.5889 test=0.9097 loss=1.5883 (32s)
  Epoch   5: train=0.6026 test=0.9346 loss=1.5632 (38s)
  Epoch   6: train=0.5870 test=0.9109 loss=1.5944 (44s)
  Epoch   7: train=0.5926 test=0.9208 loss=1.5805 (51s)
  Epoch   8: train=0.6019 test=0.9329 loss=1.5624 (57s)
  Epoch   9: train=0.5946 test=0.9177 loss=1.5740 (63s)
  Epoch  10: train=0.6004 test=0.9295 loss=1.5660 (70s)
  Epoch  11: train=0.6024 test=0.9335 loss=1.5701 (76s)
  Epoch  12: train=0.6053 test=0.9400 loss=1.5541 (82s)
  Epoch  13: train=0.5965 test=0.9233 loss=1.5804 (89s)
  Epoch  14: train=0.6038 test=0.9341 loss=1.5627 (95s)
  Epoch  15: train=0.6071 test=0.9390 loss=1.5484 (101s)
  Epoch  16: train=0.6033 test=0.9352 loss=1.5632 (108s)
  Epoch  17: train=0.6021 test=0.9326 loss=1.5603 (114s)
  Epoch  18: train=0.6060 test=0.9396 loss=1.5461 (120s)
  Epoch  19: train=0.6002 test=0.9315 loss=1.5637 (127s)

Done: 127s. Saved to ../results/weight_covariance_v2/subspace_baselines/ours_n40_s42.json
Final: train=0.6002 test=0.9315
=== [11/48] random_subspace_n40_s42 ===
Dataset: standard, Input: 784, Params: 235,146, Mode: random_subspace, Device: cuda
  Epoch  -1: train=0.0763 test=0.0530 loss=2.3049 (0s)
  Epoch   0: train=0.4592 test=0.7043 loss=1.8494 (4s)
  Epoch   1: train=0.4722 test=0.7245 loss=1.8311 (6s)
  Epoch   2: train=0.4778 test=0.7341 loss=1.8252 (8s)
  Epoch   3: train=0.4797 test=0.7414 loss=1.8180 (10s)
  Epoch   4: train=0.4796 test=0.7375 loss=1.8160 (13s)
  Epoch   5: train=0.4819 test=0.7460 loss=1.8145 (15s)
  Epoch   6: train=0.4813 test=0.7444 loss=1.8127 (18s)
  Epoch   7: train=0.4822 test=0.7469 loss=1.8151 (20s)
  Epoch   8: train=0.4821 test=0.7476 loss=1.8135 (22s)
  Epoch   9: train=0.4833 test=0.7442 loss=1.8131 (25s)
  Epoch  10: train=0.4813 test=0.7457 loss=1.8137 (27s)
  Epoch  11: train=0.4798 test=0.7406 loss=1.8161 (29s)
  Epoch  12: train=0.4823 test=0.7434 loss=1.8114 (31s)
  Epoch  13: train=0.4782 test=0.7394 loss=1.8166 (34s)
  Epoch  14: train=0.4800 test=0.7437 loss=1.8165 (37s)
  Epoch  15: train=0.4845 test=0.7443 loss=1.8111 (39s)
  Epoch  16: train=0.4829 test=0.7469 loss=1.8121 (42s)
  Epoch  17: train=0.4851 test=0.7449 loss=1.8104 (44s)
  Epoch  18: train=0.4827 test=0.7428 loss=1.8120 (46s)
  Epoch  19: train=0.4826 test=0.7401 loss=1.8108 (49s)

Done: 49s. Saved to ../results/weight_covariance_v2/subspace_baselines/random_subspace_n40_s42.json
Final: train=0.4826 test=0.7401
=== [12/48] lora_n40_s42 ===
Dataset: standard, Input: 784, Params: 282,094, Mode: lora, Device: cuda
  Epoch  -1: train=0.0839 test=0.0666 loss=2.3167 (0s)
  Epoch   0: train=0.5941 test=0.9181 loss=1.5635 (3s)
  Epoch   1: train=0.6055 test=0.9358 loss=1.5297 (6s)
  Epoch   2: train=0.6126 test=0.9492 loss=1.5163 (9s)
  Epoch   3: train=0.6152 test=0.9493 loss=1.5011 (11s)
  Epoch   4: train=0.6141 test=0.9452 loss=1.5106 (14s)
  Epoch   5: train=0.6208 test=0.9555 loss=1.4789 (17s)
  Epoch   6: train=0.6186 test=0.9499 loss=1.4798 (20s)
  Epoch   7: train=0.6192 test=0.9490 loss=1.4785 (23s)
  Epoch   8: train=0.6227 test=0.9560 loss=1.4670 (26s)
  Epoch   9: train=0.6242 test=0.9572 loss=1.4575 (28s)
  Epoch  10: train=0.6255 test=0.9582 loss=1.4504 (31s)
  Epoch  11: train=0.6272 test=0.9591 loss=1.4391 (34s)
  Epoch  12: train=0.6279 test=0.9610 loss=1.4301 (36s)
  Epoch  13: train=0.6288 test=0.9557 loss=1.4328 (39s)
  Epoch  14: train=0.6300 test=0.9573 loss=1.4202 (42s)
  Epoch  15: train=0.6301 test=0.9573 loss=1.4147 (45s)
  Epoch  16: train=0.6320 test=0.9597 loss=1.4057 (47s)
  Epoch  17: train=0.6326 test=0.9552 loss=1.3951 (50s)
  Epoch  18: train=0.6304 test=0.9508 loss=1.4026 (53s)
  Epoch  19: train=0.6344 test=0.9552 loss=1.3806 (56s)

Done: 56s. Saved to ../results/weight_covariance_v2/subspace_baselines/lora_n40_s42.json
Final: train=0.6344 test=0.9552
=== [13/48] adam_n90_s42 ===
Dataset: standard, Input: 784, Params: 235,146, Mode: adam, Device: cuda
  Epoch  -1: train=0.0987 test=0.0530 loss=2.3069 (0s)
  Epoch   0: train=0.1704 test=0.7575 loss=2.2803 (2s)
  Epoch   1: train=0.1752 test=0.7958 loss=2.2737 (4s)
  Epoch   2: train=0.1791 test=0.8306 loss=2.2696 (6s)
  Epoch   3: train=0.1822 test=0.8106 loss=2.2641 (8s)
  Epoch   4: train=0.1861 test=0.8272 loss=2.2546 (10s)
  Epoch   5: train=0.1860 test=0.7863 loss=2.2543 (13s)
  Epoch   6: train=0.1921 test=0.8166 loss=2.2384 (15s)
  Epoch   7: train=0.1928 test=0.7309 loss=2.2363 (17s)
  Epoch   8: train=0.2000 test=0.7371 loss=2.2243 (19s)
  Epoch   9: train=0.2046 test=0.7234 loss=2.2086 (21s)
  Epoch  10: train=0.2109 test=0.7074 loss=2.1942 (23s)
  Epoch  11: train=0.2140 test=0.6905 loss=2.1787 (25s)
  Epoch  12: train=0.2212 test=0.6536 loss=2.1657 (27s)
  Epoch  13: train=0.2275 test=0.6088 loss=2.1506 (29s)
  Epoch  14: train=0.2364 test=0.6362 loss=2.1301 (31s)
  Epoch  15: train=0.2416 test=0.6072 loss=2.1115 (34s)
  Epoch  16: train=0.2449 test=0.5954 loss=2.1043 (36s)
  Epoch  17: train=0.2498 test=0.5219 loss=2.0928 (38s)
  Epoch  18: train=0.2612 test=0.5167 loss=2.0665 (40s)
  Epoch  19: train=0.2633 test=0.5398 loss=2.0559 (42s)

Done: 42s. Saved to ../results/weight_covariance_v2/subspace_baselines/adam_n90_s42.json
Final: train=0.2633 test=0.5398
=== [14/48] ours_n90_s42 ===
Dataset: standard, Input: 784, Params: 235,146, Mode: ours, Device: cuda
  Epoch  -1: train=0.0987 test=0.0530 loss=2.3069 (0s)
  Epoch   0: train=0.1418 test=0.4623 loss=2.2940 (7s)
  Epoch   1: train=0.1524 test=0.5959 loss=2.2863 (13s)
  Epoch   2: train=0.1573 test=0.6557 loss=2.2840 (19s)
  Epoch   3: train=0.1559 test=0.6099 loss=2.2859 (25s)
  Epoch   4: train=0.1620 test=0.6829 loss=2.2813 (32s)
  Epoch   5: train=0.1558 test=0.6273 loss=2.2844 (38s)
  Epoch   6: train=0.1604 test=0.6469 loss=2.2809 (44s)
  Epoch   7: train=0.1519 test=0.5872 loss=2.2854 (50s)
  Epoch   8: train=0.1636 test=0.7107 loss=2.2820 (57s)
  Epoch   9: train=0.1664 test=0.7316 loss=2.2794 (63s)
  Epoch  10: train=0.1659 test=0.7342 loss=2.2808 (69s)
  Epoch  11: train=0.1683 test=0.7551 loss=2.2787 (75s)
  Epoch  12: train=0.1552 test=0.6312 loss=2.2831 (81s)
  Epoch  13: train=0.1681 test=0.7420 loss=2.2783 (88s)
  Epoch  14: train=0.1674 test=0.7510 loss=2.2793 (94s)
  Epoch  15: train=0.1696 test=0.7830 loss=2.2776 (100s)
  Epoch  16: train=0.1706 test=0.7868 loss=2.2789 (106s)
  Epoch  17: train=0.1696 test=0.7818 loss=2.2771 (113s)
  Epoch  18: train=0.1687 test=0.7621 loss=2.2791 (119s)
  Epoch  19: train=0.1688 test=0.7538 loss=2.2802 (125s)

Done: 125s. Saved to ../results/weight_covariance_v2/subspace_baselines/ours_n90_s42.json
Final: train=0.1688 test=0.7538
=== [15/48] random_subspace_n90_s42 ===
Dataset: standard, Input: 784, Params: 235,146, Mode: random_subspace, Device: cuda
  Epoch  -1: train=0.0987 test=0.0530 loss=2.3069 (0s)
  Epoch   0: train=0.1411 test=0.4761 loss=2.2916 (3s)
  Epoch   1: train=0.1482 test=0.5474 loss=2.2897 (6s)
  Epoch   2: train=0.1488 test=0.5444 loss=2.2892 (8s)
  Epoch   3: train=0.1503 test=0.5533 loss=2.2879 (10s)
  Epoch   4: train=0.1479 test=0.5378 loss=2.2886 (12s)
  Epoch   5: train=0.1524 test=0.5650 loss=2.2870 (15s)
  Epoch   6: train=0.1524 test=0.5564 loss=2.2877 (17s)
  Epoch   7: train=0.1497 test=0.5652 loss=2.2876 (19s)
  Epoch   8: train=0.1516 test=0.5715 loss=2.2878 (21s)
  Epoch   9: train=0.1529 test=0.5855 loss=2.2866 (24s)
  Epoch  10: train=0.1510 test=0.5579 loss=2.2876 (26s)
  Epoch  11: train=0.1533 test=0.5685 loss=2.2869 (29s)
  Epoch  12: train=0.1533 test=0.5768 loss=2.2870 (31s)
  Epoch  13: train=0.1503 test=0.5567 loss=2.2873 (34s)
  Epoch  14: train=0.1508 test=0.5688 loss=2.2864 (36s)
  Epoch  15: train=0.1528 test=0.5809 loss=2.2864 (38s)
  Epoch  16: train=0.1511 test=0.5632 loss=2.2866 (40s)
  Epoch  17: train=0.1509 test=0.5493 loss=2.2871 (43s)
  Epoch  18: train=0.1513 test=0.5571 loss=2.2872 (45s)
  Epoch  19: train=0.1519 test=0.5657 loss=2.2874 (48s)

Done: 48s. Saved to ../results/weight_covariance_v2/subspace_baselines/random_subspace_n90_s42.json
Final: train=0.1519 test=0.5657
=== [16/48] lora_n90_s42 ===
Dataset: standard, Input: 784, Params: 282,094, Mode: lora, Device: cuda
  Epoch  -1: train=0.0972 test=0.0666 loss=2.3089 (0s)
  Epoch   0: train=0.1656 test=0.7342 loss=2.2801 (3s)
  Epoch   1: train=0.1722 test=0.7649 loss=2.2764 (6s)
  Epoch   2: train=0.1784 test=0.8122 loss=2.2688 (9s)
  Epoch   3: train=0.1780 test=0.7994 loss=2.2659 (11s)
  Epoch   4: train=0.1808 test=0.8122 loss=2.2624 (14s)
  Epoch   5: train=0.1823 test=0.7977 loss=2.2597 (17s)
  Epoch   6: train=0.1865 test=0.8266 loss=2.2531 (19s)
  Epoch   7: train=0.1861 test=0.8085 loss=2.2470 (22s)
  Epoch   8: train=0.1881 test=0.7933 loss=2.2453 (25s)
  Epoch   9: train=0.1881 test=0.7521 loss=2.2419 (28s)
  Epoch  10: train=0.1931 test=0.7698 loss=2.2319 (31s)
  Epoch  11: train=0.1943 test=0.7473 loss=2.2263 (34s)
  Epoch  12: train=0.1987 test=0.7448 loss=2.2184 (37s)
  Epoch  13: train=0.1995 test=0.6989 loss=2.2145 (40s)
  Epoch  14: train=0.2041 test=0.6895 loss=2.2048 (42s)
  Epoch  15: train=0.2094 test=0.6987 loss=2.1904 (45s)
  Epoch  16: train=0.2146 test=0.6458 loss=2.1864 (48s)
  Epoch  17: train=0.2161 test=0.6431 loss=2.1793 (50s)
  Epoch  18: train=0.2190 test=0.5827 loss=2.1686 (54s)
  Epoch  19: train=0.2233 test=0.5922 loss=2.1537 (56s)

Done: 56s. Saved to ../results/weight_covariance_v2/subspace_baselines/lora_n90_s42.json
Final: train=0.2233 test=0.5922
=== [17/48] adam_n0_s43 ===
Dataset: standard, Input: 784, Params: 235,146, Mode: adam, Device: cuda
  Epoch  -1: train=0.1110 test=0.1102 loss=2.3090 (0s)
  Epoch   0: train=0.9693 test=0.9653 loss=0.1001 (2s)
  Epoch   1: train=0.9824 test=0.9756 loss=0.0566 (4s)
  Epoch   2: train=0.9852 test=0.9759 loss=0.0448 (7s)
  Epoch   3: train=0.9877 test=0.9752 loss=0.0379 (9s)
  Epoch   4: train=0.9889 test=0.9760 loss=0.0323 (11s)
  Epoch   5: train=0.9911 test=0.9778 loss=0.0253 (13s)
  Epoch   6: train=0.9929 test=0.9796 loss=0.0207 (15s)
  Epoch   7: train=0.9953 test=0.9799 loss=0.0143 (17s)
  Epoch   8: train=0.9936 test=0.9779 loss=0.0185 (19s)
  Epoch   9: train=0.9936 test=0.9782 loss=0.0177 (22s)
  Epoch  10: train=0.9957 test=0.9813 loss=0.0128 (24s)
  Epoch  11: train=0.9917 test=0.9757 loss=0.0242 (26s)
  Epoch  12: train=0.9923 test=0.9764 loss=0.0241 (27s)
  Epoch  13: train=0.9957 test=0.9803 loss=0.0136 (30s)
  Epoch  14: train=0.9942 test=0.9777 loss=0.0179 (32s)
  Epoch  15: train=0.9969 test=0.9808 loss=0.0090 (34s)
  Epoch  16: train=0.9971 test=0.9812 loss=0.0086 (36s)
  Epoch  17: train=0.9961 test=0.9812 loss=0.0117 (38s)
  Epoch  18: train=0.9971 test=0.9794 loss=0.0078 (40s)
  Epoch  19: train=0.9980 test=0.9808 loss=0.0063 (42s)

Done: 42s. Saved to ../results/weight_covariance_v2/subspace_baselines/adam_n0_s43.json
Final: train=0.9980 test=0.9808
=== [18/48] ours_n0_s43 ===
Dataset: standard, Input: 784, Params: 235,146, Mode: ours, Device: cuda
  Epoch  -1: train=0.1110 test=0.1102 loss=2.3090 (0s)
  Epoch   0: train=0.9263 test=0.9262 loss=0.2443 (7s)
  Epoch   1: train=0.9449 test=0.9458 loss=0.1858 (13s)
  Epoch   2: train=0.9438 test=0.9418 loss=0.1857 (19s)
  Epoch   3: train=0.9545 test=0.9518 loss=0.1528 (25s)
  Epoch   4: train=0.9542 test=0.9509 loss=0.1584 (32s)
  Epoch   5: train=0.9469 test=0.9413 loss=0.1690 (38s)
  Epoch   6: train=0.9534 test=0.9468 loss=0.1575 (44s)
  Epoch   7: train=0.9570 test=0.9526 loss=0.1463 (51s)
  Epoch   8: train=0.9694 test=0.9628 loss=0.1068 (57s)
  Epoch   9: train=0.9714 test=0.9655 loss=0.1011 (63s)
  Epoch  10: train=0.9740 test=0.9665 loss=0.0957 (69s)
  Epoch  11: train=0.9691 test=0.9647 loss=0.1107 (76s)
  Epoch  12: train=0.9735 test=0.9682 loss=0.0989 (82s)
  Epoch  13: train=0.9724 test=0.9662 loss=0.0969 (88s)
  Epoch  14: train=0.9752 test=0.9675 loss=0.0915 (94s)
  Epoch  15: train=0.9742 test=0.9680 loss=0.0898 (101s)
  Epoch  16: train=0.9793 test=0.9717 loss=0.0765 (107s)
  Epoch  17: train=0.9818 test=0.9746 loss=0.0675 (113s)
  Epoch  18: train=0.9827 test=0.9749 loss=0.0659 (120s)
  Epoch  19: train=0.9832 test=0.9736 loss=0.0646 (126s)

Done: 126s. Saved to ../results/weight_covariance_v2/subspace_baselines/ours_n0_s43.json
Final: train=0.9832 test=0.9736
=== [19/48] random_subspace_n0_s43 ===
Dataset: standard, Input: 784, Params: 235,146, Mode: random_subspace, Device: cuda
  Epoch  -1: train=0.1110 test=0.1102 loss=2.3090 (0s)
  Epoch   0: train=0.7557 test=0.7705 loss=0.7674 (3s)
  Epoch   1: train=0.7666 test=0.7747 loss=0.7334 (6s)
  Epoch   2: train=0.7715 test=0.7816 loss=0.7208 (8s)
  Epoch   3: train=0.7728 test=0.7882 loss=0.7178 (11s)
  Epoch   4: train=0.7745 test=0.7916 loss=0.7113 (13s)
  Epoch   5: train=0.7759 test=0.7876 loss=0.7117 (15s)
  Epoch   6: train=0.7741 test=0.7865 loss=0.7141 (18s)
  Epoch   7: train=0.7733 test=0.7850 loss=0.7082 (20s)
  Epoch   8: train=0.7739 test=0.7879 loss=0.7112 (23s)
  Epoch   9: train=0.7762 test=0.7874 loss=0.7085 (25s)
  Epoch  10: train=0.7739 test=0.7890 loss=0.7149 (28s)
  Epoch  11: train=0.7733 test=0.7858 loss=0.7129 (30s)
  Epoch  12: train=0.7719 test=0.7833 loss=0.7112 (33s)
  Epoch  13: train=0.7752 test=0.7873 loss=0.7105 (35s)
  Epoch  14: train=0.7726 test=0.7851 loss=0.7147 (37s)
  Epoch  15: train=0.7723 test=0.7834 loss=0.7159 (39s)
  Epoch  16: train=0.7705 test=0.7846 loss=0.7225 (42s)
  Epoch  17: train=0.7718 test=0.7839 loss=0.7185 (44s)
  Epoch  18: train=0.7736 test=0.7856 loss=0.7106 (47s)
  Epoch  19: train=0.7703 test=0.7842 loss=0.7164 (49s)

Done: 49s. Saved to ../results/weight_covariance_v2/subspace_baselines/random_subspace_n0_s43.json
Final: train=0.7703 test=0.7842
=== [20/48] lora_n0_s43 ===
Dataset: standard, Input: 784, Params: 282,094, Mode: lora, Device: cuda
  Epoch  -1: train=0.1194 test=0.1230 loss=2.3108 (0s)
  Epoch   0: train=0.9405 test=0.9383 loss=0.1888 (3s)
  Epoch   1: train=0.9559 test=0.9544 loss=0.1391 (6s)
  Epoch   2: train=0.9599 test=0.9504 loss=0.1241 (9s)
  Epoch   3: train=0.9727 test=0.9648 loss=0.0856 (11s)
  Epoch   4: train=0.9725 test=0.9644 loss=0.0848 (14s)
  Epoch   5: train=0.9787 test=0.9703 loss=0.0655 (17s)
  Epoch   6: train=0.9825 test=0.9686 loss=0.0573 (20s)
  Epoch   7: train=0.9852 test=0.9716 loss=0.0468 (22s)
  Epoch   8: train=0.9869 test=0.9746 loss=0.0394 (25s)
  Epoch   9: train=0.9860 test=0.9717 loss=0.0413 (28s)
  Epoch  10: train=0.9859 test=0.9728 loss=0.0414 (31s)
  Epoch  11: train=0.9872 test=0.9723 loss=0.0384 (33s)
  Epoch  12: train=0.9880 test=0.9737 loss=0.0353 (36s)
  Epoch  13: train=0.9921 test=0.9784 loss=0.0244 (39s)
  Epoch  14: train=0.9895 test=0.9751 loss=0.0309 (42s)
  Epoch  15: train=0.9920 test=0.9800 loss=0.0240 (45s)
  Epoch  16: train=0.9921 test=0.9747 loss=0.0245 (48s)
  Epoch  17: train=0.9889 test=0.9749 loss=0.0323 (50s)
  Epoch  18: train=0.9931 test=0.9736 loss=0.0220 (53s)
  Epoch  19: train=0.9933 test=0.9764 loss=0.0210 (56s)

Done: 56s. Saved to ../results/weight_covariance_v2/subspace_baselines/lora_n0_s43.json
Final: train=0.9933 test=0.9764
=== [21/48] adam_n20_s43 ===
Dataset: standard, Input: 784, Params: 235,146, Mode: adam, Device: cuda
  Epoch  -1: train=0.1092 test=0.1102 loss=2.3088 (0s)
  Epoch   0: train=0.7905 test=0.9545 loss=0.9733 (2s)
  Epoch   1: train=0.8019 test=0.9652 loss=0.9184 (4s)
  Epoch   2: train=0.8078 test=0.9700 loss=0.8869 (7s)
  Epoch   3: train=0.8094 test=0.9709 loss=0.8681 (9s)
  Epoch   4: train=0.8105 test=0.9667 loss=0.8581 (11s)
  Epoch   5: train=0.8162 test=0.9705 loss=0.8257 (13s)
  Epoch   6: train=0.8179 test=0.9730 loss=0.7993 (15s)
  Epoch   7: train=0.8181 test=0.9657 loss=0.7848 (17s)
  Epoch   8: train=0.8222 test=0.9654 loss=0.7507 (20s)
  Epoch   9: train=0.8250 test=0.9659 loss=0.7226 (22s)
  Epoch  10: train=0.8280 test=0.9597 loss=0.7098 (24s)
  Epoch  11: train=0.8314 test=0.9551 loss=0.6759 (26s)
  Epoch  12: train=0.8358 test=0.9597 loss=0.6474 (28s)
  Epoch  13: train=0.8389 test=0.9518 loss=0.6322 (30s)
  Epoch  14: train=0.8438 test=0.9475 loss=0.6049 (32s)
  Epoch  15: train=0.8498 test=0.9471 loss=0.5694 (34s)
  Epoch  16: train=0.8531 test=0.9391 loss=0.5518 (36s)
  Epoch  17: train=0.8583 test=0.9414 loss=0.5165 (38s)
  Epoch  18: train=0.8649 test=0.9215 loss=0.5012 (40s)
  Epoch  19: train=0.8715 test=0.9222 loss=0.4772 (43s)

Done: 43s. Saved to ../results/weight_covariance_v2/subspace_baselines/adam_n20_s43.json
Final: train=0.8715 test=0.9222
=== [22/48] ours_n20_s43 ===
Dataset: standard, Input: 784, Params: 235,146, Mode: ours, Device: cuda
  Epoch  -1: train=0.1092 test=0.1102 loss=2.3088 (0s)
  Epoch   0: train=0.7507 test=0.9122 loss=1.0917 (6s)
  Epoch   1: train=0.7644 test=0.9241 loss=1.0543 (13s)
  Epoch   2: train=0.7687 test=0.9313 loss=1.0431 (19s)
  Epoch   3: train=0.7705 test=0.9348 loss=1.0387 (25s)
  Epoch   4: train=0.7741 test=0.9379 loss=1.0370 (32s)
  Epoch   5: train=0.7686 test=0.9284 loss=1.0392 (39s)
  Epoch   6: train=0.7770 test=0.9418 loss=1.0229 (45s)
  Epoch   7: train=0.7624 test=0.9198 loss=1.0536 (51s)
  Epoch   8: train=0.7738 test=0.9355 loss=1.0280 (57s)
  Epoch   9: train=0.7791 test=0.9429 loss=1.0100 (63s)
  Epoch  10: train=0.7818 test=0.9457 loss=1.0047 (70s)
  Epoch  11: train=0.7812 test=0.9440 loss=1.0126 (76s)
  Epoch  12: train=0.7792 test=0.9471 loss=1.0114 (82s)
  Epoch  13: train=0.7812 test=0.9463 loss=1.0059 (88s)
  Epoch  14: train=0.7822 test=0.9487 loss=1.0169 (95s)
  Epoch  15: train=0.7772 test=0.9404 loss=1.0144 (101s)
  Epoch  16: train=0.7850 test=0.9470 loss=0.9925 (107s)
  Epoch  17: train=0.7881 test=0.9536 loss=0.9827 (114s)
  Epoch  18: train=0.7848 test=0.9492 loss=1.0038 (120s)
  Epoch  19: train=0.7858 test=0.9526 loss=0.9936 (126s)

Done: 126s. Saved to ../results/weight_covariance_v2/subspace_baselines/ours_n20_s43.json
Final: train=0.7858 test=0.9526
=== [23/48] random_subspace_n20_s43 ===
Dataset: standard, Input: 784, Params: 235,146, Mode: random_subspace, Device: cuda
  Epoch  -1: train=0.1092 test=0.1102 loss=2.3088 (0s)
  Epoch   0: train=0.6089 test=0.7491 loss=1.4369 (3s)
  Epoch   1: train=0.6172 test=0.7555 loss=1.4191 (6s)
  Epoch   2: train=0.6148 test=0.7514 loss=1.4170 (8s)
  Epoch   3: train=0.6174 test=0.7511 loss=1.4120 (10s)
  Epoch   4: train=0.6237 test=0.7586 loss=1.4019 (12s)
  Epoch   5: train=0.6242 test=0.7558 loss=1.4003 (15s)
  Epoch   6: train=0.6282 test=0.7611 loss=1.3941 (17s)
  Epoch   7: train=0.6300 test=0.7648 loss=1.3922 (20s)
  Epoch   8: train=0.6305 test=0.7665 loss=1.3941 (22s)
  Epoch   9: train=0.6312 test=0.7651 loss=1.3926 (24s)
  Epoch  10: train=0.6284 test=0.7597 loss=1.3979 (26s)
  Epoch  11: train=0.6278 test=0.7569 loss=1.3940 (29s)
  Epoch  12: train=0.6315 test=0.7642 loss=1.3927 (31s)
  Epoch  13: train=0.6311 test=0.7660 loss=1.3957 (33s)
  Epoch  14: train=0.6305 test=0.7663 loss=1.3932 (36s)
  Epoch  15: train=0.6289 test=0.7579 loss=1.3940 (38s)
  Epoch  16: train=0.6292 test=0.7657 loss=1.3952 (41s)
  Epoch  17: train=0.6287 test=0.7614 loss=1.4027 (43s)
  Epoch  18: train=0.6289 test=0.7613 loss=1.3973 (46s)
  Epoch  19: train=0.6294 test=0.7627 loss=1.3919 (48s)

Done: 48s. Saved to ../results/weight_covariance_v2/subspace_baselines/random_subspace_n20_s43.json
Final: train=0.6294 test=0.7627
=== [24/48] lora_n20_s43 ===
Dataset: standard, Input: 784, Params: 282,094, Mode: lora, Device: cuda
  Epoch  -1: train=0.1166 test=0.1230 loss=2.3095 (0s)
  Epoch   0: train=0.7689 test=0.9311 loss=1.0153 (3s)
  Epoch   1: train=0.7816 test=0.9452 loss=0.9783 (6s)
  Epoch   2: train=0.7894 test=0.9514 loss=0.9582 (9s)
  Epoch   3: train=0.7942 test=0.9579 loss=0.9421 (11s)
  Epoch   4: train=0.7974 test=0.9621 loss=0.9213 (14s)
  Epoch   5: train=0.8004 test=0.9613 loss=0.9195 (18s)
  Epoch   6: train=0.8029 test=0.9658 loss=0.9023 (20s)
  Epoch   7: train=0.8054 test=0.9672 loss=0.8915 (23s)
  Epoch   8: train=0.8052 test=0.9658 loss=0.8865 (26s)
  Epoch   9: train=0.8058 test=0.9655 loss=0.8868 (29s)
  Epoch  10: train=0.8082 test=0.9640 loss=0.8797 (32s)
  Epoch  11: train=0.8096 test=0.9679 loss=0.8641 (34s)
  Epoch  12: train=0.8113 test=0.9678 loss=0.8559 (37s)
  Epoch  13: train=0.8116 test=0.9678 loss=0.8535 (40s)
  Epoch  14: train=0.8120 test=0.9681 loss=0.8478 (43s)
  Epoch  15: train=0.8132 test=0.9681 loss=0.8389 (46s)
  Epoch  16: train=0.8140 test=0.9679 loss=0.8353 (49s)
  Epoch  17: train=0.8138 test=0.9688 loss=0.8319 (52s)
  Epoch  18: train=0.8159 test=0.9683 loss=0.8195 (54s)
  Epoch  19: train=0.8162 test=0.9645 loss=0.8128 (57s)

Done: 57s. Saved to ../results/weight_covariance_v2/subspace_baselines/lora_n20_s43.json
Final: train=0.8162 test=0.9645
=== [25/48] adam_n40_s43 ===
Dataset: standard, Input: 784, Params: 235,146, Mode: adam, Device: cuda
  Epoch  -1: train=0.1079 test=0.1102 loss=2.3087 (0s)
  Epoch   0: train=0.6122 test=0.9423 loss=1.5337 (2s)
  Epoch   1: train=0.6250 test=0.9610 loss=1.4755 (5s)
  Epoch   2: train=0.6283 test=0.9625 loss=1.4657 (7s)
  Epoch   3: train=0.6319 test=0.9660 loss=1.4411 (9s)
  Epoch   4: train=0.6322 test=0.9621 loss=1.4300 (11s)
  Epoch   5: train=0.6343 test=0.9611 loss=1.4117 (13s)
  Epoch   6: train=0.6382 test=0.9642 loss=1.3802 (15s)
  Epoch   7: train=0.6394 test=0.9619 loss=1.3614 (17s)
  Epoch   8: train=0.6446 test=0.9620 loss=1.3258 (19s)
  Epoch   9: train=0.6462 test=0.9564 loss=1.3050 (22s)
  Epoch  10: train=0.6506 test=0.9503 loss=1.2802 (24s)
  Epoch  11: train=0.6551 test=0.9380 loss=1.2429 (26s)
  Epoch  12: train=0.6604 test=0.9413 loss=1.2091 (28s)
  Epoch  13: train=0.6637 test=0.9332 loss=1.1901 (30s)
  Epoch  14: train=0.6744 test=0.9298 loss=1.1522 (32s)
  Epoch  15: train=0.6801 test=0.9197 loss=1.1134 (35s)
  Epoch  16: train=0.6827 test=0.9024 loss=1.1091 (36s)
  Epoch  17: train=0.6914 test=0.9066 loss=1.0620 (39s)
  Epoch  18: train=0.6949 test=0.8881 loss=1.0553 (41s)
  Epoch  19: train=0.7045 test=0.8729 loss=1.0255 (43s)

Done: 43s. Saved to ../results/weight_covariance_v2/subspace_baselines/adam_n40_s43.json
Final: train=0.7045 test=0.8729
=== [26/48] ours_n40_s43 ===
Dataset: standard, Input: 784, Params: 235,146, Mode: ours, Device: cuda
  Epoch  -1: train=0.1079 test=0.1102 loss=2.3087 (0s)
  Epoch   0: train=0.5833 test=0.9017 loss=1.6090 (6s)
  Epoch   1: train=0.5831 test=0.8999 loss=1.6056 (12s)
  Epoch   2: train=0.5963 test=0.9232 loss=1.5759 (19s)
  Epoch   3: train=0.5936 test=0.9168 loss=1.5837 (25s)
  Epoch   4: train=0.6000 test=0.9270 loss=1.5734 (31s)
  Epoch   5: train=0.5972 test=0.9211 loss=1.5676 (37s)
  Epoch   6: train=0.5951 test=0.9185 loss=1.5743 (44s)
  Epoch   7: train=0.5780 test=0.8879 loss=1.6144 (50s)
  Epoch   8: train=0.6009 test=0.9285 loss=1.5646 (56s)
  Epoch   9: train=0.6014 test=0.9291 loss=1.5616 (62s)
  Epoch  10: train=0.6052 test=0.9343 loss=1.5524 (69s)
  Epoch  11: train=0.6027 test=0.9281 loss=1.5591 (75s)
  Epoch  12: train=0.6000 test=0.9254 loss=1.5669 (81s)
  Epoch  13: train=0.6040 test=0.9333 loss=1.5499 (87s)
  Epoch  14: train=0.6025 test=0.9322 loss=1.5741 (94s)
  Epoch  15: train=0.5964 test=0.9190 loss=1.5707 (100s)
  Epoch  16: train=0.6077 test=0.9371 loss=1.5420 (106s)
  Epoch  17: train=0.6092 test=0.9413 loss=1.5466 (112s)
  Epoch  18: train=0.6051 test=0.9333 loss=1.5532 (119s)
  Epoch  19: train=0.6038 test=0.9321 loss=1.5704 (125s)

Done: 125s. Saved to ../results/weight_covariance_v2/subspace_baselines/ours_n40_s43.json
Final: train=0.6038 test=0.9321
=== [27/48] random_subspace_n40_s43 ===
Dataset: standard, Input: 784, Params: 235,146, Mode: random_subspace, Device: cuda
  Epoch  -1: train=0.1079 test=0.1102 loss=2.3087 (0s)
  Epoch   0: train=0.4766 test=0.7397 loss=1.8267 (4s)
  Epoch   1: train=0.4841 test=0.7465 loss=1.8121 (6s)
  Epoch   2: train=0.4906 test=0.7558 loss=1.8048 (9s)
  Epoch   3: train=0.4895 test=0.7514 loss=1.8039 (11s)
  Epoch   4: train=0.4900 test=0.7568 loss=1.8049 (14s)
  Epoch   5: train=0.4875 test=0.7541 loss=1.8038 (16s)
  Epoch   6: train=0.4893 test=0.7519 loss=1.8054 (18s)
  Epoch   7: train=0.4880 test=0.7536 loss=1.8075 (21s)
  Epoch   8: train=0.4896 test=0.7561 loss=1.8026 (23s)
  Epoch   9: train=0.4919 test=0.7600 loss=1.8038 (25s)
  Epoch  10: train=0.4889 test=0.7568 loss=1.8053 (27s)
  Epoch  11: train=0.4894 test=0.7554 loss=1.8029 (30s)
  Epoch  12: train=0.4974 test=0.7645 loss=1.7988 (32s)
  Epoch  13: train=0.4895 test=0.7616 loss=1.8062 (34s)
  Epoch  14: train=0.4929 test=0.7632 loss=1.8008 (37s)
  Epoch  15: train=0.4946 test=0.7607 loss=1.7983 (39s)
  Epoch  16: train=0.4952 test=0.7617 loss=1.7984 (41s)
  Epoch  17: train=0.4957 test=0.7657 loss=1.7983 (43s)
  Epoch  18: train=0.4917 test=0.7569 loss=1.8009 (46s)
  Epoch  19: train=0.4933 test=0.7622 loss=1.7988 (49s)

Done: 49s. Saved to ../results/weight_covariance_v2/subspace_baselines/random_subspace_n40_s43.json
Final: train=0.4933 test=0.7622
=== [28/48] lora_n40_s43 ===
Dataset: standard, Input: 784, Params: 282,094, Mode: lora, Device: cuda
  Epoch  -1: train=0.1138 test=0.1230 loss=2.3084 (0s)
  Epoch   0: train=0.5997 test=0.9204 loss=1.5469 (3s)
  Epoch   1: train=0.6036 test=0.9299 loss=1.5401 (5s)
  Epoch   2: train=0.6129 test=0.9374 loss=1.5120 (8s)
  Epoch   3: train=0.6133 test=0.9363 loss=1.5088 (11s)
  Epoch   4: train=0.6199 test=0.9497 loss=1.4821 (14s)
  Epoch   5: train=0.6219 test=0.9562 loss=1.4797 (17s)
  Epoch   6: train=0.6219 test=0.9497 loss=1.4747 (20s)
  Epoch   7: train=0.6272 test=0.9555 loss=1.4557 (23s)
  Epoch   8: train=0.6260 test=0.9545 loss=1.4564 (26s)
  Epoch   9: train=0.6242 test=0.9472 loss=1.4623 (29s)
  Epoch  10: train=0.6301 test=0.9584 loss=1.4408 (32s)
  Epoch  11: train=0.6280 test=0.9512 loss=1.4387 (35s)
  Epoch  12: train=0.6298 test=0.9568 loss=1.4299 (38s)
  Epoch  13: train=0.6293 test=0.9560 loss=1.4260 (41s)
  Epoch  14: train=0.6334 test=0.9569 loss=1.4116 (43s)
  Epoch  15: train=0.6340 test=0.9587 loss=1.4012 (46s)
  Epoch  16: train=0.6329 test=0.9568 loss=1.4054 (49s)
  Epoch  17: train=0.6343 test=0.9503 loss=1.3954 (51s)
  Epoch  18: train=0.6374 test=0.9592 loss=1.3813 (54s)
  Epoch  19: train=0.6333 test=0.9473 loss=1.3826 (57s)

Done: 57s. Saved to ../results/weight_covariance_v2/subspace_baselines/lora_n40_s43.json
Final: train=0.6333 test=0.9473
=== [29/48] adam_n90_s43 ===
Dataset: standard, Input: 784, Params: 235,146, Mode: adam, Device: cuda
  Epoch  -1: train=0.1020 test=0.1102 loss=2.3085 (0s)
  Epoch   0: train=0.1751 test=0.8152 loss=2.2767 (2s)
  Epoch   1: train=0.1777 test=0.8184 loss=2.2718 (5s)
  Epoch   2: train=0.1785 test=0.7986 loss=2.2675 (7s)
  Epoch   3: train=0.1828 test=0.8115 loss=2.2630 (9s)
  Epoch   4: train=0.1855 test=0.8228 loss=2.2584 (11s)
  Epoch   5: train=0.1883 test=0.8065 loss=2.2501 (13s)
  Epoch   6: train=0.1905 test=0.7851 loss=2.2452 (15s)
  Epoch   7: train=0.1954 test=0.7723 loss=2.2332 (17s)
  Epoch   8: train=0.1988 test=0.7412 loss=2.2234 (19s)
  Epoch   9: train=0.2016 test=0.7303 loss=2.2125 (21s)
  Epoch  10: train=0.2089 test=0.7408 loss=2.1984 (23s)
  Epoch  11: train=0.2160 test=0.6871 loss=2.1809 (26s)
  Epoch  12: train=0.2175 test=0.6904 loss=2.1745 (28s)
  Epoch  13: train=0.2225 test=0.6413 loss=2.1587 (30s)
  Epoch  14: train=0.2278 test=0.6419 loss=2.1453 (32s)
  Epoch  15: train=0.2354 test=0.6073 loss=2.1227 (34s)
  Epoch  16: train=0.2420 test=0.6262 loss=2.1089 (36s)
  Epoch  17: train=0.2470 test=0.5774 loss=2.0956 (38s)
  Epoch  18: train=0.2525 test=0.5535 loss=2.0788 (40s)
  Epoch  19: train=0.2599 test=0.5343 loss=2.0668 (42s)

Done: 42s. Saved to ../results/weight_covariance_v2/subspace_baselines/adam_n90_s43.json
Final: train=0.2599 test=0.5343
=== [30/48] ours_n90_s43 ===
Dataset: standard, Input: 784, Params: 235,146, Mode: ours, Device: cuda
  Epoch  -1: train=0.1020 test=0.1102 loss=2.3085 (0s)
  Epoch   0: train=0.1424 test=0.5033 loss=2.2925 (6s)
  Epoch   1: train=0.1500 test=0.6029 loss=2.2903 (12s)
  Epoch   2: train=0.1499 test=0.5485 loss=2.2905 (19s)
  Epoch   3: train=0.1518 test=0.6009 loss=2.2863 (25s)
  Epoch   4: train=0.1593 test=0.6677 loss=2.2846 (31s)
  Epoch   5: train=0.1684 test=0.7587 loss=2.2804 (37s)
  Epoch   6: train=0.1646 test=0.7257 loss=2.2822 (44s)
  Epoch   7: train=0.1671 test=0.7259 loss=2.2802 (50s)
  Epoch   8: train=0.1703 test=0.7595 loss=2.2783 (56s)
  Epoch   9: train=0.1627 test=0.7070 loss=2.2806 (62s)
  Epoch  10: train=0.1723 test=0.7887 loss=2.2771 (69s)
  Epoch  11: train=0.1667 test=0.7274 loss=2.2802 (75s)
  Epoch  12: train=0.1714 test=0.7774 loss=2.2773 (82s)
  Epoch  13: train=0.1680 test=0.7480 loss=2.2781 (88s)
  Epoch  14: train=0.1709 test=0.7766 loss=2.2775 (94s)
  Epoch  15: train=0.1720 test=0.7940 loss=2.2774 (100s)
  Epoch  16: train=0.1750 test=0.8161 loss=2.2746 (106s)
  Epoch  17: train=0.1715 test=0.7735 loss=2.2775 (113s)
  Epoch  18: train=0.1704 test=0.7561 loss=2.2775 (119s)
  Epoch  19: train=0.1746 test=0.7969 loss=2.2783 (125s)

Done: 125s. Saved to ../results/weight_covariance_v2/subspace_baselines/ours_n90_s43.json
Final: train=0.1746 test=0.7969
=== [31/48] random_subspace_n90_s43 ===
Dataset: standard, Input: 784, Params: 235,146, Mode: random_subspace, Device: cuda
  Epoch  -1: train=0.1020 test=0.1102 loss=2.3085 (0s)
  Epoch   0: train=0.1468 test=0.5479 loss=2.2915 (4s)
  Epoch   1: train=0.1504 test=0.5798 loss=2.2897 (6s)
  Epoch   2: train=0.1484 test=0.5638 loss=2.2896 (8s)
  Epoch   3: train=0.1510 test=0.5743 loss=2.2894 (11s)
  Epoch   4: train=0.1519 test=0.5965 loss=2.2884 (13s)
  Epoch   5: train=0.1492 test=0.5594 loss=2.2890 (16s)
  Epoch   6: train=0.1522 test=0.5676 loss=2.2876 (18s)
  Epoch   7: train=0.1535 test=0.5947 loss=2.2878 (20s)
  Epoch   8: train=0.1504 test=0.5740 loss=2.2891 (22s)
  Epoch   9: train=0.1517 test=0.5837 loss=2.2883 (24s)
  Epoch  10: train=0.1494 test=0.5607 loss=2.2879 (27s)
  Epoch  11: train=0.1498 test=0.5815 loss=2.2878 (29s)
  Epoch  12: train=0.1517 test=0.5698 loss=2.2873 (31s)
  Epoch  13: train=0.1517 test=0.5707 loss=2.2870 (33s)
  Epoch  14: train=0.1498 test=0.5469 loss=2.2883 (36s)
  Epoch  15: train=0.1495 test=0.5589 loss=2.2887 (38s)
  Epoch  16: train=0.1534 test=0.5904 loss=2.2869 (40s)
  Epoch  17: train=0.1530 test=0.5902 loss=2.2878 (42s)
  Epoch  18: train=0.1515 test=0.5760 loss=2.2874 (44s)
  Epoch  19: train=0.1511 test=0.5735 loss=2.2876 (47s)

Done: 47s. Saved to ../results/weight_covariance_v2/subspace_baselines/random_subspace_n90_s43.json
Final: train=0.1511 test=0.5735
=== [32/48] lora_n90_s43 ===
Dataset: standard, Input: 784, Params: 282,094, Mode: lora, Device: cuda
  Epoch  -1: train=0.1056 test=0.1230 loss=2.3055 (0s)
  Epoch   0: train=0.1696 test=0.7696 loss=2.2771 (3s)
  Epoch   1: train=0.1665 test=0.6953 loss=2.2763 (6s)
  Epoch   2: train=0.1718 test=0.7389 loss=2.2718 (8s)
  Epoch   3: train=0.1777 test=0.7752 loss=2.2669 (11s)
  Epoch   4: train=0.1822 test=0.8075 loss=2.2624 (14s)
  Epoch   5: train=0.1830 test=0.7994 loss=2.2568 (17s)
  Epoch   6: train=0.1842 test=0.7694 loss=2.2556 (19s)
  Epoch   7: train=0.1846 test=0.7445 loss=2.2546 (22s)
  Epoch   8: train=0.1890 test=0.7906 loss=2.2434 (25s)
  Epoch   9: train=0.1915 test=0.7677 loss=2.2385 (28s)
  Epoch  10: train=0.1945 test=0.7599 loss=2.2289 (31s)
  Epoch  11: train=0.1962 test=0.7509 loss=2.2285 (34s)
  Epoch  12: train=0.1950 test=0.6956 loss=2.2215 (37s)
  Epoch  13: train=0.2042 test=0.7229 loss=2.2053 (40s)
  Epoch  14: train=0.2070 test=0.6954 loss=2.1973 (43s)
  Epoch  15: train=0.2115 test=0.6733 loss=2.1923 (46s)
  Epoch  16: train=0.2157 test=0.6208 loss=2.1815 (48s)
  Epoch  17: train=0.2223 test=0.6366 loss=2.1658 (51s)
  Epoch  18: train=0.2210 test=0.6145 loss=2.1663 (54s)
  Epoch  19: train=0.2304 test=0.5807 loss=2.1494 (57s)

Done: 57s. Saved to ../results/weight_covariance_v2/subspace_baselines/lora_n90_s43.json
Final: train=0.2304 test=0.5807
=== [33/48] adam_n0_s44 ===
Dataset: standard, Input: 784, Params: 235,146, Mode: adam, Device: cuda
  Epoch  -1: train=0.0857 test=0.0850 loss=2.3218 (0s)
  Epoch   0: train=0.9675 test=0.9613 loss=0.1074 (2s)
  Epoch   1: train=0.9798 test=0.9724 loss=0.0653 (4s)
  Epoch   2: train=0.9859 test=0.9765 loss=0.0441 (6s)
  Epoch   3: train=0.9863 test=0.9743 loss=0.0399 (8s)
  Epoch   4: train=0.9872 test=0.9715 loss=0.0384 (10s)
  Epoch   5: train=0.9925 test=0.9772 loss=0.0220 (12s)
  Epoch   6: train=0.9946 test=0.9833 loss=0.0169 (14s)
  Epoch   7: train=0.9929 test=0.9776 loss=0.0223 (16s)
  Epoch   8: train=0.9943 test=0.9792 loss=0.0164 (18s)
  Epoch   9: train=0.9952 test=0.9794 loss=0.0154 (20s)
  Epoch  10: train=0.9943 test=0.9789 loss=0.0157 (22s)
  Epoch  11: train=0.9948 test=0.9788 loss=0.0151 (24s)
  Epoch  12: train=0.9963 test=0.9810 loss=0.0103 (26s)
  Epoch  13: train=0.9976 test=0.9796 loss=0.0079 (28s)
  Epoch  14: train=0.9887 test=0.9727 loss=0.0400 (31s)
  Epoch  15: train=0.9962 test=0.9798 loss=0.0125 (33s)
  Epoch  16: train=0.9977 test=0.9811 loss=0.0077 (35s)
  Epoch  17: train=0.9963 test=0.9771 loss=0.0124 (37s)
  Epoch  18: train=0.9977 test=0.9813 loss=0.0072 (39s)
  Epoch  19: train=0.9964 test=0.9797 loss=0.0117 (41s)

Done: 41s. Saved to ../results/weight_covariance_v2/subspace_baselines/adam_n0_s44.json
Final: train=0.9964 test=0.9797
=== [34/48] ours_n0_s44 ===
Dataset: standard, Input: 784, Params: 235,146, Mode: ours, Device: cuda
  Epoch  -1: train=0.0857 test=0.0850 loss=2.3218 (0s)
  Epoch   0: train=0.9284 test=0.9302 loss=0.2349 (6s)
  Epoch   1: train=0.9364 test=0.9346 loss=0.2163 (13s)
  Epoch   2: train=0.9441 test=0.9423 loss=0.1855 (19s)
  Epoch   3: train=0.9531 test=0.9535 loss=0.1571 (25s)
  Epoch   4: train=0.9481 test=0.9413 loss=0.1718 (31s)
  Epoch   5: train=0.9572 test=0.9534 loss=0.1419 (38s)
  Epoch   6: train=0.9632 test=0.9590 loss=0.1298 (43s)
  Epoch   7: train=0.9646 test=0.9603 loss=0.1241 (50s)
  Epoch   8: train=0.9599 test=0.9568 loss=0.1359 (56s)
  Epoch   9: train=0.9698 test=0.9660 loss=0.1075 (62s)
  Epoch  10: train=0.9676 test=0.9598 loss=0.1152 (68s)
  Epoch  11: train=0.9718 test=0.9664 loss=0.0999 (75s)
  Epoch  12: train=0.9698 test=0.9623 loss=0.1016 (81s)
  Epoch  13: train=0.9706 test=0.9645 loss=0.1030 (87s)
  Epoch  14: train=0.9743 test=0.9662 loss=0.0920 (93s)
  Epoch  15: train=0.9797 test=0.9711 loss=0.0763 (100s)
  Epoch  16: train=0.9754 test=0.9692 loss=0.0837 (106s)
  Epoch  17: train=0.9767 test=0.9696 loss=0.0815 (112s)
  Epoch  18: train=0.9812 test=0.9719 loss=0.0706 (118s)
  Epoch  19: train=0.9803 test=0.9749 loss=0.0689 (124s)

Done: 124s. Saved to ../results/weight_covariance_v2/subspace_baselines/ours_n0_s44.json
Final: train=0.9803 test=0.9749
=== [35/48] random_subspace_n0_s44 ===
Dataset: standard, Input: 784, Params: 235,146, Mode: random_subspace, Device: cuda
  Epoch  -1: train=0.0857 test=0.0850 loss=2.3218 (0s)
  Epoch   0: train=0.7464 test=0.7515 loss=0.7941 (3s)
  Epoch   1: train=0.7516 test=0.7584 loss=0.7716 (6s)
  Epoch   2: train=0.7577 test=0.7640 loss=0.7593 (8s)
  Epoch   3: train=0.7605 test=0.7621 loss=0.7487 (11s)
  Epoch   4: train=0.7569 test=0.7574 loss=0.7564 (13s)
  Epoch   5: train=0.7589 test=0.7639 loss=0.7448 (16s)
  Epoch   6: train=0.7636 test=0.7636 loss=0.7395 (18s)
  Epoch   7: train=0.7639 test=0.7659 loss=0.7352 (21s)
  Epoch   8: train=0.7664 test=0.7685 loss=0.7336 (23s)
  Epoch   9: train=0.7688 test=0.7731 loss=0.7293 (25s)
  Epoch  10: train=0.7719 test=0.7762 loss=0.7253 (28s)
  Epoch  11: train=0.7728 test=0.7779 loss=0.7152 (30s)
  Epoch  12: train=0.7728 test=0.7778 loss=0.7194 (32s)
  Epoch  13: train=0.7725 test=0.7756 loss=0.7178 (34s)
  Epoch  14: train=0.7724 test=0.7797 loss=0.7146 (37s)
  Epoch  15: train=0.7728 test=0.7794 loss=0.7123 (39s)
  Epoch  16: train=0.7769 test=0.7811 loss=0.7075 (42s)
  Epoch  17: train=0.7746 test=0.7785 loss=0.7079 (44s)
  Epoch  18: train=0.7764 test=0.7800 loss=0.7066 (46s)
  Epoch  19: train=0.7755 test=0.7812 loss=0.7086 (49s)

Done: 49s. Saved to ../results/weight_covariance_v2/subspace_baselines/random_subspace_n0_s44.json
Final: train=0.7755 test=0.7812
=== [36/48] lora_n0_s44 ===
Dataset: standard, Input: 784, Params: 282,094, Mode: lora, Device: cuda
  Epoch  -1: train=0.1213 test=0.1273 loss=2.3041 (0s)
  Epoch   0: train=0.9362 test=0.9338 loss=0.2055 (3s)
  Epoch   1: train=0.9607 test=0.9567 loss=0.1254 (6s)
  Epoch   2: train=0.9663 test=0.9603 loss=0.1077 (9s)
  Epoch   3: train=0.9734 test=0.9636 loss=0.0857 (11s)
  Epoch   4: train=0.9752 test=0.9654 loss=0.0770 (14s)
  Epoch   5: train=0.9813 test=0.9701 loss=0.0581 (17s)
  Epoch   6: train=0.9767 test=0.9678 loss=0.0707 (20s)
  Epoch   7: train=0.9822 test=0.9693 loss=0.0529 (22s)
  Epoch   8: train=0.9866 test=0.9742 loss=0.0408 (25s)
  Epoch   9: train=0.9842 test=0.9711 loss=0.0470 (28s)
  Epoch  10: train=0.9837 test=0.9692 loss=0.0467 (31s)
  Epoch  11: train=0.9870 test=0.9737 loss=0.0415 (34s)
  Epoch  12: train=0.9861 test=0.9721 loss=0.0416 (36s)
  Epoch  13: train=0.9919 test=0.9748 loss=0.0250 (39s)
  Epoch  14: train=0.9924 test=0.9775 loss=0.0230 (42s)
  Epoch  15: train=0.9925 test=0.9763 loss=0.0240 (44s)
  Epoch  16: train=0.9908 test=0.9744 loss=0.0275 (47s)
  Epoch  17: train=0.9929 test=0.9761 loss=0.0205 (50s)
  Epoch  18: train=0.9916 test=0.9744 loss=0.0259 (52s)
  Epoch  19: train=0.9949 test=0.9777 loss=0.0161 (55s)

Done: 55s. Saved to ../results/weight_covariance_v2/subspace_baselines/lora_n0_s44.json
Final: train=0.9949 test=0.9777
=== [37/48] adam_n20_s44 ===
Dataset: standard, Input: 784, Params: 235,146, Mode: adam, Device: cuda
  Epoch  -1: train=0.0875 test=0.0850 loss=2.3201 (0s)
  Epoch   0: train=0.7827 test=0.9535 loss=0.9992 (2s)
  Epoch   1: train=0.7946 test=0.9676 loss=0.9505 (5s)
  Epoch   2: train=0.7990 test=0.9699 loss=0.9188 (7s)
  Epoch   3: train=0.8030 test=0.9723 loss=0.8987 (9s)
  Epoch   4: train=0.8052 test=0.9717 loss=0.8773 (11s)
  Epoch   5: train=0.8068 test=0.9716 loss=0.8657 (14s)
  Epoch   6: train=0.8105 test=0.9717 loss=0.8364 (16s)
  Epoch   7: train=0.8125 test=0.9702 loss=0.8117 (18s)
  Epoch   8: train=0.8134 test=0.9683 loss=0.7894 (20s)
  Epoch   9: train=0.8160 test=0.9676 loss=0.7646 (22s)
  Epoch  10: train=0.8198 test=0.9658 loss=0.7374 (24s)
  Epoch  11: train=0.8228 test=0.9581 loss=0.7135 (26s)
  Epoch  12: train=0.8266 test=0.9620 loss=0.6841 (29s)
  Epoch  13: train=0.8314 test=0.9540 loss=0.6512 (31s)
  Epoch  14: train=0.8355 test=0.9547 loss=0.6281 (33s)
  Epoch  15: train=0.8397 test=0.9462 loss=0.6026 (35s)
  Epoch  16: train=0.8459 test=0.9371 loss=0.5861 (37s)
  Epoch  17: train=0.8511 test=0.9390 loss=0.5554 (39s)
  Epoch  18: train=0.8525 test=0.9384 loss=0.5368 (41s)
  Epoch  19: train=0.8605 test=0.9255 loss=0.5115 (43s)

Done: 43s. Saved to ../results/weight_covariance_v2/subspace_baselines/adam_n20_s44.json
Final: train=0.8605 test=0.9255
=== [38/48] ours_n20_s44 ===
Dataset: standard, Input: 784, Params: 235,146, Mode: ours, Device: cuda
  Epoch  -1: train=0.0875 test=0.0850 loss=2.3201 (0s)
  Epoch   0: train=0.7482 test=0.9127 loss=1.1130 (6s)
  Epoch   1: train=0.7560 test=0.9211 loss=1.1012 (13s)
  Epoch   2: train=0.7600 test=0.9286 loss=1.0762 (19s)
  Epoch   3: train=0.7602 test=0.9331 loss=1.0711 (25s)
  Epoch   4: train=0.7495 test=0.9140 loss=1.0989 (32s)
  Epoch   5: train=0.7635 test=0.9350 loss=1.0600 (38s)
  Epoch   6: train=0.7737 test=0.9460 loss=1.0448 (44s)
  Epoch   7: train=0.7643 test=0.9318 loss=1.0706 (51s)
  Epoch   8: train=0.7663 test=0.9335 loss=1.0735 (57s)
  Epoch   9: train=0.7722 test=0.9431 loss=1.0396 (63s)
  Epoch  10: train=0.7699 test=0.9416 loss=1.0605 (70s)
  Epoch  11: train=0.7778 test=0.9482 loss=1.0249 (76s)
  Epoch  12: train=0.7712 test=0.9377 loss=1.0381 (82s)
  Epoch  13: train=0.7735 test=0.9427 loss=1.0376 (89s)
  Epoch  14: train=0.7780 test=0.9511 loss=1.0235 (95s)
  Epoch  15: train=0.7755 test=0.9473 loss=1.0320 (102s)
  Epoch  16: train=0.7774 test=0.9481 loss=1.0246 (108s)
  Epoch  17: train=0.7792 test=0.9536 loss=1.0250 (115s)
  Epoch  18: train=0.7763 test=0.9440 loss=1.0312 (121s)
  Epoch  19: train=0.7774 test=0.9479 loss=1.0250 (127s)

Done: 127s. Saved to ../results/weight_covariance_v2/subspace_baselines/ours_n20_s44.json
Final: train=0.7774 test=0.9479
=== [39/48] random_subspace_n20_s44 ===
Dataset: standard, Input: 784, Params: 235,146, Mode: random_subspace, Device: cuda
  Epoch  -1: train=0.0875 test=0.0850 loss=2.3201 (0s)
  Epoch   0: train=0.6052 test=0.7330 loss=1.4509 (4s)
  Epoch   1: train=0.6150 test=0.7480 loss=1.4269 (6s)
  Epoch   2: train=0.6216 test=0.7597 loss=1.4186 (8s)
  Epoch   3: train=0.6232 test=0.7618 loss=1.4153 (11s)
  Epoch   4: train=0.6233 test=0.7663 loss=1.4138 (13s)
  Epoch   5: train=0.6256 test=0.7696 loss=1.4110 (16s)
  Epoch   6: train=0.6298 test=0.7722 loss=1.4043 (18s)
  Epoch   7: train=0.6291 test=0.7748 loss=1.4027 (20s)
  Epoch   8: train=0.6329 test=0.7782 loss=1.4018 (23s)
  Epoch   9: train=0.6314 test=0.7777 loss=1.4049 (25s)
  Epoch  10: train=0.6293 test=0.7751 loss=1.4034 (27s)
  Epoch  11: train=0.6339 test=0.7805 loss=1.4048 (29s)
  Epoch  12: train=0.6312 test=0.7806 loss=1.4026 (32s)
  Epoch  13: train=0.6317 test=0.7775 loss=1.4011 (34s)
  Epoch  14: train=0.6333 test=0.7772 loss=1.4015 (36s)
  Epoch  15: train=0.6345 test=0.7812 loss=1.3998 (39s)
  Epoch  16: train=0.6315 test=0.7747 loss=1.4045 (41s)
  Epoch  17: train=0.6341 test=0.7787 loss=1.3993 (44s)
  Epoch  18: train=0.6332 test=0.7744 loss=1.4005 (46s)
  Epoch  19: train=0.6355 test=0.7782 loss=1.3967 (48s)

Done: 48s. Saved to ../results/weight_covariance_v2/subspace_baselines/random_subspace_n20_s44.json
Final: train=0.6355 test=0.7782
=== [40/48] lora_n20_s44 ===
Dataset: standard, Input: 784, Params: 282,094, Mode: lora, Device: cuda
  Epoch  -1: train=0.1176 test=0.1273 loss=2.3042 (0s)
  Epoch   0: train=0.7626 test=0.9331 loss=1.0506 (3s)
  Epoch   1: train=0.7753 test=0.9466 loss=1.0086 (6s)
  Epoch   2: train=0.7829 test=0.9538 loss=0.9812 (9s)
  Epoch   3: train=0.7867 test=0.9550 loss=0.9678 (12s)
  Epoch   4: train=0.7902 test=0.9602 loss=0.9555 (15s)
  Epoch   5: train=0.7949 test=0.9624 loss=0.9421 (17s)
  Epoch   6: train=0.7981 test=0.9656 loss=0.9221 (20s)
  Epoch   7: train=0.7975 test=0.9650 loss=0.9195 (23s)
  Epoch   8: train=0.7974 test=0.9646 loss=0.9195 (26s)
  Epoch   9: train=0.8023 test=0.9691 loss=0.9099 (29s)
  Epoch  10: train=0.8009 test=0.9683 loss=0.9053 (32s)
  Epoch  11: train=0.8014 test=0.9652 loss=0.9024 (35s)
  Epoch  12: train=0.8033 test=0.9673 loss=0.8841 (37s)
  Epoch  13: train=0.8043 test=0.9641 loss=0.8797 (40s)
  Epoch  14: train=0.8048 test=0.9678 loss=0.8707 (44s)
  Epoch  15: train=0.8041 test=0.9656 loss=0.8741 (46s)
  Epoch  16: train=0.8056 test=0.9667 loss=0.8628 (49s)
  Epoch  17: train=0.8064 test=0.9669 loss=0.8575 (52s)
  Epoch  18: train=0.8082 test=0.9671 loss=0.8456 (55s)
  Epoch  19: train=0.8083 test=0.9683 loss=0.8427 (57s)

Done: 57s. Saved to ../results/weight_covariance_v2/subspace_baselines/lora_n20_s44.json
Final: train=0.8083 test=0.9683
=== [41/48] adam_n40_s44 ===
Dataset: standard, Input: 784, Params: 235,146, Mode: adam, Device: cuda
  Epoch  -1: train=0.0889 test=0.0850 loss=2.3181 (0s)
  Epoch   0: train=0.6051 test=0.9392 loss=1.5401 (3s)
  Epoch   1: train=0.6123 test=0.9487 loss=1.5135 (4s)
  Epoch   2: train=0.6201 test=0.9613 loss=1.4850 (6s)
  Epoch   3: train=0.6218 test=0.9610 loss=1.4701 (9s)
  Epoch   4: train=0.6241 test=0.9640 loss=1.4509 (11s)
  Epoch   5: train=0.6271 test=0.9653 loss=1.4241 (13s)
  Epoch   6: train=0.6303 test=0.9659 loss=1.3985 (15s)
  Epoch   7: train=0.6321 test=0.9631 loss=1.3795 (18s)
  Epoch   8: train=0.6355 test=0.9620 loss=1.3516 (20s)
  Epoch   9: train=0.6376 test=0.9568 loss=1.3256 (22s)
  Epoch  10: train=0.6418 test=0.9515 loss=1.2981 (24s)
  Epoch  11: train=0.6477 test=0.9429 loss=1.2686 (26s)
  Epoch  12: train=0.6496 test=0.9417 loss=1.2488 (28s)
  Epoch  13: train=0.6558 test=0.9337 loss=1.2134 (31s)
  Epoch  14: train=0.6615 test=0.9278 loss=1.1794 (33s)
  Epoch  15: train=0.6692 test=0.9188 loss=1.1435 (35s)
  Epoch  16: train=0.6760 test=0.9040 loss=1.1286 (37s)
  Epoch  17: train=0.6794 test=0.9057 loss=1.0934 (39s)
  Epoch  18: train=0.6879 test=0.8973 loss=1.0603 (41s)
  Epoch  19: train=0.6939 test=0.8787 loss=1.0366 (43s)

Done: 43s. Saved to ../results/weight_covariance_v2/subspace_baselines/adam_n40_s44.json
Final: train=0.6939 test=0.8787
=== [42/48] ours_n40_s44 ===
Dataset: standard, Input: 784, Params: 235,146, Mode: ours, Device: cuda
  Epoch  -1: train=0.0889 test=0.0850 loss=2.3181 (0s)
  Epoch   0: train=0.5558 test=0.8595 loss=1.6658 (6s)
  Epoch   1: train=0.5736 test=0.8949 loss=1.6211 (13s)
  Epoch   2: train=0.5876 test=0.9162 loss=1.6028 (19s)
  Epoch   3: train=0.5836 test=0.9137 loss=1.6105 (25s)
  Epoch   4: train=0.5777 test=0.9023 loss=1.6177 (31s)
  Epoch   5: train=0.5912 test=0.9283 loss=1.5824 (38s)
  Epoch   6: train=0.5934 test=0.9271 loss=1.5820 (44s)
  Epoch   7: train=0.5819 test=0.9074 loss=1.6095 (50s)
  Epoch   8: train=0.5917 test=0.9197 loss=1.5876 (56s)
  Epoch   9: train=0.5949 test=0.9262 loss=1.5786 (62s)
  Epoch  10: train=0.5955 test=0.9296 loss=1.5808 (68s)
  Epoch  11: train=0.5982 test=0.9333 loss=1.5789 (75s)
  Epoch  12: train=0.5928 test=0.9246 loss=1.5911 (81s)
  Epoch  13: train=0.5930 test=0.9241 loss=1.5792 (87s)
  Epoch  14: train=0.6001 test=0.9391 loss=1.5632 (93s)
  Epoch  15: train=0.6004 test=0.9344 loss=1.5709 (99s)
  Epoch  16: train=0.5987 test=0.9346 loss=1.5743 (105s)
  Epoch  17: train=0.5971 test=0.9307 loss=1.5767 (112s)
  Epoch  18: train=0.5960 test=0.9286 loss=1.5792 (118s)
  Epoch  19: train=0.6000 test=0.9371 loss=1.5643 (124s)

Done: 124s. Saved to ../results/weight_covariance_v2/subspace_baselines/ours_n40_s44.json
Final: train=0.6000 test=0.9371
=== [43/48] random_subspace_n40_s44 ===
Dataset: standard, Input: 784, Params: 235,146, Mode: random_subspace, Device: cuda
  Epoch  -1: train=0.0889 test=0.0850 loss=2.3181 (0s)
  Epoch   0: train=0.4571 test=0.7035 loss=1.8531 (3s)
  Epoch   1: train=0.4653 test=0.7278 loss=1.8416 (6s)
  Epoch   2: train=0.4694 test=0.7337 loss=1.8348 (8s)
  Epoch   3: train=0.4738 test=0.7381 loss=1.8321 (10s)
  Epoch   4: train=0.4759 test=0.7353 loss=1.8298 (13s)
  Epoch   5: train=0.4794 test=0.7438 loss=1.8267 (15s)
  Epoch   6: train=0.4834 test=0.7450 loss=1.8227 (17s)
  Epoch   7: train=0.4832 test=0.7461 loss=1.8221 (19s)
  Epoch   8: train=0.4814 test=0.7466 loss=1.8198 (22s)
  Epoch   9: train=0.4847 test=0.7489 loss=1.8186 (24s)
  Epoch  10: train=0.4841 test=0.7490 loss=1.8196 (27s)
  Epoch  11: train=0.4884 test=0.7550 loss=1.8138 (29s)
  Epoch  12: train=0.4880 test=0.7540 loss=1.8109 (32s)
  Epoch  13: train=0.4885 test=0.7531 loss=1.8085 (34s)
  Epoch  14: train=0.4920 test=0.7578 loss=1.8072 (36s)
  Epoch  15: train=0.4912 test=0.7619 loss=1.8057 (39s)
  Epoch  16: train=0.4899 test=0.7555 loss=1.8075 (41s)
  Epoch  17: train=0.4915 test=0.7606 loss=1.8054 (43s)
  Epoch  18: train=0.4880 test=0.7560 loss=1.8093 (45s)
  Epoch  19: train=0.4897 test=0.7537 loss=1.8059 (47s)

Done: 47s. Saved to ../results/weight_covariance_v2/subspace_baselines/random_subspace_n40_s44.json
Final: train=0.4897 test=0.7537
=== [44/48] lora_n40_s44 ===
Dataset: standard, Input: 784, Params: 282,094, Mode: lora, Device: cuda
  Epoch  -1: train=0.1127 test=0.1273 loss=2.3041 (0s)
  Epoch   0: train=0.5919 test=0.9217 loss=1.5809 (3s)
  Epoch   1: train=0.6010 test=0.9359 loss=1.5512 (6s)
  Epoch   2: train=0.6065 test=0.9440 loss=1.5311 (9s)
  Epoch   3: train=0.6075 test=0.9437 loss=1.5225 (12s)
  Epoch   4: train=0.6110 test=0.9440 loss=1.5091 (15s)
  Epoch   5: train=0.6139 test=0.9519 loss=1.5114 (18s)
  Epoch   6: train=0.6167 test=0.9546 loss=1.4936 (21s)
  Epoch   7: train=0.6187 test=0.9582 loss=1.4893 (24s)
  Epoch   8: train=0.6171 test=0.9562 loss=1.4744 (27s)
  Epoch   9: train=0.6213 test=0.9573 loss=1.4786 (30s)
  Epoch  10: train=0.6214 test=0.9585 loss=1.4593 (33s)
  Epoch  11: train=0.6233 test=0.9600 loss=1.4592 (36s)
  Epoch  12: train=0.6239 test=0.9579 loss=1.4412 (38s)
  Epoch  13: train=0.6248 test=0.9599 loss=1.4429 (41s)
  Epoch  14: train=0.6248 test=0.9555 loss=1.4374 (44s)
  Epoch  15: train=0.6235 test=0.9531 loss=1.4384 (47s)
  Epoch  16: train=0.6265 test=0.9547 loss=1.4180 (49s)
  Epoch  17: train=0.6278 test=0.9581 loss=1.4125 (52s)
  Epoch  18: train=0.6290 test=0.9589 loss=1.4005 (55s)
  Epoch  19: train=0.6290 test=0.9558 loss=1.3920 (58s)

Done: 58s. Saved to ../results/weight_covariance_v2/subspace_baselines/lora_n40_s44.json
Final: train=0.6290 test=0.9558
=== [45/48] adam_n90_s44 ===
Dataset: standard, Input: 784, Params: 235,146, Mode: adam, Device: cuda
  Epoch  -1: train=0.0968 test=0.0850 loss=2.3134 (0s)
  Epoch   0: train=0.1666 test=0.7282 loss=2.2788 (2s)
  Epoch   1: train=0.1780 test=0.8291 loss=2.2716 (5s)
  Epoch   2: train=0.1792 test=0.8285 loss=2.2691 (7s)
  Epoch   3: train=0.1814 test=0.8424 loss=2.2636 (9s)
  Epoch   4: train=0.1852 test=0.8214 loss=2.2581 (11s)
  Epoch   5: train=0.1862 test=0.8108 loss=2.2511 (13s)
  Epoch   6: train=0.1938 test=0.8128 loss=2.2417 (15s)
  Epoch   7: train=0.1941 test=0.8051 loss=2.2345 (17s)
  Epoch   8: train=0.2012 test=0.7759 loss=2.2214 (19s)
  Epoch   9: train=0.2057 test=0.7621 loss=2.2108 (21s)
  Epoch  10: train=0.2090 test=0.7631 loss=2.1979 (23s)
  Epoch  11: train=0.2135 test=0.6937 loss=2.1867 (25s)
  Epoch  12: train=0.2233 test=0.6602 loss=2.1633 (27s)
  Epoch  13: train=0.2262 test=0.6494 loss=2.1543 (29s)
  Epoch  14: train=0.2311 test=0.6822 loss=2.1398 (31s)
  Epoch  15: train=0.2414 test=0.6003 loss=2.1193 (33s)
  Epoch  16: train=0.2461 test=0.5702 loss=2.1053 (35s)
  Epoch  17: train=0.2527 test=0.5548 loss=2.0888 (37s)
  Epoch  18: train=0.2582 test=0.5613 loss=2.0746 (39s)
  Epoch  19: train=0.2698 test=0.5651 loss=2.0475 (41s)

Done: 41s. Saved to ../results/weight_covariance_v2/subspace_baselines/adam_n90_s44.json
Final: train=0.2698 test=0.5651
=== [46/48] ours_n90_s44 ===
Dataset: standard, Input: 784, Params: 235,146, Mode: ours, Device: cuda
  Epoch  -1: train=0.0968 test=0.0850 loss=2.3134 (0s)
  Epoch   0: train=0.1380 test=0.4604 loss=2.2966 (6s)
  Epoch   1: train=0.1575 test=0.6520 loss=2.2870 (13s)
  Epoch   2: train=0.1585 test=0.6632 loss=2.2841 (19s)
  Epoch   3: train=0.1582 test=0.6649 loss=2.2827 (25s)
  Epoch   4: train=0.1520 test=0.5870 loss=2.2861 (31s)
  Epoch   5: train=0.1605 test=0.6765 loss=2.2834 (38s)
  Epoch   6: train=0.1632 test=0.7026 loss=2.2840 (44s)
  Epoch   7: train=0.1607 test=0.6810 loss=2.2819 (50s)
  Epoch   8: train=0.1612 test=0.6677 loss=2.2823 (56s)
  Epoch   9: train=0.1661 test=0.7251 loss=2.2807 (62s)
  Epoch  10: train=0.1706 test=0.7634 loss=2.2798 (68s)
  Epoch  11: train=0.1693 test=0.7841 loss=2.2777 (74s)
  Epoch  12: train=0.1722 test=0.8058 loss=2.2775 (81s)
  Epoch  13: train=0.1660 test=0.7458 loss=2.2792 (87s)
  Epoch  14: train=0.1681 test=0.7608 loss=2.2784 (93s)
  Epoch  15: train=0.1736 test=0.8182 loss=2.2759 (99s)
  Epoch  16: train=0.1704 test=0.7721 loss=2.2776 (105s)
  Epoch  17: train=0.1750 test=0.8169 loss=2.2746 (112s)
  Epoch  18: train=0.1719 test=0.7964 loss=2.2759 (118s)
  Epoch  19: train=0.1753 test=0.8189 loss=2.2737 (124s)

Done: 124s. Saved to ../results/weight_covariance_v2/subspace_baselines/ours_n90_s44.json
Final: train=0.1753 test=0.8189
=== [47/48] random_subspace_n90_s44 ===
Dataset: standard, Input: 784, Params: 235,146, Mode: random_subspace, Device: cuda
  Epoch  -1: train=0.0968 test=0.0850 loss=2.3134 (0s)
  Epoch   0: train=0.1438 test=0.5078 loss=2.2915 (4s)
  Epoch   1: train=0.1483 test=0.5346 loss=2.2905 (6s)
  Epoch   2: train=0.1505 test=0.5723 loss=2.2898 (8s)
  Epoch   3: train=0.1495 test=0.5434 loss=2.2908 (11s)
  Epoch   4: train=0.1510 test=0.5569 loss=2.2894 (13s)
  Epoch   5: train=0.1486 test=0.5281 loss=2.2907 (15s)
  Epoch   6: train=0.1532 test=0.5874 loss=2.2887 (17s)
  Epoch   7: train=0.1517 test=0.5801 loss=2.2888 (20s)
  Epoch   8: train=0.1518 test=0.5965 loss=2.2886 (23s)
  Epoch   9: train=0.1516 test=0.5765 loss=2.2887 (25s)
  Epoch  10: train=0.1499 test=0.5626 loss=2.2894 (27s)
  Epoch  11: train=0.1534 test=0.5790 loss=2.2891 (29s)
  Epoch  12: train=0.1474 test=0.5360 loss=2.2894 (32s)
  Epoch  13: train=0.1514 test=0.5757 loss=2.2887 (34s)
  Epoch  14: train=0.1543 test=0.6050 loss=2.2883 (37s)
  Epoch  15: train=0.1511 test=0.5694 loss=2.2885 (39s)
  Epoch  16: train=0.1519 test=0.5686 loss=2.2890 (41s)
  Epoch  17: train=0.1528 test=0.5681 loss=2.2888 (44s)
  Epoch  18: train=0.1499 test=0.5705 loss=2.2889 (46s)
  Epoch  19: train=0.1535 test=0.5930 loss=2.2879 (49s)

Done: 49s. Saved to ../results/weight_covariance_v2/subspace_baselines/random_subspace_n90_s44.json
Final: train=0.1535 test=0.5930
=== [48/48] lora_n90_s44 ===
Dataset: standard, Input: 784, Params: 282,094, Mode: lora, Device: cuda
  Epoch  -1: train=0.1039 test=0.1273 loss=2.3045 (0s)
  Epoch   0: train=0.1606 test=0.6620 loss=2.2818 (3s)
  Epoch   1: train=0.1668 test=0.6999 loss=2.2760 (6s)
  Epoch   2: train=0.1708 test=0.7540 loss=2.2733 (8s)
  Epoch   3: train=0.1787 test=0.7994 loss=2.2657 (11s)
  Epoch   4: train=0.1811 test=0.7961 loss=2.2618 (14s)
  Epoch   5: train=0.1831 test=0.8127 loss=2.2579 (17s)
  Epoch   6: train=0.1860 test=0.8075 loss=2.2539 (20s)
  Epoch   7: train=0.1852 test=0.7861 loss=2.2481 (23s)
  Epoch   8: train=0.1882 test=0.7946 loss=2.2454 (26s)
  Epoch   9: train=0.1907 test=0.7882 loss=2.2366 (28s)
  Epoch  10: train=0.1943 test=0.7668 loss=2.2292 (31s)
  Epoch  11: train=0.1947 test=0.7469 loss=2.2258 (34s)
  Epoch  12: train=0.1986 test=0.7628 loss=2.2165 (37s)
  Epoch  13: train=0.2030 test=0.7300 loss=2.2097 (39s)
  Epoch  14: train=0.2089 test=0.6934 loss=2.1979 (42s)
  Epoch  15: train=0.2089 test=0.6601 loss=2.1904 (45s)
  Epoch  16: train=0.2128 test=0.6675 loss=2.1816 (47s)
  Epoch  17: train=0.2189 test=0.6046 loss=2.1767 (50s)
  Epoch  18: train=0.2250 test=0.6216 loss=2.1561 (53s)
  Epoch  19: train=0.2245 test=0.5697 loss=2.1563 (56s)

Done: 56s. Saved to ../results/weight_covariance_v2/subspace_baselines/lora_n90_s44.json
Final: train=0.2245 test=0.5697
=== ALL SUBSPACE BASELINE RUNS COMPLETE ===
