=== [1/5] adamw baseline (wd=1.0) ===
Device: cuda
Train: 3830, Test: 8939, Params: 227,313
Optimizer: adamw, kind=plain
  ep      0: train_loss=4.8838 train_acc=0.0115 test_acc=0.0078 [0s]
  ep    500: train_loss=0.0112 train_acc=1.0000 test_acc=0.0010 [2s]
  ep   1000: train_loss=0.1173 train_acc=1.0000 test_acc=0.0003 [4s]
  ep   1500: train_loss=0.3784 train_acc=0.9883 test_acc=0.0003 [5s]
  ep   2000: train_loss=0.0323 train_acc=1.0000 test_acc=0.0018 [7s]
  ep   2500: train_loss=0.0207 train_acc=1.0000 test_acc=0.0053 [9s]
  ep   3000: train_loss=0.0039 train_acc=1.0000 test_acc=0.0435 [10s]
  ep   3500: train_loss=0.0027 train_acc=1.0000 test_acc=0.4959 [12s]
  ep   4000: train_loss=0.0125 train_acc=1.0000 test_acc=0.9980 [14s]
  ep   4500: train_loss=0.0051 train_acc=1.0000 test_acc=1.0000 [15s]
  ep   5000: train_loss=0.0076 train_acc=1.0000 test_acc=1.0000 [17s]
  ep   5500: train_loss=0.0049 train_acc=1.0000 test_acc=1.0000 [19s]
  ep   6000: train_loss=0.0034 train_acc=1.0000 test_acc=1.0000 [20s]
  ep   6500: train_loss=0.0048 train_acc=1.0000 test_acc=1.0000 [22s]
  ep   7000: train_loss=0.0039 train_acc=1.0000 test_acc=1.0000 [24s]
  ep   7500: train_loss=0.1254 train_acc=0.9885 test_acc=0.9729 [25s]
  ep   8000: train_loss=0.0084 train_acc=1.0000 test_acc=1.0000 [27s]
  ep   8500: train_loss=0.0110 train_acc=1.0000 test_acc=1.0000 [29s]
  ep   9000: train_loss=0.0078 train_acc=1.0000 test_acc=1.0000 [30s]
  ep   9500: train_loss=0.0072 train_acc=1.0000 test_acc=1.0000 [32s]
  ep  10000: train_loss=0.0087 train_acc=1.0000 test_acc=1.0000 [34s]
  ep  10500: train_loss=0.0082 train_acc=1.0000 test_acc=1.0000 [35s]
  ep  11000: train_loss=0.0092 train_acc=1.0000 test_acc=1.0000 [37s]
  ep  11500: train_loss=0.0075 train_acc=1.0000 test_acc=1.0000 [39s]
  ep  12000: train_loss=0.0106 train_acc=1.0000 test_acc=1.0000 [41s]
  ep  12500: train_loss=0.0139 train_acc=1.0000 test_acc=1.0000 [42s]
  ep  13000: train_loss=0.0059 train_acc=1.0000 test_acc=1.0000 [44s]
  ep  13500: train_loss=0.0147 train_acc=1.0000 test_acc=1.0000 [46s]
  ep  14000: train_loss=0.0149 train_acc=1.0000 test_acc=1.0000 [47s]
  ep  14500: train_loss=0.0143 train_acc=1.0000 test_acc=1.0000 [49s]
  ep  15000: train_loss=0.0265 train_acc=1.0000 test_acc=1.0000 [51s]
  ep  15500: train_loss=0.0152 train_acc=1.0000 test_acc=1.0000 [52s]
  ep  16000: train_loss=0.0161 train_acc=1.0000 test_acc=1.0000 [54s]
  ep  16500: train_loss=0.0492 train_acc=0.9997 test_acc=0.9988 [56s]
  ep  17000: train_loss=0.0085 train_acc=1.0000 test_acc=1.0000 [57s]
  ep  17500: train_loss=0.0083 train_acc=1.0000 test_acc=1.0000 [59s]
  ep  18000: train_loss=0.1071 train_acc=0.9995 test_acc=0.9959 [61s]
  ep  18500: train_loss=0.0064 train_acc=1.0000 test_acc=1.0000 [63s]
  ep  19000: train_loss=0.0116 train_acc=1.0000 test_acc=1.0000 [64s]
  ep  19500: train_loss=0.0119 train_acc=1.0000 test_acc=1.0000 [66s]
  ep  20000: train_loss=0.0156 train_acc=1.0000 test_acc=1.0000 [68s]
  ep  20500: train_loss=0.0125 train_acc=1.0000 test_acc=1.0000 [70s]
  ep  21000: train_loss=0.0128 train_acc=1.0000 test_acc=1.0000 [71s]
  ep  21500: train_loss=0.0150 train_acc=1.0000 test_acc=1.0000 [73s]
  ep  22000: train_loss=0.0072 train_acc=1.0000 test_acc=1.0000 [75s]
  ep  22500: train_loss=0.0423 train_acc=1.0000 test_acc=0.9991 [76s]
  ep  23000: train_loss=0.0105 train_acc=1.0000 test_acc=1.0000 [78s]
  ep  23500: train_loss=0.0132 train_acc=1.0000 test_acc=1.0000 [80s]
  ep  24000: train_loss=0.0124 train_acc=1.0000 test_acc=1.0000 [82s]
  ep  24500: train_loss=0.0181 train_acc=1.0000 test_acc=1.0000 [83s]
  ep  25000: train_loss=0.0136 train_acc=1.0000 test_acc=1.0000 [85s]
  ep  25500: train_loss=0.5524 train_acc=0.8668 test_acc=0.8401 [87s]
  ep  26000: train_loss=0.0085 train_acc=1.0000 test_acc=1.0000 [88s]
  ep  26500: train_loss=0.0160 train_acc=1.0000 test_acc=1.0000 [90s]
  ep  27000: train_loss=0.0156 train_acc=1.0000 test_acc=1.0000 [92s]
  ep  27500: train_loss=0.0249 train_acc=1.0000 test_acc=1.0000 [93s]
  ep  28000: train_loss=0.0228 train_acc=1.0000 test_acc=1.0000 [95s]
  ep  28500: train_loss=0.0250 train_acc=1.0000 test_acc=1.0000 [97s]
  ep  29000: train_loss=0.0096 train_acc=1.0000 test_acc=1.0000 [99s]
  ep  29500: train_loss=0.0116 train_acc=1.0000 test_acc=1.0000 [100s]
  ep  30000: train_loss=0.0154 train_acc=1.0000 test_acc=1.0000 [102s]
  ep  30500: train_loss=0.0159 train_acc=1.0000 test_acc=1.0000 [104s]
  ep  31000: train_loss=0.0395 train_acc=1.0000 test_acc=0.9994 [106s]
  ep  31500: train_loss=0.0086 train_acc=1.0000 test_acc=1.0000 [107s]
  ep  32000: train_loss=0.0149 train_acc=1.0000 test_acc=1.0000 [109s]
  ep  32500: train_loss=0.0181 train_acc=1.0000 test_acc=1.0000 [111s]
  ep  33000: train_loss=0.0067 train_acc=1.0000 test_acc=1.0000 [112s]
  ep  33500: train_loss=0.0145 train_acc=1.0000 test_acc=1.0000 [114s]
  ep  34000: train_loss=0.0166 train_acc=1.0000 test_acc=1.0000 [116s]
  ep  34500: train_loss=0.0173 train_acc=1.0000 test_acc=1.0000 [118s]
  ep  35000: train_loss=0.0382 train_acc=1.0000 test_acc=0.9999 [119s]
  ep  35500: train_loss=0.0945 train_acc=0.9995 test_acc=0.9973 [121s]
  ep  36000: train_loss=0.0091 train_acc=1.0000 test_acc=1.0000 [123s]
  ep  36500: train_loss=0.0086 train_acc=1.0000 test_acc=1.0000 [125s]
  ep  37000: train_loss=0.0118 train_acc=1.0000 test_acc=1.0000 [126s]
  ep  37500: train_loss=0.0137 train_acc=1.0000 test_acc=1.0000 [128s]
  ep  38000: train_loss=0.0161 train_acc=1.0000 test_acc=1.0000 [130s]
  ep  38500: train_loss=0.0126 train_acc=1.0000 test_acc=1.0000 [131s]
  ep  39000: train_loss=0.0180 train_acc=1.0000 test_acc=1.0000 [133s]
  ep  39500: train_loss=0.0353 train_acc=1.0000 test_acc=1.0000 [135s]

Done: adamw — 137s total
  Final: train_acc=1.0000 test_acc=1.0000
  Results: ../results/grokking_v2/adamw_baseline/metrics.json
=== [2/5] adam control (no wd) ===
Device: cuda
Train: 3830, Test: 8939, Params: 227,313
Optimizer: adam, kind=plain
  ep      0: train_loss=4.8838 train_acc=0.0115 test_acc=0.0078 [0s]
  ep    500: train_loss=0.0003 train_acc=1.0000 test_acc=0.0009 [2s]
  ep   1000: train_loss=0.0000 train_acc=1.0000 test_acc=0.0016 [4s]
  ep   1500: train_loss=0.0000 train_acc=1.0000 test_acc=0.0019 [5s]
  ep   2000: train_loss=0.0000 train_acc=1.0000 test_acc=0.0021 [7s]
  ep   2500: train_loss=0.0000 train_acc=1.0000 test_acc=0.0022 [9s]
  ep   3000: train_loss=0.0000 train_acc=1.0000 test_acc=0.0022 [11s]
  ep   3500: train_loss=0.0000 train_acc=1.0000 test_acc=0.0023 [12s]
  ep   4000: train_loss=0.0000 train_acc=1.0000 test_acc=0.0023 [14s]
  ep   4500: train_loss=0.0000 train_acc=1.0000 test_acc=0.0025 [16s]
  ep   5000: train_loss=0.0000 train_acc=1.0000 test_acc=0.0028 [17s]
  ep   5500: train_loss=0.0000 train_acc=1.0000 test_acc=0.0028 [19s]
  ep   6000: train_loss=0.0000 train_acc=1.0000 test_acc=0.0031 [21s]
  ep   6500: train_loss=0.0000 train_acc=1.0000 test_acc=0.0031 [22s]
  ep   7000: train_loss=0.0000 train_acc=1.0000 test_acc=0.0029 [24s]
  ep   7500: train_loss=0.0000 train_acc=1.0000 test_acc=0.0031 [26s]
  ep   8000: train_loss=0.0000 train_acc=1.0000 test_acc=0.0030 [28s]
  ep   8500: train_loss=0.0000 train_acc=1.0000 test_acc=0.0031 [29s]
  ep   9000: train_loss=0.0000 train_acc=1.0000 test_acc=0.0032 [31s]
  ep   9500: train_loss=0.0000 train_acc=1.0000 test_acc=0.0032 [33s]
  ep  10000: train_loss=0.0000 train_acc=1.0000 test_acc=0.0034 [34s]
  ep  10500: train_loss=0.0000 train_acc=1.0000 test_acc=0.0034 [36s]
  ep  11000: train_loss=0.0000 train_acc=1.0000 test_acc=0.0032 [38s]
  ep  11500: train_loss=0.0000 train_acc=1.0000 test_acc=0.0037 [40s]
  ep  12000: train_loss=0.0000 train_acc=1.0000 test_acc=0.0038 [41s]
  ep  12500: train_loss=0.0000 train_acc=1.0000 test_acc=0.0037 [43s]
  ep  13000: train_loss=0.0000 train_acc=1.0000 test_acc=0.0037 [45s]
  ep  13500: train_loss=0.0000 train_acc=1.0000 test_acc=0.0038 [46s]
  ep  14000: train_loss=0.0000 train_acc=1.0000 test_acc=0.0039 [48s]
  ep  14500: train_loss=0.0000 train_acc=1.0000 test_acc=0.0044 [50s]
  ep  15000: train_loss=0.0000 train_acc=1.0000 test_acc=0.0045 [52s]
  ep  15500: train_loss=0.0000 train_acc=1.0000 test_acc=0.0044 [53s]
  ep  16000: train_loss=0.0000 train_acc=1.0000 test_acc=0.0043 [55s]
  ep  16500: train_loss=0.0000 train_acc=1.0000 test_acc=0.0040 [57s]
  ep  17000: train_loss=0.0000 train_acc=1.0000 test_acc=0.0039 [58s]
  ep  17500: train_loss=0.0000 train_acc=1.0000 test_acc=0.0040 [60s]
  ep  18000: train_loss=0.0000 train_acc=1.0000 test_acc=0.0041 [62s]
  ep  18500: train_loss=0.0000 train_acc=1.0000 test_acc=0.0038 [63s]
  ep  19000: train_loss=0.0000 train_acc=1.0000 test_acc=0.0039 [65s]
  ep  19500: train_loss=0.0000 train_acc=1.0000 test_acc=0.0036 [67s]
  ep  20000: train_loss=0.0000 train_acc=1.0000 test_acc=0.0037 [68s]
  ep  20500: train_loss=0.0000 train_acc=1.0000 test_acc=0.0037 [70s]
  ep  21000: train_loss=0.0000 train_acc=1.0000 test_acc=0.0038 [72s]
  ep  21500: train_loss=0.0000 train_acc=1.0000 test_acc=0.0038 [74s]
  ep  22000: train_loss=0.0000 train_acc=1.0000 test_acc=0.0037 [75s]
  ep  22500: train_loss=0.0000 train_acc=1.0000 test_acc=0.0038 [77s]
  ep  23000: train_loss=0.0000 train_acc=1.0000 test_acc=0.0038 [79s]
  ep  23500: train_loss=0.0000 train_acc=1.0000 test_acc=0.0036 [80s]
  ep  24000: train_loss=0.0000 train_acc=1.0000 test_acc=0.0036 [82s]
  ep  24500: train_loss=0.0000 train_acc=1.0000 test_acc=0.0037 [84s]
  ep  25000: train_loss=0.0000 train_acc=1.0000 test_acc=0.0038 [85s]
  ep  25500: train_loss=0.0000 train_acc=1.0000 test_acc=0.0038 [87s]
  ep  26000: train_loss=0.0000 train_acc=1.0000 test_acc=0.0034 [89s]
  ep  26500: train_loss=0.0000 train_acc=1.0000 test_acc=0.0037 [91s]
  ep  27000: train_loss=0.0000 train_acc=1.0000 test_acc=0.0035 [92s]
  ep  27500: train_loss=0.0000 train_acc=1.0000 test_acc=0.0034 [94s]
  ep  28000: train_loss=0.0000 train_acc=1.0000 test_acc=0.0037 [96s]
  ep  28500: train_loss=0.0000 train_acc=1.0000 test_acc=0.0034 [97s]
  ep  29000: train_loss=0.0000 train_acc=1.0000 test_acc=0.0035 [99s]
  ep  29500: train_loss=0.0000 train_acc=1.0000 test_acc=0.0034 [101s]
  ep  30000: train_loss=0.0000 train_acc=1.0000 test_acc=0.0035 [102s]
  ep  30500: train_loss=0.0000 train_acc=1.0000 test_acc=0.0031 [104s]
  ep  31000: train_loss=0.0000 train_acc=1.0000 test_acc=0.0035 [106s]
  ep  31500: train_loss=0.0000 train_acc=1.0000 test_acc=0.0034 [108s]
  ep  32000: train_loss=0.0000 train_acc=1.0000 test_acc=0.0035 [109s]
  ep  32500: train_loss=0.0000 train_acc=1.0000 test_acc=0.0034 [111s]
  ep  33000: train_loss=0.0000 train_acc=1.0000 test_acc=0.0035 [113s]
  ep  33500: train_loss=0.0000 train_acc=1.0000 test_acc=0.0035 [115s]
  ep  34000: train_loss=0.0000 train_acc=1.0000 test_acc=0.0039 [116s]
  ep  34500: train_loss=0.0000 train_acc=1.0000 test_acc=0.0039 [118s]
  ep  35000: train_loss=0.0000 train_acc=1.0000 test_acc=0.0038 [120s]
  ep  35500: train_loss=0.0000 train_acc=1.0000 test_acc=0.0040 [121s]
  ep  36000: train_loss=0.0000 train_acc=1.0000 test_acc=0.0038 [123s]
  ep  36500: train_loss=0.0000 train_acc=1.0000 test_acc=0.0036 [125s]
  ep  37000: train_loss=0.0000 train_acc=1.0000 test_acc=0.0035 [127s]
  ep  37500: train_loss=0.0000 train_acc=1.0000 test_acc=0.0039 [128s]
  ep  38000: train_loss=0.0000 train_acc=1.0000 test_acc=0.0038 [130s]
  ep  38500: train_loss=0.0000 train_acc=1.0000 test_acc=0.0036 [132s]
  ep  39000: train_loss=0.0000 train_acc=1.0000 test_acc=0.0029 [134s]
  ep  39500: train_loss=0.0001 train_acc=1.0000 test_acc=0.0012 [135s]

Done: adam — 137s total
  Final: train_acc=1.0000 test_acc=0.0018
  Results: ../results/grokking_v2/adam_nowd/metrics.json
=== [3/5] weightcov + adamw (wd=1.0) ===
Device: cuda
Train: 3830, Test: 8939, Params: 227,313
Optimizer: weightcov_adamw, kind=weightcov
  ep      0: train_loss=4.8838 train_acc=0.0102 test_acc=0.0078 [0s]
  ep    500: train_loss=0.0299 train_acc=1.0000 test_acc=0.0015 [4s]
  ep   1000: train_loss=0.0276 train_acc=1.0000 test_acc=0.0016 [8s]
  ep   1500: train_loss=1.8858 train_acc=0.9178 test_acc=0.0018 [12s]
  ep   2000: train_loss=0.0473 train_acc=1.0000 test_acc=0.0044 [16s]
  ep   2500: train_loss=0.0260 train_acc=1.0000 test_acc=0.5772 [20s]
  ep   3000: train_loss=0.0155 train_acc=1.0000 test_acc=1.0000 [24s]
  ep   3500: train_loss=0.0081 train_acc=1.0000 test_acc=1.0000 [29s]
  ep   4000: train_loss=0.0047 train_acc=1.0000 test_acc=1.0000 [33s]
  ep   4500: train_loss=0.0031 train_acc=1.0000 test_acc=1.0000 [37s]
  ep   5000: train_loss=0.0023 train_acc=1.0000 test_acc=1.0000 [41s]
  ep   5500: train_loss=0.0005 train_acc=1.0000 test_acc=1.0000 [45s]
  ep   6000: train_loss=0.0001 train_acc=1.0000 test_acc=0.9993 [49s]
  ep   6500: train_loss=0.0000 train_acc=1.0000 test_acc=0.9997 [53s]
  ep   7000: train_loss=0.0000 train_acc=1.0000 test_acc=1.0000 [56s]
  ep   7500: train_loss=0.0000 train_acc=1.0000 test_acc=1.0000 [59s]
  ep   8000: train_loss=0.0002 train_acc=1.0000 test_acc=1.0000 [62s]
  ep   8500: train_loss=0.0007 train_acc=1.0000 test_acc=1.0000 [65s]
  ep   9000: train_loss=0.0004 train_acc=1.0000 test_acc=1.0000 [69s]
  ep   9500: train_loss=0.0018 train_acc=1.0000 test_acc=1.0000 [72s]
  ep  10000: train_loss=0.0052 train_acc=1.0000 test_acc=1.0000 [76s]
  ep  10500: train_loss=0.0023 train_acc=1.0000 test_acc=1.0000 [80s]
  ep  11000: train_loss=0.0012 train_acc=1.0000 test_acc=1.0000 [84s]
  ep  11500: train_loss=0.0012 train_acc=1.0000 test_acc=1.0000 [88s]
  ep  12000: train_loss=0.0012 train_acc=1.0000 test_acc=1.0000 [92s]
  ep  12500: train_loss=0.0005 train_acc=1.0000 test_acc=1.0000 [96s]
  ep  13000: train_loss=0.0005 train_acc=1.0000 test_acc=0.9997 [100s]
  ep  13500: train_loss=0.0002 train_acc=1.0000 test_acc=1.0000 [103s]
  ep  14000: train_loss=0.0002 train_acc=1.0000 test_acc=1.0000 [107s]
  ep  14500: train_loss=0.0009 train_acc=1.0000 test_acc=1.0000 [110s]
  ep  15000: train_loss=0.0012 train_acc=1.0000 test_acc=1.0000 [114s]
  ep  15500: train_loss=0.0016 train_acc=1.0000 test_acc=1.0000 [117s]
  ep  16000: train_loss=0.0020 train_acc=1.0000 test_acc=1.0000 [121s]
  ep  16500: train_loss=0.0016 train_acc=1.0000 test_acc=1.0000 [125s]
  ep  17000: train_loss=0.0020 train_acc=1.0000 test_acc=1.0000 [129s]
  ep  17500: train_loss=0.0110 train_acc=1.0000 test_acc=0.9993 [133s]
  ep  18000: train_loss=0.0057 train_acc=1.0000 test_acc=1.0000 [137s]
  ep  18500: train_loss=0.0051 train_acc=1.0000 test_acc=1.0000 [141s]
  ep  19000: train_loss=0.0035 train_acc=1.0000 test_acc=1.0000 [145s]
  ep  19500: train_loss=0.0024 train_acc=1.0000 test_acc=1.0000 [149s]
  ep  20000: train_loss=0.0009 train_acc=1.0000 test_acc=1.0000 [153s]
  ep  20500: train_loss=0.0005 train_acc=1.0000 test_acc=1.0000 [157s]
  ep  21000: train_loss=0.0016 train_acc=1.0000 test_acc=1.0000 [160s]
  ep  21500: train_loss=0.0028 train_acc=1.0000 test_acc=1.0000 [163s]
  ep  22000: train_loss=0.0034 train_acc=1.0000 test_acc=1.0000 [167s]
  ep  22500: train_loss=0.0032 train_acc=1.0000 test_acc=1.0000 [171s]
  ep  23000: train_loss=0.0017 train_acc=1.0000 test_acc=1.0000 [175s]
  ep  23500: train_loss=0.0010 train_acc=1.0000 test_acc=1.0000 [179s]
  ep  24000: train_loss=0.0003 train_acc=1.0000 test_acc=1.0000 [183s]
  ep  24500: train_loss=0.0004 train_acc=1.0000 test_acc=1.0000 [187s]
  ep  25000: train_loss=0.0093 train_acc=0.7846 test_acc=0.7549 [190s]
  ep  25500: train_loss=0.0154 train_acc=1.0000 test_acc=1.0000 [193s]
  ep  26000: train_loss=0.0054 train_acc=1.0000 test_acc=1.0000 [197s]
  ep  26500: train_loss=0.0018 train_acc=1.0000 test_acc=1.0000 [201s]
  ep  27000: train_loss=0.0026 train_acc=1.0000 test_acc=1.0000 [205s]
  ep  27500: train_loss=0.0021 train_acc=1.0000 test_acc=1.0000 [209s]
  ep  28000: train_loss=0.0017 train_acc=1.0000 test_acc=1.0000 [213s]
  ep  28500: train_loss=0.0017 train_acc=1.0000 test_acc=1.0000 [217s]
  ep  29000: train_loss=0.0015 train_acc=1.0000 test_acc=1.0000 [221s]
  ep  29500: train_loss=0.0037 train_acc=1.0000 test_acc=1.0000 [224s]
  ep  30000: train_loss=0.0041 train_acc=1.0000 test_acc=1.0000 [228s]
  ep  30500: train_loss=0.0048 train_acc=1.0000 test_acc=1.0000 [232s]
  ep  31000: train_loss=0.0029 train_acc=1.0000 test_acc=1.0000 [236s]
  ep  31500: train_loss=0.0014 train_acc=1.0000 test_acc=1.0000 [240s]
  ep  32000: train_loss=0.0032 train_acc=1.0000 test_acc=1.0000 [244s]
  ep  32500: train_loss=0.0020 train_acc=1.0000 test_acc=1.0000 [247s]
  ep  33000: train_loss=0.0015 train_acc=1.0000 test_acc=1.0000 [252s]
  ep  33500: train_loss=0.0014 train_acc=1.0000 test_acc=1.0000 [256s]
  ep  34000: train_loss=0.0010 train_acc=1.0000 test_acc=1.0000 [260s]
  ep  34500: train_loss=0.0008 train_acc=1.0000 test_acc=1.0000 [264s]
  ep  35000: train_loss=0.0003 train_acc=1.0000 test_acc=1.0000 [268s]
  ep  35500: train_loss=0.0005 train_acc=1.0000 test_acc=1.0000 [272s]
  ep  36000: train_loss=0.0017 train_acc=1.0000 test_acc=1.0000 [276s]
  ep  36500: train_loss=0.0982 train_acc=0.9984 test_acc=0.9895 [279s]
  ep  37000: train_loss=0.0204 train_acc=1.0000 test_acc=1.0000 [283s]
  ep  37500: train_loss=0.0135 train_acc=1.0000 test_acc=1.0000 [287s]
  ep  38000: train_loss=0.0074 train_acc=1.0000 test_acc=1.0000 [291s]
  ep  38500: train_loss=0.0028 train_acc=1.0000 test_acc=1.0000 [295s]
  ep  39000: train_loss=0.0025 train_acc=1.0000 test_acc=1.0000 [299s]
  ep  39500: train_loss=0.0025 train_acc=1.0000 test_acc=1.0000 [303s]

Done: weightcov_adamw — 307s total
  Final: train_acc=1.0000 test_acc=1.0000
  Results: ../results/grokking_v2/filter_adamw/metrics.json
=== [4/5] weightcov + adam (NO wd) — can filter replace weight decay? ===
Device: cuda
Train: 3830, Test: 8939, Params: 227,313
Optimizer: weightcov_adam, kind=weightcov
  ep      0: train_loss=4.8838 train_acc=0.0102 test_acc=0.0078 [0s]
  ep    500: train_loss=0.0064 train_acc=1.0000 test_acc=0.0018 [5s]
  ep   1000: train_loss=0.0002 train_acc=1.0000 test_acc=0.0008 [9s]
  ep   1500: train_loss=0.0000 train_acc=1.0000 test_acc=0.0007 [14s]
  ep   2000: train_loss=0.0000 train_acc=1.0000 test_acc=0.0011 [17s]
  ep   2500: train_loss=0.0001 train_acc=1.0000 test_acc=0.0020 [20s]
  ep   3000: train_loss=0.0000 train_acc=1.0000 test_acc=0.0013 [24s]
  ep   3500: train_loss=0.0000 train_acc=1.0000 test_acc=0.0016 [27s]
  ep   4000: train_loss=0.0000 train_acc=1.0000 test_acc=0.0019 [30s]
  ep   4500: train_loss=0.0000 train_acc=1.0000 test_acc=0.0013 [32s]
  ep   5000: train_loss=0.0000 train_acc=1.0000 test_acc=0.0015 [35s]
  ep   5500: train_loss=0.0000 train_acc=1.0000 test_acc=0.0012 [39s]
  ep   6000: train_loss=0.0000 train_acc=1.0000 test_acc=0.0013 [42s]
  ep   6500: train_loss=0.0000 train_acc=1.0000 test_acc=0.0013 [44s]
  ep   7000: train_loss=0.0000 train_acc=1.0000 test_acc=0.0013 [47s]
  ep   7500: train_loss=0.0000 train_acc=1.0000 test_acc=0.0013 [50s]
  ep   8000: train_loss=0.0000 train_acc=1.0000 test_acc=0.0013 [53s]
  ep   8500: train_loss=0.0000 train_acc=1.0000 test_acc=0.0013 [55s]
  ep   9000: train_loss=0.0000 train_acc=1.0000 test_acc=0.0013 [58s]
  ep   9500: train_loss=0.0000 train_acc=1.0000 test_acc=0.0013 [60s]
  ep  10000: train_loss=0.0000 train_acc=1.0000 test_acc=0.0013 [63s]
  ep  10500: train_loss=0.0000 train_acc=1.0000 test_acc=0.0013 [66s]
  ep  11000: train_loss=0.0000 train_acc=1.0000 test_acc=0.0013 [68s]
  ep  11500: train_loss=0.0000 train_acc=1.0000 test_acc=0.0013 [71s]
  ep  12000: train_loss=0.0000 train_acc=1.0000 test_acc=0.0013 [74s]
  ep  12500: train_loss=0.0000 train_acc=1.0000 test_acc=0.0013 [76s]
  ep  13000: train_loss=0.0000 train_acc=1.0000 test_acc=0.0013 [79s]
  ep  13500: train_loss=0.0000 train_acc=1.0000 test_acc=0.0013 [81s]
  ep  14000: train_loss=0.0000 train_acc=1.0000 test_acc=0.0013 [84s]
  ep  14500: train_loss=0.0000 train_acc=1.0000 test_acc=0.0013 [87s]
  ep  15000: train_loss=0.0000 train_acc=1.0000 test_acc=0.0013 [89s]
  ep  15500: train_loss=0.0000 train_acc=1.0000 test_acc=0.0013 [92s]
  ep  16000: train_loss=0.0000 train_acc=1.0000 test_acc=0.0013 [94s]
  ep  16500: train_loss=0.0000 train_acc=1.0000 test_acc=0.0013 [97s]
  ep  17000: train_loss=0.0000 train_acc=1.0000 test_acc=0.0013 [100s]
  ep  17500: train_loss=0.0000 train_acc=1.0000 test_acc=0.0013 [102s]
  ep  18000: train_loss=0.0000 train_acc=1.0000 test_acc=0.0013 [105s]
  ep  18500: train_loss=0.0000 train_acc=1.0000 test_acc=0.0013 [108s]
  ep  19000: train_loss=0.0000 train_acc=1.0000 test_acc=0.0013 [110s]
  ep  19500: train_loss=0.0000 train_acc=1.0000 test_acc=0.0013 [113s]
  ep  20000: train_loss=0.0000 train_acc=1.0000 test_acc=0.0013 [116s]
  ep  20500: train_loss=0.0000 train_acc=1.0000 test_acc=0.0013 [118s]
  ep  21000: train_loss=0.0000 train_acc=1.0000 test_acc=0.0013 [121s]
  ep  21500: train_loss=0.0000 train_acc=1.0000 test_acc=0.0013 [124s]
  ep  22000: train_loss=0.0000 train_acc=1.0000 test_acc=0.0013 [126s]
  ep  22500: train_loss=0.0000 train_acc=1.0000 test_acc=0.0013 [129s]
  ep  23000: train_loss=0.0000 train_acc=1.0000 test_acc=0.0013 [131s]
  ep  23500: train_loss=0.0000 train_acc=1.0000 test_acc=0.0013 [134s]
  ep  24000: train_loss=0.0000 train_acc=1.0000 test_acc=0.0013 [136s]
  ep  24500: train_loss=0.0000 train_acc=1.0000 test_acc=0.0013 [139s]
  ep  25000: train_loss=0.0000 train_acc=1.0000 test_acc=0.0013 [142s]
  ep  25500: train_loss=0.0000 train_acc=1.0000 test_acc=0.0013 [144s]
  ep  26000: train_loss=0.0000 train_acc=1.0000 test_acc=0.0013 [147s]
  ep  26500: train_loss=0.0000 train_acc=1.0000 test_acc=0.0013 [150s]
  ep  27000: train_loss=0.0000 train_acc=1.0000 test_acc=0.0013 [152s]
  ep  27500: train_loss=0.0000 train_acc=1.0000 test_acc=0.0013 [155s]
  ep  28000: train_loss=0.0000 train_acc=1.0000 test_acc=0.0013 [158s]
  ep  28500: train_loss=0.0000 train_acc=1.0000 test_acc=0.0013 [161s]
  ep  29000: train_loss=0.0000 train_acc=1.0000 test_acc=0.0013 [163s]
  ep  29500: train_loss=0.0000 train_acc=1.0000 test_acc=0.0013 [166s]
  ep  30000: train_loss=0.0000 train_acc=1.0000 test_acc=0.0013 [169s]
  ep  30500: train_loss=0.0000 train_acc=1.0000 test_acc=0.0013 [171s]
  ep  31000: train_loss=0.0000 train_acc=1.0000 test_acc=0.0013 [174s]
  ep  31500: train_loss=0.0000 train_acc=1.0000 test_acc=0.0013 [177s]
  ep  32000: train_loss=0.0000 train_acc=1.0000 test_acc=0.0013 [179s]
  ep  32500: train_loss=0.0000 train_acc=1.0000 test_acc=0.0013 [182s]
  ep  33000: train_loss=0.0000 train_acc=1.0000 test_acc=0.0013 [184s]
  ep  33500: train_loss=0.0000 train_acc=1.0000 test_acc=0.0013 [187s]
  ep  34000: train_loss=0.0000 train_acc=1.0000 test_acc=0.0013 [189s]
  ep  34500: train_loss=0.0000 train_acc=1.0000 test_acc=0.0013 [192s]
  ep  35000: train_loss=0.0000 train_acc=1.0000 test_acc=0.0013 [195s]
  ep  35500: train_loss=0.0000 train_acc=1.0000 test_acc=0.0013 [198s]
  ep  36000: train_loss=0.0000 train_acc=1.0000 test_acc=0.0013 [200s]
  ep  36500: train_loss=0.0000 train_acc=1.0000 test_acc=0.0013 [203s]
  ep  37000: train_loss=0.0000 train_acc=1.0000 test_acc=0.0013 [206s]
  ep  37500: train_loss=0.0000 train_acc=1.0000 test_acc=0.0013 [208s]
  ep  38000: train_loss=0.0000 train_acc=1.0000 test_acc=0.0013 [211s]
  ep  38500: train_loss=0.0000 train_acc=1.0000 test_acc=0.0013 [213s]
  ep  39000: train_loss=0.0000 train_acc=1.0000 test_acc=0.0013 [216s]
  ep  39500: train_loss=0.0000 train_acc=1.0000 test_acc=0.0013 [219s]

Done: weightcov_adam — 221s total
  Final: train_acc=1.0000 test_acc=0.0013
  Results: ../results/grokking_v2/filter_adam_nowd/metrics.json
=== [5/5] switch: adam (no wd) -> filter at train_acc>=0.99 ===
Device: cuda
Train: 3830, Test: 8939, Params: 227,313
Optimizer: weightcov_adam, kind=weightcov
Switch mode: plain adam until train_acc>=0.99, then enable filter
  ep      0: train_loss=4.8838 train_acc=0.0115 test_acc=0.0078 [0s]
  >>> switching to weight-cov filter at epoch 118 (train_acc=0.9906)
  ep    500: train_loss=0.0019 train_acc=1.0000 test_acc=0.0013 [3s]
  ep   1000: train_loss=0.0000 train_acc=1.0000 test_acc=0.0025 [7s]
  ep   1500: train_loss=0.0000 train_acc=1.0000 test_acc=0.0010 [11s]
  ep   2000: train_loss=0.0001 train_acc=1.0000 test_acc=0.0018 [14s]
  ep   2500: train_loss=0.0000 train_acc=1.0000 test_acc=0.0019 [17s]
  ep   3000: train_loss=0.0000 train_acc=1.0000 test_acc=0.0017 [20s]
  ep   3500: train_loss=0.0000 train_acc=1.0000 test_acc=0.0015 [23s]
  ep   4000: train_loss=0.0000 train_acc=1.0000 test_acc=0.0017 [26s]
  ep   4500: train_loss=0.0000 train_acc=1.0000 test_acc=0.0018 [28s]
  ep   5000: train_loss=0.0000 train_acc=1.0000 test_acc=0.0017 [31s]
  ep   5500: train_loss=0.0000 train_acc=1.0000 test_acc=0.0016 [34s]
  ep   6000: train_loss=0.0000 train_acc=1.0000 test_acc=0.0016 [37s]
  ep   6500: train_loss=0.0000 train_acc=1.0000 test_acc=0.0017 [40s]
  ep   7000: train_loss=0.0000 train_acc=1.0000 test_acc=0.0017 [42s]
  ep   7500: train_loss=0.0000 train_acc=1.0000 test_acc=0.0017 [45s]
  ep   8000: train_loss=0.0000 train_acc=1.0000 test_acc=0.0017 [48s]
  ep   8500: train_loss=0.0000 train_acc=1.0000 test_acc=0.0017 [50s]
  ep   9000: train_loss=0.0000 train_acc=1.0000 test_acc=0.0017 [53s]
  ep   9500: train_loss=0.0000 train_acc=1.0000 test_acc=0.0017 [56s]
  ep  10000: train_loss=0.0000 train_acc=1.0000 test_acc=0.0017 [58s]
  ep  10500: train_loss=0.0000 train_acc=1.0000 test_acc=0.0017 [61s]
  ep  11000: train_loss=0.0000 train_acc=1.0000 test_acc=0.0017 [64s]
  ep  11500: train_loss=0.0000 train_acc=1.0000 test_acc=0.0017 [66s]
  ep  12000: train_loss=0.0000 train_acc=1.0000 test_acc=0.0017 [69s]
  ep  12500: train_loss=0.0000 train_acc=1.0000 test_acc=0.0017 [72s]
  ep  13000: train_loss=0.0000 train_acc=1.0000 test_acc=0.0017 [74s]
  ep  13500: train_loss=0.0000 train_acc=1.0000 test_acc=0.0017 [77s]
  ep  14000: train_loss=0.0000 train_acc=1.0000 test_acc=0.0017 [80s]
  ep  14500: train_loss=0.0000 train_acc=1.0000 test_acc=0.0017 [83s]
  ep  15000: train_loss=0.0000 train_acc=1.0000 test_acc=0.0017 [85s]
  ep  15500: train_loss=0.0000 train_acc=1.0000 test_acc=0.0017 [88s]
  ep  16000: train_loss=0.0000 train_acc=1.0000 test_acc=0.0017 [91s]
  ep  16500: train_loss=0.0000 train_acc=1.0000 test_acc=0.0017 [93s]
  ep  17000: train_loss=0.0000 train_acc=1.0000 test_acc=0.0017 [96s]
  ep  17500: train_loss=0.0000 train_acc=1.0000 test_acc=0.0017 [99s]
  ep  18000: train_loss=0.0000 train_acc=1.0000 test_acc=0.0017 [102s]
  ep  18500: train_loss=0.0000 train_acc=1.0000 test_acc=0.0017 [104s]
  ep  19000: train_loss=0.0000 train_acc=1.0000 test_acc=0.0017 [107s]
  ep  19500: train_loss=0.0000 train_acc=1.0000 test_acc=0.0017 [110s]
  ep  20000: train_loss=0.0000 train_acc=1.0000 test_acc=0.0017 [112s]
  ep  20500: train_loss=0.0000 train_acc=1.0000 test_acc=0.0017 [115s]
  ep  21000: train_loss=0.0000 train_acc=1.0000 test_acc=0.0017 [118s]
  ep  21500: train_loss=0.0000 train_acc=1.0000 test_acc=0.0017 [121s]
  ep  22000: train_loss=0.0000 train_acc=1.0000 test_acc=0.0017 [123s]
  ep  22500: train_loss=0.0000 train_acc=1.0000 test_acc=0.0017 [126s]
  ep  23000: train_loss=0.0000 train_acc=1.0000 test_acc=0.0017 [129s]
  ep  23500: train_loss=0.0000 train_acc=1.0000 test_acc=0.0017 [131s]
  ep  24000: train_loss=0.0000 train_acc=1.0000 test_acc=0.0017 [134s]
  ep  24500: train_loss=0.0000 train_acc=1.0000 test_acc=0.0017 [137s]
  ep  25000: train_loss=0.0000 train_acc=1.0000 test_acc=0.0017 [139s]
  ep  25500: train_loss=0.0000 train_acc=1.0000 test_acc=0.0017 [142s]
  ep  26000: train_loss=0.0000 train_acc=1.0000 test_acc=0.0017 [145s]
  ep  26500: train_loss=0.0000 train_acc=1.0000 test_acc=0.0017 [148s]
  ep  27000: train_loss=0.0000 train_acc=1.0000 test_acc=0.0017 [150s]
  ep  27500: train_loss=0.0000 train_acc=1.0000 test_acc=0.0017 [153s]
  ep  28000: train_loss=0.0000 train_acc=1.0000 test_acc=0.0017 [156s]
  ep  28500: train_loss=0.0000 train_acc=1.0000 test_acc=0.0017 [158s]
  ep  29000: train_loss=0.0000 train_acc=1.0000 test_acc=0.0017 [161s]
  ep  29500: train_loss=0.0000 train_acc=1.0000 test_acc=0.0017 [164s]
  ep  30000: train_loss=0.0000 train_acc=1.0000 test_acc=0.0017 [166s]
  ep  30500: train_loss=0.0000 train_acc=1.0000 test_acc=0.0017 [169s]
  ep  31000: train_loss=0.0000 train_acc=1.0000 test_acc=0.0017 [172s]
  ep  31500: train_loss=0.0000 train_acc=1.0000 test_acc=0.0017 [175s]
  ep  32000: train_loss=0.0000 train_acc=1.0000 test_acc=0.0017 [177s]
  ep  32500: train_loss=0.0000 train_acc=1.0000 test_acc=0.0017 [180s]
  ep  33000: train_loss=0.0000 train_acc=1.0000 test_acc=0.0017 [183s]
  ep  33500: train_loss=0.0000 train_acc=1.0000 test_acc=0.0017 [185s]
  ep  34000: train_loss=0.0000 train_acc=1.0000 test_acc=0.0017 [188s]
  ep  34500: train_loss=0.0000 train_acc=1.0000 test_acc=0.0017 [190s]
  ep  35000: train_loss=0.0000 train_acc=1.0000 test_acc=0.0017 [193s]
  ep  35500: train_loss=0.0000 train_acc=1.0000 test_acc=0.0017 [196s]
  ep  36000: train_loss=0.0000 train_acc=1.0000 test_acc=0.0017 [199s]
  ep  36500: train_loss=0.0000 train_acc=1.0000 test_acc=0.0017 [201s]
  ep  37000: train_loss=0.0000 train_acc=1.0000 test_acc=0.0017 [204s]
  ep  37500: train_loss=0.0000 train_acc=1.0000 test_acc=0.0017 [206s]
  ep  38000: train_loss=0.0000 train_acc=1.0000 test_acc=0.0017 [209s]
  ep  38500: train_loss=0.0000 train_acc=1.0000 test_acc=0.0017 [212s]
  ep  39000: train_loss=0.0000 train_acc=1.0000 test_acc=0.0017 [215s]
  ep  39500: train_loss=0.0000 train_acc=1.0000 test_acc=0.0017 [217s]

Done: weightcov_adam — 220s total
  Filter switched on at epoch 118
  Final: train_acc=1.0000 test_acc=0.0017
  Results: ../results/grokking_v2/switch_adam_at99/metrics.json
=== ALL GROKKING V2 RUNS COMPLETE ===
