=== seed 42: [1/3] adamw baseline ===
Device: cuda
Train: 3830, Test: 8939, Params: 227,313
Optimizer: adamw, kind=plain
  ep      0: train_loss=4.8838 train_acc=0.0115 test_acc=0.0078 [0s]
  ep    500: train_loss=0.0123 train_acc=1.0000 test_acc=0.0006 [2s]
  ep   1000: train_loss=0.1284 train_acc=0.9997 test_acc=0.0004 [4s]
  ep   1500: train_loss=0.4221 train_acc=0.9723 test_acc=0.0004 [5s]
  ep   2000: train_loss=0.0269 train_acc=1.0000 test_acc=0.0018 [7s]
  ep   2500: train_loss=0.0141 train_acc=1.0000 test_acc=0.0051 [8s]
  ep   3000: train_loss=0.0038 train_acc=1.0000 test_acc=0.0491 [10s]
  ep   3500: train_loss=0.0024 train_acc=1.0000 test_acc=0.4399 [12s]
  ep   4000: train_loss=0.0013 train_acc=1.0000 test_acc=0.9990 [13s]
  ep   4500: train_loss=0.0021 train_acc=1.0000 test_acc=1.0000 [15s]
  ep   5000: train_loss=0.0020 train_acc=1.0000 test_acc=1.0000 [17s]
  ep   5500: train_loss=0.0002 train_acc=1.0000 test_acc=1.0000 [18s]
  ep   6000: train_loss=0.0008 train_acc=1.0000 test_acc=1.0000 [20s]
  ep   6500: train_loss=0.0019 train_acc=1.0000 test_acc=1.0000 [22s]
  ep   7000: train_loss=0.0011 train_acc=1.0000 test_acc=1.0000 [23s]
  ep   7500: train_loss=0.0001 train_acc=1.0000 test_acc=1.0000 [25s]
  ep   8000: train_loss=0.0018 train_acc=1.0000 test_acc=1.0000 [27s]
  ep   8500: train_loss=0.0000 train_acc=1.0000 test_acc=1.0000 [28s]
  ep   9000: train_loss=0.0007 train_acc=1.0000 test_acc=1.0000 [30s]
  ep   9500: train_loss=0.0035 train_acc=1.0000 test_acc=1.0000 [31s]
  ep  10000: train_loss=0.0001 train_acc=1.0000 test_acc=1.0000 [33s]
  ep  10500: train_loss=0.0042 train_acc=1.0000 test_acc=1.0000 [35s]
  ep  11000: train_loss=0.0047 train_acc=1.0000 test_acc=1.0000 [36s]
  ep  11500: train_loss=0.0032 train_acc=1.0000 test_acc=1.0000 [38s]
  ep  12000: train_loss=0.0063 train_acc=1.0000 test_acc=1.0000 [40s]
  ep  12500: train_loss=0.0027 train_acc=1.0000 test_acc=1.0000 [41s]
  ep  13000: train_loss=0.0082 train_acc=1.0000 test_acc=1.0000 [43s]
  ep  13500: train_loss=0.0082 train_acc=1.0000 test_acc=1.0000 [45s]
  ep  14000: train_loss=0.0026 train_acc=1.0000 test_acc=1.0000 [46s]
  ep  14500: train_loss=0.0041 train_acc=1.0000 test_acc=1.0000 [48s]
  ep  15000: train_loss=0.0055 train_acc=1.0000 test_acc=1.0000 [50s]
  ep  15500: train_loss=0.0084 train_acc=1.0000 test_acc=1.0000 [51s]
  ep  16000: train_loss=0.0106 train_acc=1.0000 test_acc=1.0000 [53s]
  ep  16500: train_loss=0.0108 train_acc=1.0000 test_acc=1.0000 [55s]
  ep  17000: train_loss=0.0098 train_acc=1.0000 test_acc=1.0000 [56s]
  ep  17500: train_loss=0.0047 train_acc=1.0000 test_acc=1.0000 [58s]
  ep  18000: train_loss=0.0041 train_acc=1.0000 test_acc=1.0000 [60s]
  ep  18500: train_loss=0.0035 train_acc=1.0000 test_acc=1.0000 [61s]
  ep  19000: train_loss=0.0092 train_acc=1.0000 test_acc=1.0000 [63s]
  ep  19500: train_loss=0.0022 train_acc=1.0000 test_acc=1.0000 [65s]

Done: adamw — 66s total
  Final: train_acc=0.9997 test_acc=1.0000
  Results: ../results/grokking_v2_seeds/adamw_s42/metrics.json
=== seed 42: [2/3] filter + adamw ===
Device: cuda
Train: 3830, Test: 8939, Params: 227,313
Optimizer: weightcov_adamw, kind=weightcov
  ep      0: train_loss=4.8838 train_acc=0.0102 test_acc=0.0078 [0s]
  ep    500: train_loss=0.0504 train_acc=1.0000 test_acc=0.0009 [4s]
  ep   1000: train_loss=0.0597 train_acc=1.0000 test_acc=0.0016 [8s]
  ep   1500: train_loss=0.1066 train_acc=1.0000 test_acc=0.0029 [12s]
  ep   2000: train_loss=0.0404 train_acc=1.0000 test_acc=0.0172 [16s]
  ep   2500: train_loss=0.0217 train_acc=1.0000 test_acc=0.9708 [20s]
  ep   3000: train_loss=0.0094 train_acc=1.0000 test_acc=1.0000 [24s]
  ep   3500: train_loss=0.0051 train_acc=1.0000 test_acc=1.0000 [28s]
  ep   4000: train_loss=0.0030 train_acc=1.0000 test_acc=1.0000 [32s]
  ep   4500: train_loss=0.0019 train_acc=1.0000 test_acc=1.0000 [36s]
  ep   5000: train_loss=0.0021 train_acc=1.0000 test_acc=1.0000 [39s]
  ep   5500: train_loss=0.0022 train_acc=1.0000 test_acc=1.0000 [43s]
  ep   6000: train_loss=0.0008 train_acc=1.0000 test_acc=1.0000 [47s]
  ep   6500: train_loss=0.0002 train_acc=1.0000 test_acc=1.0000 [51s]
  ep   7000: train_loss=0.0001 train_acc=1.0000 test_acc=1.0000 [55s]
  ep   7500: train_loss=0.0009 train_acc=1.0000 test_acc=1.0000 [58s]
  ep   8000: train_loss=0.0071 train_acc=1.0000 test_acc=0.9989 [61s]
  ep   8500: train_loss=0.0013 train_acc=1.0000 test_acc=1.0000 [64s]
  ep   9000: train_loss=0.0111 train_acc=1.0000 test_acc=1.0000 [68s]
  ep   9500: train_loss=0.0043 train_acc=1.0000 test_acc=1.0000 [72s]
  ep  10000: train_loss=0.0045 train_acc=1.0000 test_acc=1.0000 [75s]
  ep  10500: train_loss=0.0048 train_acc=1.0000 test_acc=1.0000 [79s]
  ep  11000: train_loss=0.0056 train_acc=1.0000 test_acc=1.0000 [83s]
  ep  11500: train_loss=0.0034 train_acc=1.0000 test_acc=1.0000 [87s]
  ep  12000: train_loss=0.0010 train_acc=1.0000 test_acc=1.0000 [91s]
  ep  12500: train_loss=0.0003 train_acc=1.0000 test_acc=1.0000 [95s]
  ep  13000: train_loss=0.0001 train_acc=1.0000 test_acc=1.0000 [99s]
  ep  13500: train_loss=0.0004 train_acc=1.0000 test_acc=1.0000 [102s]
  ep  14000: train_loss=0.0012 train_acc=1.0000 test_acc=1.0000 [105s]
  ep  14500: train_loss=0.0014 train_acc=1.0000 test_acc=1.0000 [109s]
  ep  15000: train_loss=0.0014 train_acc=1.0000 test_acc=1.0000 [113s]
  ep  15500: train_loss=0.0011 train_acc=1.0000 test_acc=1.0000 [117s]
  ep  16000: train_loss=0.0022 train_acc=1.0000 test_acc=1.0000 [120s]
  ep  16500: train_loss=0.0013 train_acc=1.0000 test_acc=1.0000 [124s]
  ep  17000: train_loss=0.0025 train_acc=1.0000 test_acc=1.0000 [128s]
  ep  17500: train_loss=0.0069 train_acc=1.0000 test_acc=1.0000 [131s]
  ep  18000: train_loss=0.0007 train_acc=1.0000 test_acc=1.0000 [135s]
  ep  18500: train_loss=0.0005 train_acc=1.0000 test_acc=1.0000 [139s]
  ep  19000: train_loss=0.0006 train_acc=1.0000 test_acc=1.0000 [143s]
  ep  19500: train_loss=0.0021 train_acc=1.0000 test_acc=1.0000 [146s]

Done: weightcov_adamw — 149s total
  Final: train_acc=1.0000 test_acc=1.0000
  Results: ../results/grokking_v2_seeds/filter_adamw_s42/metrics.json
=== seed 42: [3/3] switch adamw -> filter @0.99 (wd kept) ===
Device: cuda
Train: 3830, Test: 8939, Params: 227,313
Optimizer: weightcov_adamw, kind=weightcov
Switch mode: plain adamw until train_acc>=0.99, then enable filter
  ep      0: train_loss=4.8838 train_acc=0.0115 test_acc=0.0078 [0s]
  >>> switching to weight-cov filter at epoch 131 (train_acc=0.9906)
  ep    500: train_loss=0.0294 train_acc=1.0000 test_acc=0.0009 [3s]
  ep   1000: train_loss=0.0547 train_acc=1.0000 test_acc=0.0008 [7s]
  ep   1500: train_loss=0.0706 train_acc=1.0000 test_acc=0.0016 [11s]
  ep   2000: train_loss=0.0612 train_acc=1.0000 test_acc=0.0323 [15s]
  ep   2500: train_loss=0.0232 train_acc=1.0000 test_acc=1.0000 [19s]
  ep   3000: train_loss=0.0051 train_acc=1.0000 test_acc=1.0000 [23s]
  ep   3500: train_loss=0.0066 train_acc=1.0000 test_acc=0.9999 [27s]
  ep   4000: train_loss=0.0174 train_acc=1.0000 test_acc=1.0000 [30s]
  ep   4500: train_loss=0.0099 train_acc=1.0000 test_acc=1.0000 [33s]
  ep   5000: train_loss=0.0037 train_acc=1.0000 test_acc=1.0000 [37s]
  ep   5500: train_loss=0.0035 train_acc=1.0000 test_acc=1.0000 [41s]
  ep   6000: train_loss=0.0120 train_acc=1.0000 test_acc=1.0000 [45s]
  ep   6500: train_loss=0.0019 train_acc=1.0000 test_acc=1.0000 [49s]
  ep   7000: train_loss=0.0006 train_acc=1.0000 test_acc=1.0000 [53s]
  ep   7500: train_loss=0.0008 train_acc=1.0000 test_acc=1.0000 [56s]
  ep   8000: train_loss=0.0014 train_acc=1.0000 test_acc=1.0000 [60s]
  ep   8500: train_loss=0.0047 train_acc=1.0000 test_acc=1.0000 [63s]
  ep   9000: train_loss=0.0083 train_acc=1.0000 test_acc=1.0000 [66s]
  ep   9500: train_loss=0.0657 train_acc=0.9992 test_acc=0.9977 [70s]
  ep  10000: train_loss=0.0239 train_acc=1.0000 test_acc=1.0000 [73s]
  ep  10500: train_loss=0.0151 train_acc=1.0000 test_acc=1.0000 [77s]
  ep  11000: train_loss=0.0083 train_acc=1.0000 test_acc=1.0000 [81s]
  ep  11500: train_loss=0.0022 train_acc=1.0000 test_acc=1.0000 [86s]
  ep  12000: train_loss=0.0049 train_acc=1.0000 test_acc=1.0000 [90s]
  ep  12500: train_loss=0.0019 train_acc=1.0000 test_acc=1.0000 [93s]
  ep  13000: train_loss=0.0063 train_acc=1.0000 test_acc=1.0000 [97s]
  ep  13500: train_loss=0.0066 train_acc=1.0000 test_acc=1.0000 [100s]
  ep  14000: train_loss=0.0211 train_acc=1.0000 test_acc=1.0000 [104s]
  ep  14500: train_loss=0.0145 train_acc=1.0000 test_acc=1.0000 [107s]
  ep  15000: train_loss=0.0181 train_acc=1.0000 test_acc=1.0000 [111s]
  ep  15500: train_loss=0.0093 train_acc=1.0000 test_acc=1.0000 [116s]
  ep  16000: train_loss=0.0035 train_acc=1.0000 test_acc=1.0000 [120s]
  ep  16500: train_loss=0.0009 train_acc=1.0000 test_acc=1.0000 [124s]
  ep  17000: train_loss=0.0005 train_acc=1.0000 test_acc=1.0000 [128s]
  ep  17500: train_loss=0.0007 train_acc=1.0000 test_acc=1.0000 [131s]
  ep  18000: train_loss=0.0041 train_acc=1.0000 test_acc=1.0000 [135s]
  ep  18500: train_loss=0.0380 train_acc=1.0000 test_acc=0.9985 [138s]
  ep  19000: train_loss=0.0065 train_acc=1.0000 test_acc=1.0000 [142s]
  ep  19500: train_loss=0.0077 train_acc=1.0000 test_acc=1.0000 [146s]

Done: weightcov_adamw — 150s total
  Filter switched on at epoch 131
  Final: train_acc=1.0000 test_acc=0.9998
  Results: ../results/grokking_v2_seeds/switch_adamw_s42/metrics.json
=== seed 43: [1/3] adamw baseline ===
Device: cuda
Train: 3830, Test: 8939, Params: 227,313
Optimizer: adamw, kind=plain
  ep      0: train_loss=4.8835 train_acc=0.0086 test_acc=0.0092 [0s]
  ep    500: train_loss=0.0060 train_acc=1.0000 test_acc=0.0016 [2s]
  ep   1000: train_loss=0.0550 train_acc=1.0000 test_acc=0.0010 [4s]
  ep   1500: train_loss=0.4360 train_acc=0.9841 test_acc=0.0007 [5s]
  ep   2000: train_loss=0.0318 train_acc=1.0000 test_acc=0.0020 [7s]
  ep   2500: train_loss=0.0073 train_acc=1.0000 test_acc=0.0050 [9s]
  ep   3000: train_loss=0.0066 train_acc=1.0000 test_acc=0.0277 [11s]
  ep   3500: train_loss=1.1272 train_acc=0.7287 test_acc=0.2000 [12s]
  ep   4000: train_loss=0.1797 train_acc=0.9757 test_acc=0.9479 [14s]
  ep   4500: train_loss=0.0008 train_acc=1.0000 test_acc=1.0000 [16s]
  ep   5000: train_loss=0.0004 train_acc=1.0000 test_acc=1.0000 [18s]
  ep   5500: train_loss=0.0019 train_acc=1.0000 test_acc=1.0000 [19s]
  ep   6000: train_loss=0.0001 train_acc=1.0000 test_acc=1.0000 [21s]
  ep   6500: train_loss=0.0001 train_acc=1.0000 test_acc=1.0000 [23s]
  ep   7000: train_loss=0.0013 train_acc=1.0000 test_acc=1.0000 [24s]
  ep   7500: train_loss=0.0010 train_acc=1.0000 test_acc=1.0000 [26s]
  ep   8000: train_loss=0.0001 train_acc=1.0000 test_acc=1.0000 [28s]
  ep   8500: train_loss=0.0005 train_acc=1.0000 test_acc=1.0000 [30s]
  ep   9000: train_loss=0.0009 train_acc=1.0000 test_acc=1.0000 [31s]
  ep   9500: train_loss=0.0001 train_acc=1.0000 test_acc=1.0000 [33s]
  ep  10000: train_loss=0.0003 train_acc=1.0000 test_acc=1.0000 [35s]
  ep  10500: train_loss=0.0022 train_acc=1.0000 test_acc=1.0000 [36s]
  ep  11000: train_loss=0.0034 train_acc=1.0000 test_acc=1.0000 [38s]
  ep  11500: train_loss=0.0084 train_acc=1.0000 test_acc=0.9984 [40s]
  ep  12000: train_loss=0.0001 train_acc=1.0000 test_acc=1.0000 [41s]
  ep  12500: train_loss=0.0002 train_acc=1.0000 test_acc=1.0000 [43s]
  ep  13000: train_loss=0.0018 train_acc=1.0000 test_acc=1.0000 [45s]
  ep  13500: train_loss=0.0021 train_acc=1.0000 test_acc=1.0000 [47s]
  ep  14000: train_loss=0.0001 train_acc=1.0000 test_acc=1.0000 [48s]
  ep  14500: train_loss=0.0013 train_acc=1.0000 test_acc=1.0000 [50s]
  ep  15000: train_loss=0.0013 train_acc=1.0000 test_acc=1.0000 [52s]
  ep  15500: train_loss=0.0000 train_acc=1.0000 test_acc=1.0000 [53s]
  ep  16000: train_loss=0.0008 train_acc=1.0000 test_acc=1.0000 [55s]
  ep  16500: train_loss=0.0033 train_acc=1.0000 test_acc=1.0000 [57s]
  ep  17000: train_loss=0.0001 train_acc=1.0000 test_acc=1.0000 [59s]
  ep  17500: train_loss=0.0007 train_acc=1.0000 test_acc=1.0000 [61s]
  ep  18000: train_loss=0.0000 train_acc=1.0000 test_acc=1.0000 [62s]
  ep  18500: train_loss=0.0001 train_acc=1.0000 test_acc=1.0000 [64s]
  ep  19000: train_loss=0.0004 train_acc=1.0000 test_acc=1.0000 [66s]
  ep  19500: train_loss=0.0058 train_acc=1.0000 test_acc=1.0000 [68s]

Done: adamw — 69s total
  Final: train_acc=1.0000 test_acc=0.9983
  Results: ../results/grokking_v2_seeds/adamw_s43/metrics.json
=== seed 43: [2/3] filter + adamw ===
Device: cuda
Train: 3830, Test: 8939, Params: 227,313
Optimizer: weightcov_adamw, kind=weightcov
  ep      0: train_loss=4.8835 train_acc=0.0091 test_acc=0.0092 [0s]
  ep    500: train_loss=0.0172 train_acc=1.0000 test_acc=0.0020 [4s]
  ep   1000: train_loss=0.0114 train_acc=1.0000 test_acc=0.0025 [8s]
  ep   1500: train_loss=0.0319 train_acc=1.0000 test_acc=0.0021 [12s]
  ep   2000: train_loss=0.0432 train_acc=1.0000 test_acc=0.0032 [17s]
  ep   2500: train_loss=0.0381 train_acc=1.0000 test_acc=0.6716 [21s]
  ep   3000: train_loss=0.0120 train_acc=1.0000 test_acc=1.0000 [25s]
  ep   3500: train_loss=0.0060 train_acc=1.0000 test_acc=1.0000 [29s]
  ep   4000: train_loss=0.0047 train_acc=1.0000 test_acc=1.0000 [33s]
  ep   4500: train_loss=0.0094 train_acc=1.0000 test_acc=1.0000 [37s]
  ep   5000: train_loss=0.0069 train_acc=1.0000 test_acc=1.0000 [40s]
  ep   5500: train_loss=0.0049 train_acc=1.0000 test_acc=1.0000 [44s]
  ep   6000: train_loss=0.0018 train_acc=1.0000 test_acc=1.0000 [48s]
  ep   6500: train_loss=0.0013 train_acc=1.0000 test_acc=1.0000 [53s]
  ep   7000: train_loss=0.0009 train_acc=1.0000 test_acc=1.0000 [57s]
  ep   7500: train_loss=0.0002 train_acc=1.0000 test_acc=1.0000 [61s]
  ep   8000: train_loss=0.0000 train_acc=1.0000 test_acc=1.0000 [65s]
  ep   8500: train_loss=0.0000 train_acc=1.0000 test_acc=1.0000 [69s]
  ep   9000: train_loss=0.0001 train_acc=1.0000 test_acc=1.0000 [72s]
  ep   9500: train_loss=0.0020 train_acc=1.0000 test_acc=1.0000 [76s]
  ep  10000: train_loss=0.0006 train_acc=1.0000 test_acc=1.0000 [79s]
  ep  10500: train_loss=0.0037 train_acc=1.0000 test_acc=1.0000 [82s]
  ep  11000: train_loss=0.0011 train_acc=1.0000 test_acc=1.0000 [86s]
  ep  11500: train_loss=0.0059 train_acc=1.0000 test_acc=1.0000 [89s]
  ep  12000: train_loss=0.0209 train_acc=1.0000 test_acc=1.0000 [93s]
  ep  12500: train_loss=0.0097 train_acc=1.0000 test_acc=1.0000 [97s]
  ep  13000: train_loss=0.0076 train_acc=1.0000 test_acc=1.0000 [101s]
  ep  13500: train_loss=0.0161 train_acc=1.0000 test_acc=1.0000 [105s]
  ep  14000: train_loss=0.0159 train_acc=1.0000 test_acc=1.0000 [109s]
  ep  14500: train_loss=0.0058 train_acc=1.0000 test_acc=1.0000 [113s]
  ep  15000: train_loss=0.0143 train_acc=1.0000 test_acc=1.0000 [117s]
  ep  15500: train_loss=0.0042 train_acc=1.0000 test_acc=1.0000 [121s]
  ep  16000: train_loss=0.0033 train_acc=1.0000 test_acc=1.0000 [125s]
  ep  16500: train_loss=0.0019 train_acc=1.0000 test_acc=1.0000 [129s]
  ep  17000: train_loss=0.0007 train_acc=1.0000 test_acc=1.0000 [134s]
  ep  17500: train_loss=0.1113 train_acc=0.9958 test_acc=0.9846 [138s]
  ep  18000: train_loss=0.0013 train_acc=1.0000 test_acc=1.0000 [141s]
  ep  18500: train_loss=0.0029 train_acc=1.0000 test_acc=1.0000 [144s]
  ep  19000: train_loss=0.0064 train_acc=1.0000 test_acc=1.0000 [147s]
  ep  19500: train_loss=0.0084 train_acc=1.0000 test_acc=1.0000 [151s]

Done: weightcov_adamw — 154s total
  Final: train_acc=1.0000 test_acc=1.0000
  Results: ../results/grokking_v2_seeds/filter_adamw_s43/metrics.json
=== seed 43: [3/3] switch adamw -> filter @0.99 (wd kept) ===
Device: cuda
Train: 3830, Test: 8939, Params: 227,313
Optimizer: weightcov_adamw, kind=weightcov
Switch mode: plain adamw until train_acc>=0.99, then enable filter
  ep      0: train_loss=4.8835 train_acc=0.0086 test_acc=0.0092 [0s]
  >>> switching to weight-cov filter at epoch 122 (train_acc=0.9906)
  ep    500: train_loss=0.0115 train_acc=1.0000 test_acc=0.0021 [4s]
  ep   1000: train_loss=0.0136 train_acc=0.9979 test_acc=0.0027 [7s]
  ep   1500: train_loss=0.0419 train_acc=1.0000 test_acc=0.0013 [11s]
  ep   2000: train_loss=0.0253 train_acc=1.0000 test_acc=0.0035 [16s]
  ep   2500: train_loss=0.0221 train_acc=1.0000 test_acc=0.2368 [20s]
  ep   3000: train_loss=0.0073 train_acc=1.0000 test_acc=1.0000 [24s]
  ep   3500: train_loss=0.0075 train_acc=1.0000 test_acc=1.0000 [28s]
  ep   4000: train_loss=0.0106 train_acc=1.0000 test_acc=1.0000 [33s]
  ep   4500: train_loss=0.0022 train_acc=1.0000 test_acc=1.0000 [36s]
  ep   5000: train_loss=0.0006 train_acc=1.0000 test_acc=1.0000 [41s]
  ep   5500: train_loss=0.0001 train_acc=1.0000 test_acc=1.0000 [45s]
  ep   6000: train_loss=0.0004 train_acc=1.0000 test_acc=1.0000 [49s]
  ep   6500: train_loss=0.0009 train_acc=1.0000 test_acc=1.0000 [52s]
  ep   7000: train_loss=0.0007 train_acc=1.0000 test_acc=1.0000 [56s]
  ep   7500: train_loss=0.0009 train_acc=1.0000 test_acc=1.0000 [60s]
  ep   8000: train_loss=0.0076 train_acc=1.0000 test_acc=1.0000 [63s]
  ep   8500: train_loss=0.0005 train_acc=1.0000 test_acc=1.0000 [67s]
  ep   9000: train_loss=0.0007 train_acc=1.0000 test_acc=1.0000 [71s]
  ep   9500: train_loss=0.0020 train_acc=1.0000 test_acc=0.9999 [75s]
  ep  10000: train_loss=0.0095 train_acc=1.0000 test_acc=1.0000 [78s]
  ep  10500: train_loss=0.0066 train_acc=1.0000 test_acc=1.0000 [82s]
  ep  11000: train_loss=0.0037 train_acc=1.0000 test_acc=1.0000 [86s]
  ep  11500: train_loss=0.0066 train_acc=1.0000 test_acc=1.0000 [90s]
  ep  12000: train_loss=0.0020 train_acc=1.0000 test_acc=1.0000 [94s]
  ep  12500: train_loss=0.0019 train_acc=1.0000 test_acc=1.0000 [98s]
  ep  13000: train_loss=0.0032 train_acc=1.0000 test_acc=1.0000 [102s]
  ep  13500: train_loss=0.0055 train_acc=1.0000 test_acc=1.0000 [105s]
  ep  14000: train_loss=0.0027 train_acc=1.0000 test_acc=1.0000 [109s]
  ep  14500: train_loss=0.0041 train_acc=1.0000 test_acc=1.0000 [113s]
  ep  15000: train_loss=0.0025 train_acc=1.0000 test_acc=1.0000 [117s]
  ep  15500: train_loss=0.0019 train_acc=1.0000 test_acc=1.0000 [121s]
  ep  16000: train_loss=0.0006 train_acc=1.0000 test_acc=1.0000 [125s]
  ep  16500: train_loss=0.0008 train_acc=1.0000 test_acc=1.0000 [129s]
  ep  17000: train_loss=0.0003 train_acc=1.0000 test_acc=1.0000 [133s]
  ep  17500: train_loss=0.0004 train_acc=1.0000 test_acc=1.0000 [137s]
  ep  18000: train_loss=0.0046 train_acc=1.0000 test_acc=1.0000 [140s]
  ep  18500: train_loss=0.0044 train_acc=1.0000 test_acc=1.0000 [143s]
  ep  19000: train_loss=0.0048 train_acc=1.0000 test_acc=1.0000 [147s]
  ep  19500: train_loss=0.0031 train_acc=1.0000 test_acc=1.0000 [152s]

Done: weightcov_adamw — 156s total
  Filter switched on at epoch 122
  Final: train_acc=1.0000 test_acc=1.0000
  Results: ../results/grokking_v2_seeds/switch_adamw_s43/metrics.json
=== seed 44: [1/3] adamw baseline ===
Device: cuda
Train: 3830, Test: 8939, Params: 227,313
Optimizer: adamw, kind=plain
  ep      0: train_loss=4.8927 train_acc=0.0107 test_acc=0.0081 [0s]
  ep    500: train_loss=0.0098 train_acc=1.0000 test_acc=0.0015 [2s]
  ep   1000: train_loss=0.0486 train_acc=1.0000 test_acc=0.0020 [4s]
  ep   1500: train_loss=0.0413 train_acc=1.0000 test_acc=0.0018 [6s]
  ep   2000: train_loss=0.0548 train_acc=1.0000 test_acc=0.0030 [7s]
  ep   2500: train_loss=0.0082 train_acc=1.0000 test_acc=0.0076 [9s]
  ep   3000: train_loss=0.0161 train_acc=1.0000 test_acc=0.0424 [11s]
  ep   3500: train_loss=0.0157 train_acc=1.0000 test_acc=0.5305 [13s]
  ep   4000: train_loss=0.0117 train_acc=1.0000 test_acc=1.0000 [14s]
  ep   4500: train_loss=0.0022 train_acc=1.0000 test_acc=1.0000 [16s]
  ep   5000: train_loss=0.0002 train_acc=1.0000 test_acc=1.0000 [18s]
  ep   5500: train_loss=0.0006 train_acc=1.0000 test_acc=1.0000 [20s]
  ep   6000: train_loss=0.0031 train_acc=1.0000 test_acc=1.0000 [21s]
  ep   6500: train_loss=0.0002 train_acc=1.0000 test_acc=1.0000 [23s]
  ep   7000: train_loss=0.0021 train_acc=1.0000 test_acc=1.0000 [25s]
  ep   7500: train_loss=0.0001 train_acc=1.0000 test_acc=1.0000 [27s]
  ep   8000: train_loss=0.0007 train_acc=1.0000 test_acc=1.0000 [29s]
  ep   8500: train_loss=0.0209 train_acc=0.9997 test_acc=0.9962 [31s]
  ep   9000: train_loss=0.0003 train_acc=1.0000 test_acc=1.0000 [32s]
  ep   9500: train_loss=0.0039 train_acc=1.0000 test_acc=1.0000 [34s]
  ep  10000: train_loss=0.0001 train_acc=1.0000 test_acc=1.0000 [36s]
  ep  10500: train_loss=0.0011 train_acc=1.0000 test_acc=1.0000 [38s]
  ep  11000: train_loss=0.0215 train_acc=1.0000 test_acc=0.9983 [39s]
  ep  11500: train_loss=0.0003 train_acc=1.0000 test_acc=1.0000 [41s]
  ep  12000: train_loss=0.0030 train_acc=1.0000 test_acc=1.0000 [43s]
  ep  12500: train_loss=0.0001 train_acc=1.0000 test_acc=1.0000 [44s]
  ep  13000: train_loss=0.0012 train_acc=1.0000 test_acc=1.0000 [46s]
  ep  13500: train_loss=0.0061 train_acc=1.0000 test_acc=0.9999 [48s]
  ep  14000: train_loss=0.0003 train_acc=1.0000 test_acc=1.0000 [50s]
  ep  14500: train_loss=0.0021 train_acc=1.0000 test_acc=1.0000 [52s]
  ep  15000: train_loss=0.0000 train_acc=1.0000 test_acc=1.0000 [54s]
  ep  15500: train_loss=0.0006 train_acc=1.0000 test_acc=1.0000 [56s]
  ep  16000: train_loss=0.0024 train_acc=1.0000 test_acc=1.0000 [57s]
  ep  16500: train_loss=0.0001 train_acc=1.0000 test_acc=1.0000 [59s]
  ep  17000: train_loss=0.0012 train_acc=1.0000 test_acc=1.0000 [61s]
  ep  17500: train_loss=0.0000 train_acc=1.0000 test_acc=1.0000 [63s]
  ep  18000: train_loss=0.0005 train_acc=1.0000 test_acc=1.0000 [64s]
  ep  18500: train_loss=0.0014 train_acc=1.0000 test_acc=1.0000 [66s]
  ep  19000: train_loss=0.0001 train_acc=1.0000 test_acc=1.0000 [68s]
  ep  19500: train_loss=0.0012 train_acc=1.0000 test_acc=1.0000 [69s]

Done: adamw — 71s total
  Final: train_acc=1.0000 test_acc=1.0000
  Results: ../results/grokking_v2_seeds/adamw_s44/metrics.json
=== seed 44: [2/3] filter + adamw ===
Device: cuda
Train: 3830, Test: 8939, Params: 227,313
Optimizer: weightcov_adamw, kind=weightcov
  ep      0: train_loss=4.8927 train_acc=0.0104 test_acc=0.0081 [0s]
  ep    500: train_loss=3.4219 train_acc=0.2198 test_acc=0.0035 [4s]
  ep   1000: train_loss=0.1341 train_acc=1.0000 test_acc=0.0018 [9s]
  ep   1500: train_loss=0.1472 train_acc=1.0000 test_acc=0.0035 [13s]
  ep   2000: train_loss=0.1030 train_acc=1.0000 test_acc=0.0336 [17s]
  ep   2500: train_loss=0.0782 train_acc=1.0000 test_acc=0.6430 [22s]
  ep   3000: train_loss=0.0131 train_acc=1.0000 test_acc=0.9999 [26s]
  ep   3500: train_loss=0.0060 train_acc=1.0000 test_acc=1.0000 [31s]
  ep   4000: train_loss=0.0061 train_acc=1.0000 test_acc=1.0000 [35s]
  ep   4500: train_loss=0.0034 train_acc=1.0000 test_acc=1.0000 [39s]
  ep   5000: train_loss=0.0080 train_acc=1.0000 test_acc=1.0000 [43s]
  ep   5500: train_loss=0.0018 train_acc=1.0000 test_acc=1.0000 [47s]
  ep   6000: train_loss=0.0025 train_acc=1.0000 test_acc=1.0000 [52s]
  ep   6500: train_loss=0.0023 train_acc=1.0000 test_acc=1.0000 [56s]
  ep   7000: train_loss=0.0033 train_acc=1.0000 test_acc=1.0000 [60s]
  ep   7500: train_loss=0.0012 train_acc=1.0000 test_acc=1.0000 [64s]
  ep   8000: train_loss=0.0006 train_acc=1.0000 test_acc=1.0000 [68s]
  ep   8500: train_loss=0.0007 train_acc=1.0000 test_acc=1.0000 [72s]
  ep   9000: train_loss=0.0020 train_acc=1.0000 test_acc=1.0000 [76s]
  ep   9500: train_loss=0.0022 train_acc=1.0000 test_acc=1.0000 [79s]
  ep  10000: train_loss=0.0048 train_acc=1.0000 test_acc=1.0000 [82s]
  ep  10500: train_loss=0.0157 train_acc=1.0000 test_acc=1.0000 [86s]
  ep  11000: train_loss=0.0182 train_acc=1.0000 test_acc=1.0000 [89s]
  ep  11500: train_loss=0.0157 train_acc=1.0000 test_acc=1.0000 [93s]
  ep  12000: train_loss=0.0166 train_acc=1.0000 test_acc=1.0000 [97s]
  ep  12500: train_loss=0.0094 train_acc=1.0000 test_acc=1.0000 [101s]
  ep  13000: train_loss=0.0166 train_acc=1.0000 test_acc=1.0000 [106s]
  ep  13500: train_loss=0.0194 train_acc=1.0000 test_acc=1.0000 [109s]
  ep  14000: train_loss=0.0080 train_acc=1.0000 test_acc=1.0000 [113s]
  ep  14500: train_loss=0.0025 train_acc=1.0000 test_acc=1.0000 [118s]
  ep  15000: train_loss=0.0060 train_acc=1.0000 test_acc=1.0000 [121s]
  ep  15500: train_loss=0.0028 train_acc=1.0000 test_acc=1.0000 [125s]
  ep  16000: train_loss=0.0028 train_acc=1.0000 test_acc=1.0000 [129s]
  ep  16500: train_loss=0.0127 train_acc=1.0000 test_acc=1.0000 [133s]
  ep  17000: train_loss=0.0155 train_acc=0.9799 test_acc=0.9794 [136s]
  ep  17500: train_loss=0.0029 train_acc=1.0000 test_acc=1.0000 [141s]
  ep  18000: train_loss=0.0015 train_acc=1.0000 test_acc=1.0000 [145s]
  ep  18500: train_loss=0.0002 train_acc=1.0000 test_acc=1.0000 [150s]
  ep  19000: train_loss=0.0002 train_acc=1.0000 test_acc=1.0000 [154s]
  ep  19500: train_loss=0.0023 train_acc=1.0000 test_acc=1.0000 [157s]

Done: weightcov_adamw — 161s total
  Final: train_acc=1.0000 test_acc=0.9998
  Results: ../results/grokking_v2_seeds/filter_adamw_s44/metrics.json
=== seed 44: [3/3] switch adamw -> filter @0.99 (wd kept) ===
Device: cuda
Train: 3830, Test: 8939, Params: 227,313
Optimizer: weightcov_adamw, kind=weightcov
Switch mode: plain adamw until train_acc>=0.99, then enable filter
  ep      0: train_loss=4.8927 train_acc=0.0107 test_acc=0.0081 [0s]
  >>> switching to weight-cov filter at epoch 131 (train_acc=0.9924)
  ep    500: train_loss=0.0309 train_acc=1.0000 test_acc=0.0013 [3s]
  ep   1000: train_loss=0.0336 train_acc=1.0000 test_acc=0.0013 [8s]
  ep   1500: train_loss=0.0722 train_acc=1.0000 test_acc=0.0028 [12s]
  ep   2000: train_loss=0.0674 train_acc=1.0000 test_acc=0.0177 [16s]
  ep   2500: train_loss=0.0350 train_acc=1.0000 test_acc=0.9738 [21s]
  ep   3000: train_loss=0.0103 train_acc=1.0000 test_acc=1.0000 [25s]
  ep   3500: train_loss=0.0072 train_acc=1.0000 test_acc=1.0000 [29s]
  ep   4000: train_loss=0.0046 train_acc=1.0000 test_acc=1.0000 [33s]
  ep   4500: train_loss=0.0016 train_acc=1.0000 test_acc=1.0000 [37s]
  ep   5000: train_loss=0.0021 train_acc=1.0000 test_acc=1.0000 [41s]
  ep   5500: train_loss=0.0019 train_acc=1.0000 test_acc=1.0000 [45s]
  ep   6000: train_loss=0.0013 train_acc=1.0000 test_acc=1.0000 [49s]
  ep   6500: train_loss=0.0016 train_acc=1.0000 test_acc=1.0000 [53s]
  ep   7000: train_loss=0.0020 train_acc=1.0000 test_acc=1.0000 [57s]
  ep   7500: train_loss=0.0017 train_acc=1.0000 test_acc=1.0000 [61s]
  ep   8000: train_loss=0.0006 train_acc=1.0000 test_acc=1.0000 [66s]
  ep   8500: train_loss=0.0001 train_acc=1.0000 test_acc=1.0000 [70s]
  ep   9000: train_loss=0.0002 train_acc=1.0000 test_acc=1.0000 [74s]
  ep   9500: train_loss=0.0049 train_acc=1.0000 test_acc=1.0000 [78s]
  ep  10000: train_loss=0.0010 train_acc=1.0000 test_acc=1.0000 [81s]
  ep  10500: train_loss=0.0145 train_acc=1.0000 test_acc=1.0000 [85s]
  ep  11000: train_loss=0.0061 train_acc=1.0000 test_acc=1.0000 [89s]
  ep  11500: train_loss=0.0100 train_acc=1.0000 test_acc=1.0000 [92s]
  ep  12000: train_loss=0.0485 train_acc=1.0000 test_acc=1.0000 [96s]
  ep  12500: train_loss=0.0277 train_acc=1.0000 test_acc=1.0000 [100s]
  ep  13000: train_loss=0.0244 train_acc=1.0000 test_acc=1.0000 [105s]
  ep  13500: train_loss=0.0104 train_acc=1.0000 test_acc=1.0000 [109s]
  ep  14000: train_loss=0.0025 train_acc=1.0000 test_acc=1.0000 [114s]
  ep  14500: train_loss=0.0066 train_acc=1.0000 test_acc=1.0000 [118s]
  ep  15000: train_loss=0.0061 train_acc=1.0000 test_acc=1.0000 [121s]
  ep  15500: train_loss=0.0065 train_acc=1.0000 test_acc=1.0000 [125s]
  ep  16000: train_loss=0.0045 train_acc=1.0000 test_acc=1.0000 [129s]
  ep  16500: train_loss=0.0023 train_acc=1.0000 test_acc=1.0000 [134s]
  ep  17000: train_loss=0.0018 train_acc=1.0000 test_acc=1.0000 [138s]
  ep  17500: train_loss=0.0041 train_acc=1.0000 test_acc=1.0000 [142s]
  ep  18000: train_loss=0.0106 train_acc=1.0000 test_acc=1.0000 [145s]
  ep  18500: train_loss=0.0101 train_acc=1.0000 test_acc=1.0000 [149s]
  ep  19000: train_loss=0.0059 train_acc=1.0000 test_acc=1.0000 [153s]
  ep  19500: train_loss=0.0318 train_acc=1.0000 test_acc=0.9999 [158s]

Done: weightcov_adamw — 162s total
  Filter switched on at epoch 131
  Final: train_acc=1.0000 test_acc=1.0000
  Results: ../results/grokking_v2_seeds/switch_adamw_s44/metrics.json
=== seed 45: [1/3] adamw baseline ===
Device: cuda
Train: 3830, Test: 8939, Params: 227,313
Optimizer: adamw, kind=plain
  ep      0: train_loss=4.9003 train_acc=0.0117 test_acc=0.0075 [0s]
  ep    500: train_loss=0.0134 train_acc=1.0000 test_acc=0.0012 [2s]
  ep   1000: train_loss=0.0431 train_acc=1.0000 test_acc=0.0017 [4s]
  ep   1500: train_loss=0.0500 train_acc=1.0000 test_acc=0.0007 [6s]
  ep   2000: train_loss=0.0271 train_acc=1.0000 test_acc=0.0018 [8s]
  ep   2500: train_loss=0.0242 train_acc=1.0000 test_acc=0.0030 [9s]
  ep   3000: train_loss=0.0168 train_acc=1.0000 test_acc=0.0190 [11s]
  ep   3500: train_loss=0.0022 train_acc=1.0000 test_acc=0.4091 [13s]
  ep   4000: train_loss=0.0043 train_acc=1.0000 test_acc=1.0000 [15s]
  ep   4500: train_loss=0.0065 train_acc=1.0000 test_acc=1.0000 [17s]
  ep   5000: train_loss=0.0001 train_acc=1.0000 test_acc=1.0000 [18s]
  ep   5500: train_loss=0.0004 train_acc=1.0000 test_acc=1.0000 [20s]
  ep   6000: train_loss=0.0406 train_acc=0.9963 test_acc=0.9880 [22s]
  ep   6500: train_loss=0.0001 train_acc=1.0000 test_acc=1.0000 [24s]
  ep   7000: train_loss=0.0006 train_acc=1.0000 test_acc=1.0000 [26s]
  ep   7500: train_loss=0.0001 train_acc=1.0000 test_acc=1.0000 [27s]
  ep   8000: train_loss=0.0006 train_acc=1.0000 test_acc=1.0000 [29s]
  ep   8500: train_loss=0.0000 train_acc=1.0000 test_acc=1.0000 [31s]
  ep   9000: train_loss=0.0002 train_acc=1.0000 test_acc=1.0000 [32s]
  ep   9500: train_loss=0.0003 train_acc=1.0000 test_acc=0.9315 [34s]
  ep  10000: train_loss=0.0002 train_acc=1.0000 test_acc=1.0000 [36s]
  ep  10500: train_loss=0.0010 train_acc=1.0000 test_acc=1.0000 [38s]
  ep  11000: train_loss=0.0039 train_acc=1.0000 test_acc=1.0000 [39s]
  ep  11500: train_loss=0.0001 train_acc=1.0000 test_acc=1.0000 [41s]
  ep  12000: train_loss=0.0005 train_acc=1.0000 test_acc=1.0000 [43s]
  ep  12500: train_loss=0.0010 train_acc=1.0000 test_acc=1.0000 [44s]
  ep  13000: train_loss=0.0004 train_acc=1.0000 test_acc=0.9445 [46s]
  ep  13500: train_loss=0.0046 train_acc=1.0000 test_acc=1.0000 [48s]
  ep  14000: train_loss=0.0001 train_acc=1.0000 test_acc=1.0000 [50s]
  ep  14500: train_loss=0.0010 train_acc=1.0000 test_acc=1.0000 [52s]
  ep  15000: train_loss=0.0029 train_acc=1.0000 test_acc=1.0000 [53s]
  ep  15500: train_loss=0.0001 train_acc=1.0000 test_acc=1.0000 [55s]
  ep  16000: train_loss=0.0006 train_acc=1.0000 test_acc=1.0000 [57s]
  ep  16500: train_loss=0.0019 train_acc=1.0000 test_acc=1.0000 [59s]
  ep  17000: train_loss=0.0001 train_acc=1.0000 test_acc=1.0000 [61s]
  ep  17500: train_loss=0.0012 train_acc=1.0000 test_acc=1.0000 [63s]
  ep  18000: train_loss=0.0001 train_acc=1.0000 test_acc=1.0000 [65s]
  ep  18500: train_loss=0.0007 train_acc=1.0000 test_acc=1.0000 [67s]
  ep  19000: train_loss=0.0008 train_acc=1.0000 test_acc=1.0000 [69s]
  ep  19500: train_loss=0.0015 train_acc=1.0000 test_acc=1.0000 [70s]

Done: adamw — 72s total
  Final: train_acc=1.0000 test_acc=1.0000
  Results: ../results/grokking_v2_seeds/adamw_s45/metrics.json
=== seed 45: [2/3] filter + adamw ===
Device: cuda
Train: 3830, Test: 8939, Params: 227,313
Optimizer: weightcov_adamw, kind=weightcov
  ep      0: train_loss=4.9003 train_acc=0.0115 test_acc=0.0075 [0s]
  ep    500: train_loss=0.0742 train_acc=1.0000 test_acc=0.0016 [4s]
  ep   1000: train_loss=0.0885 train_acc=1.0000 test_acc=0.0019 [8s]
  ep   1500: train_loss=0.0832 train_acc=1.0000 test_acc=0.0036 [12s]
  ep   2000: train_loss=0.0703 train_acc=1.0000 test_acc=0.0915 [17s]
  ep   2500: train_loss=0.0281 train_acc=1.0000 test_acc=0.9709 [21s]
  ep   3000: train_loss=0.0135 train_acc=0.9982 test_acc=0.9915 [26s]
  ep   3500: train_loss=0.0102 train_acc=1.0000 test_acc=1.0000 [30s]
  ep   4000: train_loss=0.0060 train_acc=1.0000 test_acc=1.0000 [35s]
  ep   4500: train_loss=0.0019 train_acc=1.0000 test_acc=1.0000 [39s]
  ep   5000: train_loss=0.0030 train_acc=1.0000 test_acc=1.0000 [44s]
  ep   5500: train_loss=0.0017 train_acc=1.0000 test_acc=1.0000 [47s]
  ep   6000: train_loss=0.0037 train_acc=1.0000 test_acc=1.0000 [51s]
  ep   6500: train_loss=0.0017 train_acc=1.0000 test_acc=1.0000 [55s]
  ep   7000: train_loss=0.0009 train_acc=1.0000 test_acc=1.0000 [60s]
  ep   7500: train_loss=0.0006 train_acc=1.0000 test_acc=1.0000 [64s]
  ep   8000: train_loss=0.0004 train_acc=1.0000 test_acc=1.0000 [68s]
  ep   8500: train_loss=0.0004 train_acc=1.0000 test_acc=1.0000 [72s]
  ep   9000: train_loss=0.0005 train_acc=1.0000 test_acc=1.0000 [76s]
  ep   9500: train_loss=0.0002 train_acc=1.0000 test_acc=1.0000 [80s]
  ep  10000: train_loss=0.0005 train_acc=1.0000 test_acc=1.0000 [84s]
  ep  10500: train_loss=0.0006 train_acc=1.0000 test_acc=1.0000 [87s]
  ep  11000: train_loss=0.0041 train_acc=1.0000 test_acc=1.0000 [92s]
  ep  11500: train_loss=0.0007 train_acc=1.0000 test_acc=1.0000 [96s]
  ep  12000: train_loss=0.0009 train_acc=1.0000 test_acc=1.0000 [100s]
  ep  12500: train_loss=0.0036 train_acc=1.0000 test_acc=1.0000 [104s]
  ep  13000: train_loss=0.0048 train_acc=1.0000 test_acc=1.0000 [107s]
  ep  13500: train_loss=0.0032 train_acc=1.0000 test_acc=1.0000 [111s]
  ep  14000: train_loss=0.0015 train_acc=1.0000 test_acc=1.0000 [115s]
  ep  14500: train_loss=0.0017 train_acc=1.0000 test_acc=1.0000 [119s]
  ep  15000: train_loss=0.0059 train_acc=1.0000 test_acc=1.0000 [123s]
  ep  15500: train_loss=0.0031 train_acc=1.0000 test_acc=1.0000 [127s]
  ep  16000: train_loss=0.0050 train_acc=1.0000 test_acc=1.0000 [131s]
  ep  16500: train_loss=0.0027 train_acc=1.0000 test_acc=1.0000 [135s]
  ep  17000: train_loss=0.0016 train_acc=1.0000 test_acc=1.0000 [140s]
  ep  17500: train_loss=0.0007 train_acc=1.0000 test_acc=1.0000 [145s]
  ep  18000: train_loss=0.0006 train_acc=1.0000 test_acc=1.0000 [149s]
  ep  18500: train_loss=0.0006 train_acc=1.0000 test_acc=1.0000 [153s]
  ep  19000: train_loss=0.0006 train_acc=1.0000 test_acc=1.0000 [157s]
  ep  19500: train_loss=0.0004 train_acc=1.0000 test_acc=1.0000 [161s]

Done: weightcov_adamw — 165s total
  Final: train_acc=1.0000 test_acc=1.0000
  Results: ../results/grokking_v2_seeds/filter_adamw_s45/metrics.json
=== seed 45: [3/3] switch adamw -> filter @0.99 (wd kept) ===
Device: cuda
Train: 3830, Test: 8939, Params: 227,313
Optimizer: weightcov_adamw, kind=weightcov
Switch mode: plain adamw until train_acc>=0.99, then enable filter
  ep      0: train_loss=4.9003 train_acc=0.0117 test_acc=0.0075 [0s]
  >>> switching to weight-cov filter at epoch 133 (train_acc=0.9924)
  ep    500: train_loss=0.3425 train_acc=0.9869 test_acc=0.0017 [4s]
  ep   1000: train_loss=0.1834 train_acc=0.9984 test_acc=0.0012 [8s]
  ep   1500: train_loss=0.2094 train_acc=0.9990 test_acc=0.0008 [12s]
  ep   2000: train_loss=0.0407 train_acc=1.0000 test_acc=0.0158 [17s]
  ep   2500: train_loss=0.0260 train_acc=1.0000 test_acc=0.9961 [21s]
  ep   3000: train_loss=0.0167 train_acc=1.0000 test_acc=1.0000 [26s]
  ep   3500: train_loss=0.0106 train_acc=1.0000 test_acc=1.0000 [30s]
  ep   4000: train_loss=0.0056 train_acc=1.0000 test_acc=1.0000 [34s]
  ep   4500: train_loss=0.0049 train_acc=1.0000 test_acc=1.0000 [39s]
  ep   5000: train_loss=0.0043 train_acc=1.0000 test_acc=1.0000 [43s]
  ep   5500: train_loss=0.0040 train_acc=1.0000 test_acc=1.0000 [47s]
  ep   6000: train_loss=0.0027 train_acc=1.0000 test_acc=1.0000 [51s]
  ep   6500: train_loss=0.0021 train_acc=1.0000 test_acc=1.0000 [56s]
  ep   7000: train_loss=0.0013 train_acc=1.0000 test_acc=1.0000 [60s]
  ep   7500: train_loss=0.0008 train_acc=1.0000 test_acc=1.0000 [65s]
  ep   8000: train_loss=0.0004 train_acc=1.0000 test_acc=1.0000 [69s]
  ep   8500: train_loss=0.0002 train_acc=1.0000 test_acc=1.0000 [73s]
  ep   9000: train_loss=0.0014 train_acc=1.0000 test_acc=1.0000 [76s]
  ep   9500: train_loss=0.0023 train_acc=1.0000 test_acc=1.0000 [80s]
  ep  10000: train_loss=0.0030 train_acc=1.0000 test_acc=1.0000 [83s]
  ep  10500: train_loss=0.0052 train_acc=1.0000 test_acc=1.0000 [87s]
  ep  11000: train_loss=0.0118 train_acc=1.0000 test_acc=1.0000 [91s]
  ep  11500: train_loss=0.0094 train_acc=1.0000 test_acc=1.0000 [95s]
  ep  12000: train_loss=0.0065 train_acc=1.0000 test_acc=1.0000 [99s]
  ep  12500: train_loss=0.0058 train_acc=1.0000 test_acc=1.0000 [104s]
  ep  13000: train_loss=0.0072 train_acc=1.0000 test_acc=1.0000 [109s]
  ep  13500: train_loss=0.0012 train_acc=1.0000 test_acc=1.0000 [113s]
  ep  14000: train_loss=0.0022 train_acc=1.0000 test_acc=1.0000 [117s]
  ep  14500: train_loss=0.0014 train_acc=1.0000 test_acc=1.0000 [121s]
  ep  15000: train_loss=0.0029 train_acc=1.0000 test_acc=1.0000 [126s]
  ep  15500: train_loss=0.0007 train_acc=1.0000 test_acc=1.0000 [130s]
  ep  16000: train_loss=0.0003 train_acc=1.0000 test_acc=1.0000 [134s]
  ep  16500: train_loss=0.0004 train_acc=1.0000 test_acc=1.0000 [138s]
  ep  17000: train_loss=0.0033 train_acc=1.0000 test_acc=1.0000 [141s]
  ep  17500: train_loss=0.0087 train_acc=1.0000 test_acc=1.0000 [145s]
  ep  18000: train_loss=0.0550 train_acc=1.0000 test_acc=1.0000 [148s]
  ep  18500: train_loss=0.0582 train_acc=1.0000 test_acc=1.0000 [152s]
  ep  19000: train_loss=0.0203 train_acc=1.0000 test_acc=1.0000 [157s]
  ep  19500: train_loss=0.0092 train_acc=1.0000 test_acc=1.0000 [161s]

Done: weightcov_adamw — 165s total
  Filter switched on at epoch 133
  Final: train_acc=1.0000 test_acc=1.0000
  Results: ../results/grokking_v2_seeds/switch_adamw_s45/metrics.json
=== seed 46: [1/3] adamw baseline ===
Device: cuda
Train: 3830, Test: 8939, Params: 227,313
Optimizer: adamw, kind=plain
  ep      0: train_loss=4.8759 train_acc=0.0102 test_acc=0.0095 [0s]
  ep    500: train_loss=0.0198 train_acc=1.0000 test_acc=0.0011 [2s]
  ep   1000: train_loss=0.0467 train_acc=1.0000 test_acc=0.0038 [4s]
  ep   1500: train_loss=0.0385 train_acc=1.0000 test_acc=0.0017 [6s]
  ep   2000: train_loss=0.0263 train_acc=1.0000 test_acc=0.0020 [8s]
  ep   2500: train_loss=0.0172 train_acc=1.0000 test_acc=0.0047 [10s]
  ep   3000: train_loss=0.0177 train_acc=1.0000 test_acc=0.0141 [11s]
  ep   3500: train_loss=0.0057 train_acc=1.0000 test_acc=0.2354 [13s]
  ep   4000: train_loss=0.0139 train_acc=1.0000 test_acc=1.0000 [15s]
  ep   4500: train_loss=0.0069 train_acc=1.0000 test_acc=1.0000 [16s]
  ep   5000: train_loss=0.0038 train_acc=1.0000 test_acc=1.0000 [18s]
  ep   5500: train_loss=0.0004 train_acc=1.0000 test_acc=1.0000 [20s]
  ep   6000: train_loss=0.0025 train_acc=1.0000 test_acc=1.0000 [22s]
  ep   6500: train_loss=0.0019 train_acc=1.0000 test_acc=1.0000 [24s]
  ep   7000: train_loss=0.0001 train_acc=1.0000 test_acc=1.0000 [26s]
  ep   7500: train_loss=0.0005 train_acc=1.0000 test_acc=1.0000 [28s]
  ep   8000: train_loss=0.0014 train_acc=1.0000 test_acc=1.0000 [29s]
  ep   8500: train_loss=0.0000 train_acc=1.0000 test_acc=1.0000 [31s]
  ep   9000: train_loss=0.0004 train_acc=1.0000 test_acc=1.0000 [33s]
  ep   9500: train_loss=0.0000 train_acc=1.0000 test_acc=1.0000 [35s]
  ep  10000: train_loss=0.0004 train_acc=1.0000 test_acc=1.0000 [37s]
  ep  10500: train_loss=0.0021 train_acc=1.0000 test_acc=0.9999 [38s]
  ep  11000: train_loss=0.0002 train_acc=1.0000 test_acc=1.0000 [40s]
  ep  11500: train_loss=0.0013 train_acc=1.0000 test_acc=1.0000 [42s]
  ep  12000: train_loss=0.0000 train_acc=1.0000 test_acc=1.0000 [44s]
  ep  12500: train_loss=0.0004 train_acc=1.0000 test_acc=1.0000 [45s]
  ep  13000: train_loss=0.0018 train_acc=1.0000 test_acc=1.0000 [47s]
  ep  13500: train_loss=0.0068 train_acc=1.0000 test_acc=1.0000 [49s]
  ep  14000: train_loss=0.0014 train_acc=1.0000 test_acc=1.0000 [50s]
  ep  14500: train_loss=0.0038 train_acc=1.0000 test_acc=1.0000 [52s]
  ep  15000: train_loss=0.6023 train_acc=0.8501 test_acc=0.9883 [54s]
  ep  15500: train_loss=0.0022 train_acc=1.0000 test_acc=1.0000 [56s]
  ep  16000: train_loss=0.0035 train_acc=1.0000 test_acc=1.0000 [57s]
  ep  16500: train_loss=0.0006 train_acc=1.0000 test_acc=1.0000 [59s]
  ep  17000: train_loss=0.0008 train_acc=1.0000 test_acc=1.0000 [61s]
  ep  17500: train_loss=0.0042 train_acc=1.0000 test_acc=1.0000 [63s]
  ep  18000: train_loss=0.0030 train_acc=1.0000 test_acc=1.0000 [65s]
  ep  18500: train_loss=0.0051 train_acc=1.0000 test_acc=1.0000 [67s]
  ep  19000: train_loss=0.0040 train_acc=1.0000 test_acc=1.0000 [68s]
  ep  19500: train_loss=0.0065 train_acc=1.0000 test_acc=1.0000 [70s]

Done: adamw — 72s total
  Final: train_acc=1.0000 test_acc=1.0000
  Results: ../results/grokking_v2_seeds/adamw_s46/metrics.json
=== seed 46: [2/3] filter + adamw ===
Device: cuda
Train: 3830, Test: 8939, Params: 227,313
Optimizer: weightcov_adamw, kind=weightcov
  ep      0: train_loss=4.8759 train_acc=0.0097 test_acc=0.0095 [0s]
  ep    500: train_loss=0.0279 train_acc=1.0000 test_acc=0.0018 [4s]
  ep   1000: train_loss=0.0553 train_acc=1.0000 test_acc=0.0017 [9s]
  ep   1500: train_loss=0.1831 train_acc=1.0000 test_acc=0.0027 [13s]
  ep   2000: train_loss=0.0602 train_acc=1.0000 test_acc=0.0119 [18s]
  ep   2500: train_loss=0.0328 train_acc=1.0000 test_acc=0.8555 [22s]
  ep   3000: train_loss=0.0089 train_acc=1.0000 test_acc=1.0000 [27s]
  ep   3500: train_loss=0.0106 train_acc=1.0000 test_acc=1.0000 [31s]
  ep   4000: train_loss=0.0043 train_acc=1.0000 test_acc=1.0000 [36s]
  ep   4500: train_loss=0.0047 train_acc=1.0000 test_acc=1.0000 [40s]
  ep   5000: train_loss=0.0027 train_acc=1.0000 test_acc=1.0000 [45s]
  ep   5500: train_loss=0.0017 train_acc=1.0000 test_acc=1.0000 [49s]
  ep   6000: train_loss=0.0012 train_acc=1.0000 test_acc=1.0000 [54s]
  ep   6500: train_loss=0.0029 train_acc=1.0000 test_acc=1.0000 [58s]
  ep   7000: train_loss=0.0015 train_acc=1.0000 test_acc=1.0000 [62s]
  ep   7500: train_loss=0.0009 train_acc=1.0000 test_acc=1.0000 [66s]
  ep   8000: train_loss=0.0007 train_acc=1.0000 test_acc=1.0000 [71s]
  ep   8500: train_loss=0.0026 train_acc=1.0000 test_acc=1.0000 [75s]
  ep   9000: train_loss=0.0051 train_acc=1.0000 test_acc=1.0000 [80s]
  ep   9500: train_loss=0.0024 train_acc=1.0000 test_acc=1.0000 [84s]
  ep  10000: train_loss=0.0015 train_acc=1.0000 test_acc=1.0000 [88s]
  ep  10500: train_loss=0.0025 train_acc=1.0000 test_acc=1.0000 [92s]
  ep  11000: train_loss=0.0066 train_acc=1.0000 test_acc=1.0000 [96s]
  ep  11500: train_loss=0.0029 train_acc=1.0000 test_acc=1.0000 [101s]
  ep  12000: train_loss=0.0135 train_acc=1.0000 test_acc=0.9992 [105s]
  ep  12500: train_loss=0.0033 train_acc=1.0000 test_acc=1.0000 [109s]
  ep  13000: train_loss=0.0011 train_acc=1.0000 test_acc=1.0000 [113s]
  ep  13500: train_loss=0.0018 train_acc=1.0000 test_acc=1.0000 [117s]
  ep  14000: train_loss=0.0010 train_acc=1.0000 test_acc=1.0000 [122s]
  ep  14500: train_loss=0.0007 train_acc=1.0000 test_acc=1.0000 [125s]
  ep  15000: train_loss=0.0017 train_acc=1.0000 test_acc=1.0000 [130s]
  ep  15500: train_loss=0.0017 train_acc=1.0000 test_acc=1.0000 [134s]
  ep  16000: train_loss=0.0015 train_acc=1.0000 test_acc=1.0000 [138s]
  ep  16500: train_loss=0.0015 train_acc=1.0000 test_acc=1.0000 [142s]
  ep  17000: train_loss=0.0015 train_acc=1.0000 test_acc=1.0000 [146s]
  ep  17500: train_loss=0.0009 train_acc=1.0000 test_acc=1.0000 [150s]
  ep  18000: train_loss=0.0010 train_acc=1.0000 test_acc=1.0000 [155s]
  ep  18500: train_loss=0.0007 train_acc=1.0000 test_acc=1.0000 [158s]
  ep  19000: train_loss=0.0108 train_acc=1.0000 test_acc=1.0000 [163s]
  ep  19500: train_loss=0.0033 train_acc=1.0000 test_acc=1.0000 [166s]

Done: weightcov_adamw — 171s total
  Final: train_acc=1.0000 test_acc=1.0000
  Results: ../results/grokking_v2_seeds/filter_adamw_s46/metrics.json
=== seed 46: [3/3] switch adamw -> filter @0.99 (wd kept) ===
Device: cuda
Train: 3830, Test: 8939, Params: 227,313
Optimizer: weightcov_adamw, kind=weightcov
Switch mode: plain adamw until train_acc>=0.99, then enable filter
  ep      0: train_loss=4.8759 train_acc=0.0102 test_acc=0.0095 [0s]
  >>> switching to weight-cov filter at epoch 124 (train_acc=0.9903)
  ep    500: train_loss=0.0213 train_acc=1.0000 test_acc=0.0008 [3s]
  ep   1000: train_loss=0.0494 train_acc=1.0000 test_acc=0.0012 [7s]
  ep   1500: train_loss=0.0299 train_acc=1.0000 test_acc=0.0017 [12s]
  ep   2000: train_loss=0.0381 train_acc=1.0000 test_acc=0.0044 [16s]
  ep   2500: train_loss=0.0297 train_acc=1.0000 test_acc=0.2859 [21s]
  ep   3000: train_loss=0.0141 train_acc=1.0000 test_acc=1.0000 [25s]
  ep   3500: train_loss=0.0101 train_acc=1.0000 test_acc=1.0000 [30s]
  ep   4000: train_loss=0.0071 train_acc=1.0000 test_acc=1.0000 [34s]
  ep   4500: train_loss=0.0068 train_acc=1.0000 test_acc=1.0000 [38s]
  ep   5000: train_loss=0.0033 train_acc=1.0000 test_acc=1.0000 [43s]
  ep   5500: train_loss=0.0021 train_acc=1.0000 test_acc=1.0000 [47s]
  ep   6000: train_loss=0.0004 train_acc=1.0000 test_acc=0.9998 [52s]
  ep   6500: train_loss=0.0000 train_acc=1.0000 test_acc=0.9999 [56s]
  ep   7000: train_loss=0.0000 train_acc=1.0000 test_acc=1.0000 [61s]
  ep   7500: train_loss=0.0004 train_acc=1.0000 test_acc=1.0000 [64s]
  ep   8000: train_loss=0.0004 train_acc=1.0000 test_acc=1.0000 [67s]
  ep   8500: train_loss=0.0040 train_acc=1.0000 test_acc=1.0000 [71s]
  ep   9000: train_loss=0.0024 train_acc=1.0000 test_acc=1.0000 [75s]
  ep   9500: train_loss=0.0017 train_acc=1.0000 test_acc=1.0000 [79s]
  ep  10000: train_loss=0.0026 train_acc=1.0000 test_acc=1.0000 [83s]
  ep  10500: train_loss=0.0020 train_acc=1.0000 test_acc=1.0000 [87s]
  ep  11000: train_loss=0.0037 train_acc=1.0000 test_acc=1.0000 [91s]
  ep  11500: train_loss=0.0036 train_acc=1.0000 test_acc=1.0000 [96s]
  ep  12000: train_loss=0.0034 train_acc=1.0000 test_acc=1.0000 [100s]
  ep  12500: train_loss=0.0014 train_acc=1.0000 test_acc=1.0000 [104s]
  ep  13000: train_loss=0.0013 train_acc=1.0000 test_acc=1.0000 [109s]
  ep  13500: train_loss=0.0024 train_acc=1.0000 test_acc=1.0000 [112s]
  ep  14000: train_loss=0.0053 train_acc=1.0000 test_acc=1.0000 [116s]
  ep  14500: train_loss=0.0082 train_acc=1.0000 test_acc=1.0000 [120s]
  ep  15000: train_loss=0.0087 train_acc=1.0000 test_acc=1.0000 [124s]
  ep  15500: train_loss=0.0103 train_acc=1.0000 test_acc=1.0000 [128s]
  ep  16000: train_loss=0.0060 train_acc=1.0000 test_acc=1.0000 [132s]
  ep  16500: train_loss=0.0026 train_acc=1.0000 test_acc=1.0000 [137s]
  ep  17000: train_loss=0.0559 train_acc=1.0000 test_acc=0.9984 [141s]
  ep  17500: train_loss=0.0070 train_acc=1.0000 test_acc=1.0000 [145s]
  ep  18000: train_loss=0.0073 train_acc=1.0000 test_acc=1.0000 [149s]
  ep  18500: train_loss=0.0046 train_acc=1.0000 test_acc=1.0000 [154s]
  ep  19000: train_loss=0.0032 train_acc=1.0000 test_acc=1.0000 [158s]
  ep  19500: train_loss=0.0027 train_acc=1.0000 test_acc=1.0000 [162s]

Done: weightcov_adamw — 166s total
  Filter switched on at epoch 124
  Final: train_acc=1.0000 test_acc=0.9999
  Results: ../results/grokking_v2_seeds/switch_adamw_s46/metrics.json
=== ALL GROKKING V2 SEED RUNS COMPLETE ===
