sweep done, starting noise90 long run
=== seed 42: adam ===
Dataset: standard, Input: 784, Params: 235,146, Mode: adam, Device: cuda
  Epoch  -1: train=0.0987 test=0.0530 loss=2.3069 (0s)
  Epoch   0: train=0.1704 test=0.7575 loss=2.2803 (2s)
  Epoch   1: train=0.1752 test=0.7958 loss=2.2737 (4s)
  Epoch   2: train=0.1791 test=0.8306 loss=2.2696 (5s)
  Epoch   3: train=0.1822 test=0.8106 loss=2.2641 (7s)
  Epoch   4: train=0.1861 test=0.8272 loss=2.2546 (9s)
  Epoch   5: train=0.1860 test=0.7863 loss=2.2543 (11s)
  Epoch   6: train=0.1921 test=0.8166 loss=2.2384 (13s)
  Epoch   7: train=0.1928 test=0.7309 loss=2.2363 (15s)
  Epoch   8: train=0.2000 test=0.7371 loss=2.2243 (17s)
  Epoch   9: train=0.2046 test=0.7234 loss=2.2086 (19s)
  Epoch  10: train=0.2109 test=0.7074 loss=2.1942 (21s)
  Epoch  11: train=0.2140 test=0.6905 loss=2.1787 (23s)
  Epoch  12: train=0.2212 test=0.6536 loss=2.1657 (25s)
  Epoch  13: train=0.2275 test=0.6088 loss=2.1506 (28s)
  Epoch  14: train=0.2364 test=0.6362 loss=2.1301 (30s)
  Epoch  15: train=0.2416 test=0.6072 loss=2.1115 (32s)
  Epoch  16: train=0.2449 test=0.5954 loss=2.1043 (34s)
  Epoch  17: train=0.2498 test=0.5219 loss=2.0928 (37s)
  Epoch  18: train=0.2612 test=0.5167 loss=2.0665 (39s)
  Epoch  19: train=0.2633 test=0.5398 loss=2.0559 (41s)
  Epoch  20: train=0.2678 test=0.5039 loss=2.0427 (43s)
  Epoch  21: train=0.2783 test=0.5058 loss=2.0244 (46s)
  Epoch  22: train=0.2793 test=0.4999 loss=2.0138 (48s)
  Epoch  23: train=0.2838 test=0.4952 loss=2.0068 (50s)
  Epoch  24: train=0.2911 test=0.4729 loss=1.9858 (52s)
  Epoch  25: train=0.2959 test=0.4611 loss=1.9727 (54s)
  Epoch  26: train=0.2998 test=0.4600 loss=1.9574 (56s)
  Epoch  27: train=0.3033 test=0.4551 loss=1.9491 (58s)
  Epoch  28: train=0.3037 test=0.4619 loss=1.9484 (60s)
  Epoch  29: train=0.3150 test=0.4325 loss=1.9201 (62s)
  Epoch  30: train=0.3154 test=0.4452 loss=1.9118 (64s)
  Epoch  31: train=0.3188 test=0.4343 loss=1.9077 (66s)
  Epoch  32: train=0.3182 test=0.4312 loss=1.9087 (68s)
  Epoch  33: train=0.3285 test=0.4339 loss=1.8858 (71s)
  Epoch  34: train=0.3283 test=0.4500 loss=1.8793 (73s)
  Epoch  35: train=0.3330 test=0.4017 loss=1.8646 (75s)
  Epoch  36: train=0.3376 test=0.4285 loss=1.8622 (77s)
  Epoch  37: train=0.3379 test=0.4385 loss=1.8527 (79s)
  Epoch  38: train=0.3390 test=0.4099 loss=1.8514 (81s)
  Epoch  39: train=0.3467 test=0.3923 loss=1.8335 (83s)
  Epoch  40: train=0.3442 test=0.4094 loss=1.8380 (85s)
  Epoch  41: train=0.3496 test=0.3951 loss=1.8294 (87s)
  Epoch  42: train=0.3510 test=0.4134 loss=1.8170 (89s)
  Epoch  43: train=0.3569 test=0.3733 loss=1.8071 (91s)
  Epoch  44: train=0.3561 test=0.3976 loss=1.8047 (93s)
  Epoch  45: train=0.3593 test=0.4214 loss=1.7989 (95s)
  Epoch  46: train=0.3627 test=0.3843 loss=1.7852 (97s)
  Epoch  47: train=0.3667 test=0.3977 loss=1.7747 (99s)
  Epoch  48: train=0.3687 test=0.3925 loss=1.7698 (101s)
  Epoch  49: train=0.3663 test=0.3893 loss=1.7750 (103s)
  Epoch  50: train=0.3775 test=0.3718 loss=1.7497 (105s)
  Epoch  51: train=0.3778 test=0.3846 loss=1.7448 (107s)
  Epoch  52: train=0.3684 test=0.3809 loss=1.7655 (109s)
  Epoch  53: train=0.3782 test=0.3729 loss=1.7435 (111s)
  Epoch  54: train=0.3806 test=0.3825 loss=1.7406 (114s)
  Epoch  55: train=0.3811 test=0.3701 loss=1.7363 (116s)
  Epoch  56: train=0.3833 test=0.3821 loss=1.7325 (118s)
  Epoch  57: train=0.3840 test=0.3679 loss=1.7226 (120s)
  Epoch  58: train=0.3862 test=0.3680 loss=1.7167 (122s)
  Epoch  59: train=0.3913 test=0.3592 loss=1.7115 (124s)

Done: 124s. Saved to ../results/weight_covariance_v2/noise90_long/adam_n90_s42.json
Final: train=0.3913 test=0.3592
=== seed 42: lora ===
Dataset: standard, Input: 784, Params: 282,094, Mode: lora, Device: cuda
  Epoch  -1: train=0.0972 test=0.0666 loss=2.3089 (0s)
  Epoch   0: train=0.1656 test=0.7342 loss=2.2801 (3s)
  Epoch   1: train=0.1722 test=0.7649 loss=2.2764 (5s)
  Epoch   2: train=0.1784 test=0.8122 loss=2.2688 (8s)
  Epoch   3: train=0.1780 test=0.7994 loss=2.2659 (11s)
  Epoch   4: train=0.1808 test=0.8122 loss=2.2624 (13s)
  Epoch   5: train=0.1823 test=0.7977 loss=2.2597 (16s)
  Epoch   6: train=0.1865 test=0.8266 loss=2.2531 (19s)
  Epoch   7: train=0.1861 test=0.8085 loss=2.2470 (21s)
  Epoch   8: train=0.1881 test=0.7933 loss=2.2453 (24s)
  Epoch   9: train=0.1881 test=0.7521 loss=2.2419 (27s)
  Epoch  10: train=0.1931 test=0.7698 loss=2.2319 (29s)
  Epoch  11: train=0.1943 test=0.7473 loss=2.2263 (32s)
  Epoch  12: train=0.1987 test=0.7448 loss=2.2184 (35s)
  Epoch  13: train=0.1995 test=0.6989 loss=2.2145 (37s)
  Epoch  14: train=0.2041 test=0.6895 loss=2.2048 (40s)
  Epoch  15: train=0.2094 test=0.6987 loss=2.1904 (43s)
  Epoch  16: train=0.2146 test=0.6458 loss=2.1864 (45s)
  Epoch  17: train=0.2161 test=0.6431 loss=2.1793 (48s)
  Epoch  18: train=0.2190 test=0.5827 loss=2.1686 (51s)
  Epoch  19: train=0.2233 test=0.5922 loss=2.1537 (53s)
  Epoch  20: train=0.2313 test=0.6019 loss=2.1365 (56s)
  Epoch  21: train=0.2340 test=0.5758 loss=2.1318 (59s)
  Epoch  22: train=0.2368 test=0.4839 loss=2.1315 (61s)
  Epoch  23: train=0.2419 test=0.5241 loss=2.1100 (64s)
  Epoch  24: train=0.2519 test=0.5167 loss=2.0943 (67s)
  Epoch  25: train=0.2561 test=0.5155 loss=2.0859 (69s)
  Epoch  26: train=0.2634 test=0.5132 loss=2.0610 (72s)
  Epoch  27: train=0.2598 test=0.4689 loss=2.0635 (75s)
  Epoch  28: train=0.2637 test=0.4596 loss=2.0573 (78s)
  Epoch  29: train=0.2719 test=0.4516 loss=2.0411 (81s)
  Epoch  30: train=0.2737 test=0.4592 loss=2.0366 (83s)
  Epoch  31: train=0.2811 test=0.4417 loss=2.0201 (86s)
  Epoch  32: train=0.2799 test=0.4259 loss=2.0142 (89s)
  Epoch  33: train=0.2898 test=0.4264 loss=1.9965 (92s)
  Epoch  34: train=0.2853 test=0.4208 loss=2.0019 (94s)
  Epoch  35: train=0.2908 test=0.3863 loss=1.9988 (97s)
  Epoch  36: train=0.2958 test=0.4199 loss=1.9849 (100s)
  Epoch  37: train=0.3080 test=0.3939 loss=1.9522 (103s)
  Epoch  38: train=0.3059 test=0.4106 loss=1.9481 (106s)
  Epoch  39: train=0.3050 test=0.3948 loss=1.9531 (108s)
  Epoch  40: train=0.3096 test=0.3907 loss=1.9422 (111s)
  Epoch  41: train=0.3130 test=0.3845 loss=1.9397 (114s)
  Epoch  42: train=0.3160 test=0.3540 loss=1.9270 (116s)
  Epoch  43: train=0.3240 test=0.3736 loss=1.9103 (119s)
  Epoch  44: train=0.3220 test=0.3679 loss=1.9101 (122s)
  Epoch  45: train=0.3252 test=0.3272 loss=1.9052 (125s)
  Epoch  46: train=0.3333 test=0.3560 loss=1.8871 (127s)
  Epoch  47: train=0.3331 test=0.3473 loss=1.8828 (130s)
  Epoch  48: train=0.3347 test=0.3590 loss=1.8736 (132s)
  Epoch  49: train=0.3371 test=0.3489 loss=1.8734 (135s)
  Epoch  50: train=0.3399 test=0.3602 loss=1.8597 (138s)
  Epoch  51: train=0.3418 test=0.3575 loss=1.8649 (141s)
  Epoch  52: train=0.3400 test=0.3358 loss=1.8640 (144s)
  Epoch  53: train=0.3426 test=0.3197 loss=1.8532 (146s)
  Epoch  54: train=0.3446 test=0.3564 loss=1.8527 (149s)
  Epoch  55: train=0.3429 test=0.3336 loss=1.8439 (152s)
  Epoch  56: train=0.3530 test=0.3564 loss=1.8287 (154s)
  Epoch  57: train=0.3523 test=0.3380 loss=1.8341 (157s)
  Epoch  58: train=0.3547 test=0.3342 loss=1.8240 (160s)
  Epoch  59: train=0.3544 test=0.3164 loss=1.8246 (162s)

Done: 162s. Saved to ../results/weight_covariance_v2/noise90_long/lora_n90_s42.json
Final: train=0.3544 test=0.3164
=== seed 42: random_subspace r200 ===
Dataset: standard, Input: 784, Params: 235,146, Mode: random_subspace, Device: cuda
  Epoch  -1: train=0.0987 test=0.0530 loss=2.3069 (0s)
  Epoch   0: train=0.1411 test=0.4761 loss=2.2916 (3s)
  Epoch   1: train=0.1482 test=0.5474 loss=2.2897 (5s)
  Epoch   2: train=0.1488 test=0.5444 loss=2.2892 (8s)
  Epoch   3: train=0.1503 test=0.5533 loss=2.2879 (10s)
  Epoch   4: train=0.1479 test=0.5378 loss=2.2886 (12s)
  Epoch   5: train=0.1524 test=0.5650 loss=2.2870 (14s)
  Epoch   6: train=0.1524 test=0.5564 loss=2.2877 (16s)
  Epoch   7: train=0.1497 test=0.5652 loss=2.2876 (19s)
  Epoch   8: train=0.1516 test=0.5715 loss=2.2878 (21s)
  Epoch   9: train=0.1529 test=0.5855 loss=2.2866 (23s)
  Epoch  10: train=0.1510 test=0.5579 loss=2.2876 (25s)
  Epoch  11: train=0.1533 test=0.5685 loss=2.2869 (28s)
  Epoch  12: train=0.1533 test=0.5768 loss=2.2870 (30s)
  Epoch  13: train=0.1503 test=0.5567 loss=2.2873 (32s)
  Epoch  14: train=0.1508 test=0.5688 loss=2.2864 (34s)
  Epoch  15: train=0.1528 test=0.5809 loss=2.2864 (36s)
  Epoch  16: train=0.1511 test=0.5632 loss=2.2866 (39s)
  Epoch  17: train=0.1509 test=0.5493 loss=2.2871 (41s)
  Epoch  18: train=0.1513 test=0.5571 loss=2.2872 (44s)
  Epoch  19: train=0.1519 test=0.5657 loss=2.2874 (46s)
  Epoch  20: train=0.1532 test=0.5759 loss=2.2865 (48s)
  Epoch  21: train=0.1517 test=0.5646 loss=2.2876 (50s)
  Epoch  22: train=0.1523 test=0.5633 loss=2.2866 (52s)
  Epoch  23: train=0.1508 test=0.5704 loss=2.2877 (55s)
  Epoch  24: train=0.1499 test=0.5461 loss=2.2877 (57s)
  Epoch  25: train=0.1544 test=0.5637 loss=2.2861 (59s)
  Epoch  26: train=0.1544 test=0.5921 loss=2.2866 (61s)
  Epoch  27: train=0.1527 test=0.5779 loss=2.2859 (63s)
  Epoch  28: train=0.1536 test=0.5853 loss=2.2873 (66s)
  Epoch  29: train=0.1548 test=0.5919 loss=2.2868 (68s)
  Epoch  30: train=0.1537 test=0.5893 loss=2.2866 (70s)
  Epoch  31: train=0.1489 test=0.5571 loss=2.2871 (72s)
  Epoch  32: train=0.1526 test=0.5669 loss=2.2864 (74s)
  Epoch  33: train=0.1543 test=0.5740 loss=2.2871 (76s)
  Epoch  34: train=0.1531 test=0.5791 loss=2.2865 (79s)
  Epoch  35: train=0.1524 test=0.5778 loss=2.2882 (81s)
  Epoch  36: train=0.1524 test=0.5779 loss=2.2863 (83s)
  Epoch  37: train=0.1520 test=0.5685 loss=2.2869 (85s)
  Epoch  38: train=0.1508 test=0.5586 loss=2.2882 (88s)
  Epoch  39: train=0.1532 test=0.5774 loss=2.2864 (90s)
  Epoch  40: train=0.1504 test=0.5595 loss=2.2868 (93s)
  Epoch  41: train=0.1510 test=0.5659 loss=2.2872 (95s)
  Epoch  42: train=0.1503 test=0.5528 loss=2.2868 (97s)
  Epoch  43: train=0.1512 test=0.5522 loss=2.2874 (99s)
  Epoch  44: train=0.1536 test=0.5758 loss=2.2866 (102s)
  Epoch  45: train=0.1530 test=0.5767 loss=2.2865 (104s)
  Epoch  46: train=0.1513 test=0.5712 loss=2.2865 (106s)
  Epoch  47: train=0.1525 test=0.5758 loss=2.2862 (108s)
  Epoch  48: train=0.1522 test=0.5680 loss=2.2871 (110s)
  Epoch  49: train=0.1508 test=0.5435 loss=2.2868 (112s)
  Epoch  50: train=0.1537 test=0.5867 loss=2.2866 (113s)
  Epoch  51: train=0.1540 test=0.5829 loss=2.2871 (115s)
  Epoch  52: train=0.1555 test=0.5962 loss=2.2861 (117s)
  Epoch  53: train=0.1543 test=0.5924 loss=2.2868 (119s)
  Epoch  54: train=0.1522 test=0.5678 loss=2.2867 (122s)
  Epoch  55: train=0.1518 test=0.5797 loss=2.2870 (124s)
  Epoch  56: train=0.1545 test=0.5900 loss=2.2861 (126s)
  Epoch  57: train=0.1532 test=0.5716 loss=2.2865 (128s)
  Epoch  58: train=0.1517 test=0.5683 loss=2.2881 (130s)
  Epoch  59: train=0.1493 test=0.5417 loss=2.2873 (133s)

Done: 133s. Saved to ../results/weight_covariance_v2/noise90_long/random_subspace_n90_s42.json
Final: train=0.1493 test=0.5417
=== seed 42: ours r200 ===
Dataset: standard, Input: 784, Params: 235,146, Mode: ours, Device: cuda
  Epoch  -1: train=0.0987 test=0.0530 loss=2.3069 (0s)
  Epoch   0: train=0.1418 test=0.4623 loss=2.2940 (6s)
  Epoch   1: train=0.1524 test=0.5959 loss=2.2863 (12s)
  Epoch   2: train=0.1573 test=0.6557 loss=2.2840 (19s)
  Epoch   3: train=0.1559 test=0.6099 loss=2.2859 (25s)
  Epoch   4: train=0.1620 test=0.6829 loss=2.2813 (31s)
  Epoch   5: train=0.1558 test=0.6273 loss=2.2844 (37s)
  Epoch   6: train=0.1604 test=0.6469 loss=2.2809 (43s)
  Epoch   7: train=0.1519 test=0.5872 loss=2.2854 (49s)
  Epoch   8: train=0.1636 test=0.7107 loss=2.2820 (56s)
  Epoch   9: train=0.1664 test=0.7316 loss=2.2794 (62s)
  Epoch  10: train=0.1659 test=0.7342 loss=2.2808 (68s)
  Epoch  11: train=0.1683 test=0.7551 loss=2.2787 (74s)
  Epoch  12: train=0.1552 test=0.6312 loss=2.2831 (81s)
  Epoch  13: train=0.1681 test=0.7420 loss=2.2783 (87s)
  Epoch  14: train=0.1674 test=0.7510 loss=2.2793 (93s)
  Epoch  15: train=0.1696 test=0.7830 loss=2.2776 (99s)
  Epoch  16: train=0.1706 test=0.7868 loss=2.2789 (106s)
  Epoch  17: train=0.1696 test=0.7818 loss=2.2771 (112s)
  Epoch  18: train=0.1687 test=0.7621 loss=2.2791 (118s)
  Epoch  19: train=0.1688 test=0.7538 loss=2.2802 (124s)
  Epoch  20: train=0.1728 test=0.8025 loss=2.2763 (131s)
  Epoch  21: train=0.1666 test=0.7307 loss=2.2786 (137s)
  Epoch  22: train=0.1737 test=0.8159 loss=2.2760 (143s)
  Epoch  23: train=0.1701 test=0.7655 loss=2.2795 (149s)
  Epoch  24: train=0.1736 test=0.8146 loss=2.2760 (156s)
  Epoch  25: train=0.1749 test=0.8248 loss=2.2753 (162s)
  Epoch  26: train=0.1731 test=0.8123 loss=2.2762 (168s)
  Epoch  27: train=0.1706 test=0.7592 loss=2.2773 (174s)
  Epoch  28: train=0.1705 test=0.7695 loss=2.2782 (181s)
  Epoch  29: train=0.1725 test=0.8009 loss=2.2762 (187s)
  Epoch  30: train=0.1698 test=0.7731 loss=2.2781 (193s)
  Epoch  31: train=0.1723 test=0.7783 loss=2.2775 (200s)
  Epoch  32: train=0.1732 test=0.8017 loss=2.2767 (206s)
  Epoch  33: train=0.1725 test=0.7995 loss=2.2775 (212s)
  Epoch  34: train=0.1737 test=0.8071 loss=2.2747 (218s)
  Epoch  35: train=0.1727 test=0.8212 loss=2.2762 (225s)
  Epoch  36: train=0.1758 test=0.8388 loss=2.2734 (231s)
  Epoch  37: train=0.1740 test=0.8189 loss=2.2757 (237s)
  Epoch  38: train=0.1733 test=0.8060 loss=2.2761 (243s)
  Epoch  39: train=0.1744 test=0.8158 loss=2.2745 (250s)
  Epoch  40: train=0.1765 test=0.8345 loss=2.2739 (256s)
  Epoch  41: train=0.1746 test=0.8049 loss=2.2751 (262s)
  Epoch  42: train=0.1729 test=0.7961 loss=2.2761 (269s)
  Epoch  43: train=0.1766 test=0.8392 loss=2.2731 (275s)
  Epoch  44: train=0.1728 test=0.7967 loss=2.2757 (281s)
  Epoch  45: train=0.1759 test=0.8227 loss=2.2745 (287s)
  Epoch  46: train=0.1739 test=0.8031 loss=2.2748 (294s)
  Epoch  47: train=0.1731 test=0.7843 loss=2.2753 (300s)
  Epoch  48: train=0.1716 test=0.7662 loss=2.2759 (306s)
  Epoch  49: train=0.1776 test=0.8335 loss=2.2738 (312s)
  Epoch  50: train=0.1754 test=0.8197 loss=2.2737 (319s)
  Epoch  51: train=0.1697 test=0.7424 loss=2.2778 (325s)
  Epoch  52: train=0.1780 test=0.8600 loss=2.2724 (331s)
  Epoch  53: train=0.1770 test=0.8292 loss=2.2740 (337s)
  Epoch  54: train=0.1768 test=0.8275 loss=2.2742 (344s)
  Epoch  55: train=0.1743 test=0.8138 loss=2.2745 (350s)
  Epoch  56: train=0.1726 test=0.7986 loss=2.2750 (356s)
  Epoch  57: train=0.1767 test=0.8356 loss=2.2747 (362s)
  Epoch  58: train=0.1763 test=0.8180 loss=2.2744 (369s)
  Epoch  59: train=0.1701 test=0.7428 loss=2.2772 (375s)

Done: 375s. Saved to ../results/weight_covariance_v2/noise90_long/ours_r200_n90_s42.json
Final: train=0.1701 test=0.7428
=== seed 42: ours r100 ===
Dataset: standard, Input: 784, Params: 235,146, Mode: ours, Device: cuda
  Epoch  -1: train=0.0987 test=0.0530 loss=2.3069 (0s)
  Epoch   0: train=0.1358 test=0.4245 loss=2.2957 (4s)
  Epoch   1: train=0.1399 test=0.4309 loss=2.2897 (8s)
  Epoch   2: train=0.1415 test=0.4580 loss=2.2923 (11s)
  Epoch   3: train=0.1535 test=0.5769 loss=2.2885 (15s)
  Epoch   4: train=0.1523 test=0.6041 loss=2.2856 (19s)
  Epoch   5: train=0.1511 test=0.5744 loss=2.2886 (23s)
  Epoch   6: train=0.1546 test=0.6108 loss=2.2847 (27s)
  Epoch   7: train=0.1542 test=0.6204 loss=2.2864 (31s)
  Epoch   8: train=0.1505 test=0.5726 loss=2.2869 (34s)
  Epoch   9: train=0.1604 test=0.6652 loss=2.2832 (38s)
  Epoch  10: train=0.1547 test=0.6240 loss=2.2864 (42s)
  Epoch  11: train=0.1627 test=0.6939 loss=2.2814 (46s)
  Epoch  12: train=0.1568 test=0.6377 loss=2.2861 (49s)
  Epoch  13: train=0.1618 test=0.6800 loss=2.2821 (53s)
  Epoch  14: train=0.1588 test=0.6610 loss=2.2836 (57s)
  Epoch  15: train=0.1624 test=0.6873 loss=2.2811 (61s)
  Epoch  16: train=0.1605 test=0.6753 loss=2.2817 (65s)
  Epoch  17: train=0.1612 test=0.6887 loss=2.2808 (68s)
  Epoch  18: train=0.1585 test=0.6507 loss=2.2822 (72s)
  Epoch  19: train=0.1593 test=0.6528 loss=2.2827 (76s)
  Epoch  20: train=0.1654 test=0.7201 loss=2.2808 (80s)
  Epoch  21: train=0.1613 test=0.6892 loss=2.2841 (84s)
  Epoch  22: train=0.1609 test=0.6791 loss=2.2816 (87s)
  Epoch  23: train=0.1582 test=0.6230 loss=2.2846 (91s)
  Epoch  24: train=0.1545 test=0.6199 loss=2.2839 (95s)
  Epoch  25: train=0.1629 test=0.6960 loss=2.2817 (99s)
  Epoch  26: train=0.1640 test=0.7225 loss=2.2801 (103s)
  Epoch  27: train=0.1639 test=0.7032 loss=2.2805 (106s)
  Epoch  28: train=0.1580 test=0.6581 loss=2.2827 (110s)
  Epoch  29: train=0.1661 test=0.7296 loss=2.2798 (114s)
  Epoch  30: train=0.1696 test=0.7711 loss=2.2787 (118s)
  Epoch  31: train=0.1633 test=0.7121 loss=2.2821 (122s)
  Epoch  32: train=0.1649 test=0.7257 loss=2.2810 (126s)
  Epoch  33: train=0.1681 test=0.7516 loss=2.2790 (129s)
  Epoch  34: train=0.1676 test=0.7499 loss=2.2780 (133s)
  Epoch  35: train=0.1661 test=0.7447 loss=2.2800 (137s)
  Epoch  36: train=0.1661 test=0.7544 loss=2.2789 (141s)
  Epoch  37: train=0.1675 test=0.7684 loss=2.2791 (145s)
  Epoch  38: train=0.1637 test=0.7149 loss=2.2796 (148s)
  Epoch  39: train=0.1678 test=0.7520 loss=2.2787 (152s)
  Epoch  40: train=0.1690 test=0.7823 loss=2.2783 (156s)
  Epoch  41: train=0.1616 test=0.7035 loss=2.2813 (160s)
  Epoch  42: train=0.1670 test=0.7399 loss=2.2797 (164s)
  Epoch  43: train=0.1662 test=0.7440 loss=2.2804 (168s)
  Epoch  44: train=0.1653 test=0.7278 loss=2.2810 (171s)
  Epoch  45: train=0.1711 test=0.7987 loss=2.2768 (175s)
  Epoch  46: train=0.1694 test=0.7688 loss=2.2779 (179s)
  Epoch  47: train=0.1693 test=0.7686 loss=2.2779 (183s)
  Epoch  48: train=0.1654 test=0.7165 loss=2.2801 (187s)
  Epoch  49: train=0.1654 test=0.7188 loss=2.2799 (190s)
  Epoch  50: train=0.1692 test=0.7701 loss=2.2790 (194s)
  Epoch  51: train=0.1679 test=0.7454 loss=2.2796 (198s)
  Epoch  52: train=0.1688 test=0.7727 loss=2.2788 (202s)
  Epoch  53: train=0.1661 test=0.7545 loss=2.2803 (206s)
  Epoch  54: train=0.1676 test=0.7523 loss=2.2784 (210s)
  Epoch  55: train=0.1692 test=0.7644 loss=2.2777 (213s)
  Epoch  56: train=0.1658 test=0.7474 loss=2.2790 (217s)
  Epoch  57: train=0.1678 test=0.7478 loss=2.2798 (221s)
  Epoch  58: train=0.1685 test=0.7699 loss=2.2777 (225s)
  Epoch  59: train=0.1652 test=0.7125 loss=2.2788 (229s)

Done: 229s. Saved to ../results/weight_covariance_v2/noise90_long/ours_r100_n90_s42.json
Final: train=0.1652 test=0.7125
=== seed 42: ours r50 ===
Dataset: standard, Input: 784, Params: 235,146, Mode: ours, Device: cuda
  Epoch  -1: train=0.0987 test=0.0530 loss=2.3069 (0s)
  Epoch   0: train=0.1437 test=0.4924 loss=2.2923 (4s)
  Epoch   1: train=0.1450 test=0.5165 loss=2.2902 (7s)
  Epoch   2: train=0.1504 test=0.5859 loss=2.2892 (10s)
  Epoch   3: train=0.1443 test=0.5221 loss=2.2906 (14s)
  Epoch   4: train=0.1408 test=0.4963 loss=2.2898 (17s)
  Epoch   5: train=0.1546 test=0.6164 loss=2.2859 (20s)
  Epoch   6: train=0.1501 test=0.5547 loss=2.2863 (24s)
  Epoch   7: train=0.1411 test=0.4856 loss=2.2913 (27s)
  Epoch   8: train=0.1437 test=0.5026 loss=2.2901 (30s)
  Epoch   9: train=0.1504 test=0.5813 loss=2.2872 (34s)
  Epoch  10: train=0.1516 test=0.5798 loss=2.2870 (37s)
  Epoch  11: train=0.1533 test=0.5939 loss=2.2865 (41s)
  Epoch  12: train=0.1412 test=0.5132 loss=2.2906 (44s)
  Epoch  13: train=0.1540 test=0.5840 loss=2.2861 (47s)
  Epoch  14: train=0.1553 test=0.6311 loss=2.2855 (51s)
  Epoch  15: train=0.1562 test=0.6240 loss=2.2845 (55s)
  Epoch  16: train=0.1547 test=0.6148 loss=2.2852 (59s)
  Epoch  17: train=0.1577 test=0.6451 loss=2.2835 (62s)
  Epoch  18: train=0.1524 test=0.5866 loss=2.2858 (65s)
  Epoch  19: train=0.1543 test=0.6066 loss=2.2859 (69s)
  Epoch  20: train=0.1504 test=0.5636 loss=2.2857 (72s)
  Epoch  21: train=0.1523 test=0.5950 loss=2.2854 (75s)
  Epoch  22: train=0.1517 test=0.5984 loss=2.2860 (78s)
  Epoch  23: train=0.1538 test=0.6137 loss=2.2866 (82s)
  Epoch  24: train=0.1561 test=0.6553 loss=2.2851 (85s)
  Epoch  25: train=0.1582 test=0.6677 loss=2.2841 (88s)
  Epoch  26: train=0.1593 test=0.6859 loss=2.2829 (92s)
  Epoch  27: train=0.1569 test=0.6470 loss=2.2841 (95s)
  Epoch  28: train=0.1562 test=0.6549 loss=2.2847 (99s)
  Epoch  29: train=0.1579 test=0.6801 loss=2.2825 (102s)
  Epoch  30: train=0.1555 test=0.6326 loss=2.2837 (106s)
  Epoch  31: train=0.1578 test=0.6467 loss=2.2853 (109s)
  Epoch  32: train=0.1526 test=0.6050 loss=2.2848 (112s)
  Epoch  33: train=0.1610 test=0.6944 loss=2.2826 (116s)
  Epoch  34: train=0.1579 test=0.6545 loss=2.2832 (119s)
  Epoch  35: train=0.1547 test=0.6312 loss=2.2854 (122s)
  Epoch  36: train=0.1530 test=0.5959 loss=2.2876 (126s)
  Epoch  37: train=0.1565 test=0.6323 loss=2.2840 (129s)
  Epoch  38: train=0.1598 test=0.6633 loss=2.2823 (132s)
  Epoch  39: train=0.1568 test=0.6470 loss=2.2827 (136s)
  Epoch  40: train=0.1605 test=0.6541 loss=2.2825 (139s)
  Epoch  41: train=0.1583 test=0.6524 loss=2.2832 (142s)
  Epoch  42: train=0.1576 test=0.6197 loss=2.2845 (146s)
  Epoch  43: train=0.1614 test=0.6841 loss=2.2824 (149s)
  Epoch  44: train=0.1587 test=0.6449 loss=2.2828 (152s)
  Epoch  45: train=0.1592 test=0.6694 loss=2.2835 (155s)
  Epoch  46: train=0.1584 test=0.6323 loss=2.2829 (158s)
  Epoch  47: train=0.1610 test=0.6661 loss=2.2822 (162s)
  Epoch  48: train=0.1509 test=0.5721 loss=2.2871 (165s)
  Epoch  49: train=0.1568 test=0.6381 loss=2.2835 (168s)
  Epoch  50: train=0.1590 test=0.6455 loss=2.2832 (171s)
  Epoch  51: train=0.1555 test=0.6233 loss=2.2855 (175s)
  Epoch  52: train=0.1573 test=0.6231 loss=2.2832 (178s)
  Epoch  53: train=0.1582 test=0.6419 loss=2.2831 (182s)
  Epoch  54: train=0.1552 test=0.6202 loss=2.2842 (185s)
  Epoch  55: train=0.1582 test=0.6469 loss=2.2823 (188s)
  Epoch  56: train=0.1573 test=0.6499 loss=2.2825 (191s)
  Epoch  57: train=0.1552 test=0.6155 loss=2.2844 (195s)
  Epoch  58: train=0.1595 test=0.6682 loss=2.2819 (198s)
  Epoch  59: train=0.1552 test=0.6390 loss=2.2838 (201s)

Done: 201s. Saved to ../results/weight_covariance_v2/noise90_long/ours_r50_n90_s42.json
Final: train=0.1552 test=0.6390
=== seed 43: adam ===
Dataset: standard, Input: 784, Params: 235,146, Mode: adam, Device: cuda
  Epoch  -1: train=0.1020 test=0.1102 loss=2.3085 (0s)
  Epoch   0: train=0.1751 test=0.8152 loss=2.2767 (2s)
  Epoch   1: train=0.1777 test=0.8184 loss=2.2718 (4s)
  Epoch   2: train=0.1785 test=0.7986 loss=2.2675 (7s)
  Epoch   3: train=0.1828 test=0.8115 loss=2.2630 (9s)
  Epoch   4: train=0.1855 test=0.8228 loss=2.2584 (11s)
  Epoch   5: train=0.1883 test=0.8065 loss=2.2501 (13s)
  Epoch   6: train=0.1905 test=0.7851 loss=2.2452 (15s)
  Epoch   7: train=0.1954 test=0.7723 loss=2.2332 (17s)
  Epoch   8: train=0.1988 test=0.7412 loss=2.2234 (19s)
  Epoch   9: train=0.2016 test=0.7303 loss=2.2125 (21s)
  Epoch  10: train=0.2089 test=0.7408 loss=2.1984 (23s)
  Epoch  11: train=0.2160 test=0.6871 loss=2.1809 (25s)
  Epoch  12: train=0.2175 test=0.6904 loss=2.1745 (28s)
  Epoch  13: train=0.2225 test=0.6413 loss=2.1587 (30s)
  Epoch  14: train=0.2278 test=0.6419 loss=2.1453 (32s)
  Epoch  15: train=0.2354 test=0.6073 loss=2.1227 (34s)
  Epoch  16: train=0.2420 test=0.6262 loss=2.1089 (36s)
  Epoch  17: train=0.2470 test=0.5774 loss=2.0956 (39s)
  Epoch  18: train=0.2525 test=0.5535 loss=2.0788 (41s)
  Epoch  19: train=0.2599 test=0.5343 loss=2.0668 (43s)
  Epoch  20: train=0.2643 test=0.5549 loss=2.0485 (45s)
  Epoch  21: train=0.2687 test=0.5368 loss=2.0411 (47s)
  Epoch  22: train=0.2699 test=0.5099 loss=2.0338 (49s)
  Epoch  23: train=0.2762 test=0.4930 loss=2.0208 (51s)
  Epoch  24: train=0.2782 test=0.4965 loss=2.0125 (53s)
  Epoch  25: train=0.2883 test=0.4669 loss=1.9887 (55s)
  Epoch  26: train=0.2888 test=0.4767 loss=1.9891 (57s)
  Epoch  27: train=0.2936 test=0.4745 loss=1.9783 (59s)
  Epoch  28: train=0.3001 test=0.4608 loss=1.9588 (61s)
  Epoch  29: train=0.3036 test=0.4613 loss=1.9457 (63s)
  Epoch  30: train=0.3076 test=0.4655 loss=1.9350 (65s)
  Epoch  31: train=0.3120 test=0.4394 loss=1.9248 (67s)
  Epoch  32: train=0.3104 test=0.4466 loss=1.9286 (69s)
  Epoch  33: train=0.3121 test=0.4535 loss=1.9252 (71s)
  Epoch  34: train=0.3224 test=0.4479 loss=1.8997 (73s)
  Epoch  35: train=0.3194 test=0.4495 loss=1.9014 (75s)
  Epoch  36: train=0.3293 test=0.4394 loss=1.8767 (77s)
  Epoch  37: train=0.3271 test=0.4355 loss=1.8822 (79s)
  Epoch  38: train=0.3322 test=0.4415 loss=1.8714 (82s)
  Epoch  39: train=0.3363 test=0.4166 loss=1.8582 (84s)
  Epoch  40: train=0.3342 test=0.4024 loss=1.8604 (86s)
  Epoch  41: train=0.3366 test=0.4127 loss=1.8615 (88s)
  Epoch  42: train=0.3397 test=0.4141 loss=1.8425 (90s)
  Epoch  43: train=0.3425 test=0.4138 loss=1.8380 (92s)
  Epoch  44: train=0.3470 test=0.4145 loss=1.8305 (94s)
  Epoch  45: train=0.3506 test=0.3959 loss=1.8118 (96s)
  Epoch  46: train=0.3543 test=0.4065 loss=1.8087 (98s)
  Epoch  47: train=0.3535 test=0.3866 loss=1.8071 (100s)
  Epoch  48: train=0.3516 test=0.3984 loss=1.8095 (102s)
  Epoch  49: train=0.3526 test=0.3745 loss=1.8041 (105s)
  Epoch  50: train=0.3602 test=0.3857 loss=1.7868 (107s)
  Epoch  51: train=0.3619 test=0.3944 loss=1.7802 (109s)
  Epoch  52: train=0.3553 test=0.3817 loss=1.7950 (111s)
  Epoch  53: train=0.3602 test=0.3776 loss=1.7848 (113s)
  Epoch  54: train=0.3675 test=0.4083 loss=1.7713 (115s)
  Epoch  55: train=0.3725 test=0.3778 loss=1.7611 (117s)
  Epoch  56: train=0.3680 test=0.3777 loss=1.7624 (119s)
  Epoch  57: train=0.3674 test=0.3835 loss=1.7623 (121s)
  Epoch  58: train=0.3725 test=0.3602 loss=1.7513 (123s)
  Epoch  59: train=0.3699 test=0.3774 loss=1.7564 (125s)

Done: 125s. Saved to ../results/weight_covariance_v2/noise90_long/adam_n90_s43.json
Final: train=0.3699 test=0.3774
=== seed 43: lora ===
Dataset: standard, Input: 784, Params: 282,094, Mode: lora, Device: cuda
  Epoch  -1: train=0.1056 test=0.1230 loss=2.3055 (0s)
  Epoch   0: train=0.1696 test=0.7696 loss=2.2771 (3s)
  Epoch   1: train=0.1665 test=0.6953 loss=2.2763 (6s)
  Epoch   2: train=0.1718 test=0.7389 loss=2.2718 (8s)
  Epoch   3: train=0.1777 test=0.7752 loss=2.2669 (11s)
  Epoch   4: train=0.1822 test=0.8075 loss=2.2624 (14s)
  Epoch   5: train=0.1830 test=0.7994 loss=2.2568 (16s)
  Epoch   6: train=0.1842 test=0.7694 loss=2.2556 (19s)
  Epoch   7: train=0.1846 test=0.7445 loss=2.2546 (22s)
  Epoch   8: train=0.1890 test=0.7906 loss=2.2434 (25s)
  Epoch   9: train=0.1915 test=0.7677 loss=2.2385 (27s)
  Epoch  10: train=0.1945 test=0.7599 loss=2.2289 (30s)
  Epoch  11: train=0.1962 test=0.7509 loss=2.2285 (33s)
  Epoch  12: train=0.1950 test=0.6956 loss=2.2215 (35s)
  Epoch  13: train=0.2042 test=0.7229 loss=2.2053 (38s)
  Epoch  14: train=0.2070 test=0.6954 loss=2.1973 (41s)
  Epoch  15: train=0.2115 test=0.6733 loss=2.1923 (43s)
  Epoch  16: train=0.2157 test=0.6208 loss=2.1815 (46s)
  Epoch  17: train=0.2223 test=0.6366 loss=2.1658 (49s)
  Epoch  18: train=0.2210 test=0.6145 loss=2.1663 (51s)
  Epoch  19: train=0.2304 test=0.5807 loss=2.1494 (54s)
  Epoch  20: train=0.2306 test=0.5676 loss=2.1378 (57s)
  Epoch  21: train=0.2360 test=0.5577 loss=2.1289 (60s)
  Epoch  22: train=0.2452 test=0.5278 loss=2.1130 (62s)
  Epoch  23: train=0.2427 test=0.4701 loss=2.1115 (65s)
  Epoch  24: train=0.2444 test=0.5019 loss=2.1030 (68s)
  Epoch  25: train=0.2582 test=0.5156 loss=2.0747 (71s)
  Epoch  26: train=0.2569 test=0.5034 loss=2.0809 (74s)
  Epoch  27: train=0.2635 test=0.4748 loss=2.0640 (77s)
  Epoch  28: train=0.2675 test=0.4907 loss=2.0562 (80s)
  Epoch  29: train=0.2767 test=0.4613 loss=2.0292 (82s)
  Epoch  30: train=0.2761 test=0.4466 loss=2.0297 (85s)
  Epoch  31: train=0.2796 test=0.4414 loss=2.0189 (88s)
  Epoch  32: train=0.2778 test=0.4323 loss=2.0218 (91s)
  Epoch  33: train=0.2835 test=0.4395 loss=2.0097 (94s)
  Epoch  34: train=0.2949 test=0.4292 loss=1.9824 (96s)
  Epoch  35: train=0.2992 test=0.4316 loss=1.9728 (99s)
  Epoch  36: train=0.2956 test=0.4072 loss=1.9739 (101s)
  Epoch  37: train=0.3011 test=0.4233 loss=1.9634 (104s)
  Epoch  38: train=0.3073 test=0.3584 loss=1.9546 (107s)
  Epoch  39: train=0.3083 test=0.3745 loss=1.9457 (110s)
  Epoch  40: train=0.3099 test=0.3840 loss=1.9428 (112s)
  Epoch  41: train=0.3172 test=0.3847 loss=1.9250 (115s)
  Epoch  42: train=0.3190 test=0.3766 loss=1.9190 (117s)
  Epoch  43: train=0.3225 test=0.4100 loss=1.9097 (120s)
  Epoch  44: train=0.3293 test=0.3747 loss=1.9004 (123s)
  Epoch  45: train=0.3214 test=0.3573 loss=1.9116 (125s)
  Epoch  46: train=0.3306 test=0.3560 loss=1.8933 (128s)
  Epoch  47: train=0.3297 test=0.3528 loss=1.8885 (130s)
  Epoch  48: train=0.3303 test=0.3434 loss=1.8823 (133s)
  Epoch  49: train=0.3341 test=0.3422 loss=1.8805 (136s)
  Epoch  50: train=0.3326 test=0.3651 loss=1.8818 (138s)
  Epoch  51: train=0.3357 test=0.3460 loss=1.8752 (141s)
  Epoch  52: train=0.3402 test=0.3327 loss=1.8621 (143s)
  Epoch  53: train=0.3445 test=0.3686 loss=1.8494 (146s)
  Epoch  54: train=0.3461 test=0.3259 loss=1.8514 (149s)
  Epoch  55: train=0.3484 test=0.3516 loss=1.8452 (151s)
  Epoch  56: train=0.3522 test=0.3321 loss=1.8389 (154s)
  Epoch  57: train=0.3505 test=0.3459 loss=1.8338 (157s)
  Epoch  58: train=0.3511 test=0.3311 loss=1.8271 (159s)
  Epoch  59: train=0.3595 test=0.3311 loss=1.8138 (162s)

Done: 162s. Saved to ../results/weight_covariance_v2/noise90_long/lora_n90_s43.json
Final: train=0.3595 test=0.3311
=== seed 43: random_subspace r200 ===
Dataset: standard, Input: 784, Params: 235,146, Mode: random_subspace, Device: cuda
  Epoch  -1: train=0.1020 test=0.1102 loss=2.3085 (0s)
  Epoch   0: train=0.1468 test=0.5479 loss=2.2915 (3s)
  Epoch   1: train=0.1504 test=0.5798 loss=2.2897 (5s)
  Epoch   2: train=0.1484 test=0.5638 loss=2.2896 (8s)
  Epoch   3: train=0.1510 test=0.5743 loss=2.2894 (10s)
  Epoch   4: train=0.1519 test=0.5965 loss=2.2884 (12s)
  Epoch   5: train=0.1492 test=0.5594 loss=2.2890 (14s)
  Epoch   6: train=0.1522 test=0.5676 loss=2.2876 (16s)
  Epoch   7: train=0.1535 test=0.5947 loss=2.2878 (19s)
  Epoch   8: train=0.1504 test=0.5740 loss=2.2891 (21s)
  Epoch   9: train=0.1517 test=0.5837 loss=2.2883 (23s)
  Epoch  10: train=0.1494 test=0.5607 loss=2.2879 (25s)
  Epoch  11: train=0.1498 test=0.5815 loss=2.2878 (27s)
  Epoch  12: train=0.1517 test=0.5698 loss=2.2873 (30s)
  Epoch  13: train=0.1517 test=0.5707 loss=2.2870 (32s)
  Epoch  14: train=0.1498 test=0.5469 loss=2.2883 (34s)
  Epoch  15: train=0.1495 test=0.5589 loss=2.2887 (36s)
  Epoch  16: train=0.1534 test=0.5904 loss=2.2869 (38s)
  Epoch  17: train=0.1530 test=0.5902 loss=2.2878 (41s)
  Epoch  18: train=0.1515 test=0.5760 loss=2.2874 (43s)
  Epoch  19: train=0.1511 test=0.5735 loss=2.2876 (45s)
  Epoch  20: train=0.1519 test=0.5719 loss=2.2874 (47s)
  Epoch  21: train=0.1481 test=0.5387 loss=2.2894 (49s)
  Epoch  22: train=0.1520 test=0.5671 loss=2.2873 (52s)
  Epoch  23: train=0.1517 test=0.5786 loss=2.2875 (54s)
  Epoch  24: train=0.1508 test=0.5665 loss=2.2876 (56s)
  Epoch  25: train=0.1509 test=0.5698 loss=2.2868 (58s)
  Epoch  26: train=0.1519 test=0.5815 loss=2.2865 (60s)
  Epoch  27: train=0.1527 test=0.5715 loss=2.2869 (63s)
  Epoch  28: train=0.1513 test=0.5803 loss=2.2882 (65s)
  Epoch  29: train=0.1513 test=0.5532 loss=2.2876 (67s)
  Epoch  30: train=0.1544 test=0.5845 loss=2.2865 (69s)
  Epoch  31: train=0.1535 test=0.5813 loss=2.2870 (72s)
  Epoch  32: train=0.1521 test=0.5784 loss=2.2870 (74s)
  Epoch  33: train=0.1502 test=0.5548 loss=2.2883 (76s)
  Epoch  34: train=0.1547 test=0.6063 loss=2.2867 (78s)
  Epoch  35: train=0.1527 test=0.5779 loss=2.2873 (80s)
  Epoch  36: train=0.1519 test=0.5684 loss=2.2872 (83s)
  Epoch  37: train=0.1546 test=0.5892 loss=2.2866 (85s)
  Epoch  38: train=0.1542 test=0.5941 loss=2.2873 (87s)
  Epoch  39: train=0.1500 test=0.5626 loss=2.2880 (89s)
  Epoch  40: train=0.1543 test=0.5909 loss=2.2868 (91s)
  Epoch  41: train=0.1541 test=0.5748 loss=2.2873 (94s)
  Epoch  42: train=0.1528 test=0.5779 loss=2.2868 (96s)
  Epoch  43: train=0.1527 test=0.5749 loss=2.2873 (98s)
  Epoch  44: train=0.1521 test=0.5718 loss=2.2880 (100s)
  Epoch  45: train=0.1531 test=0.5798 loss=2.2868 (102s)
  Epoch  46: train=0.1541 test=0.5905 loss=2.2870 (105s)
  Epoch  47: train=0.1534 test=0.5927 loss=2.2869 (107s)
  Epoch  48: train=0.1530 test=0.5903 loss=2.2872 (109s)
  Epoch  49: train=0.1515 test=0.5744 loss=2.2883 (111s)
  Epoch  50: train=0.1524 test=0.5668 loss=2.2882 (113s)
  Epoch  51: train=0.1534 test=0.5737 loss=2.2875 (116s)
  Epoch  52: train=0.1512 test=0.5648 loss=2.2879 (118s)
  Epoch  53: train=0.1492 test=0.5522 loss=2.2882 (120s)
  Epoch  54: train=0.1500 test=0.5523 loss=2.2893 (122s)
  Epoch  55: train=0.1509 test=0.5603 loss=2.2884 (125s)
  Epoch  56: train=0.1517 test=0.5735 loss=2.2872 (127s)
  Epoch  57: train=0.1537 test=0.5831 loss=2.2865 (129s)
  Epoch  58: train=0.1491 test=0.5595 loss=2.2879 (131s)
  Epoch  59: train=0.1529 test=0.5770 loss=2.2873 (133s)

Done: 133s. Saved to ../results/weight_covariance_v2/noise90_long/random_subspace_n90_s43.json
Final: train=0.1529 test=0.5770
=== seed 43: ours r200 ===
Dataset: standard, Input: 784, Params: 235,146, Mode: ours, Device: cuda
  Epoch  -1: train=0.1020 test=0.1102 loss=2.3085 (0s)
  Epoch   0: train=0.1424 test=0.5033 loss=2.2925 (6s)
  Epoch   1: train=0.1500 test=0.6029 loss=2.2903 (12s)
  Epoch   2: train=0.1499 test=0.5485 loss=2.2905 (19s)
  Epoch   3: train=0.1518 test=0.6009 loss=2.2863 (25s)
  Epoch   4: train=0.1593 test=0.6677 loss=2.2846 (32s)
  Epoch   5: train=0.1684 test=0.7587 loss=2.2804 (38s)
  Epoch   6: train=0.1646 test=0.7257 loss=2.2822 (44s)
  Epoch   7: train=0.1671 test=0.7259 loss=2.2802 (50s)
  Epoch   8: train=0.1703 test=0.7595 loss=2.2783 (56s)
  Epoch   9: train=0.1627 test=0.7070 loss=2.2806 (63s)
  Epoch  10: train=0.1723 test=0.7887 loss=2.2771 (69s)
  Epoch  11: train=0.1667 test=0.7274 loss=2.2802 (75s)
  Epoch  12: train=0.1714 test=0.7774 loss=2.2773 (81s)
  Epoch  13: train=0.1680 test=0.7480 loss=2.2781 (87s)
  Epoch  14: train=0.1709 test=0.7766 loss=2.2775 (93s)
  Epoch  15: train=0.1720 test=0.7940 loss=2.2774 (100s)
  Epoch  16: train=0.1750 test=0.8161 loss=2.2746 (106s)
  Epoch  17: train=0.1715 test=0.7735 loss=2.2775 (112s)
  Epoch  18: train=0.1704 test=0.7561 loss=2.2775 (118s)
  Epoch  19: train=0.1746 test=0.7969 loss=2.2783 (124s)
  Epoch  20: train=0.1720 test=0.7891 loss=2.2770 (131s)
  Epoch  21: train=0.1648 test=0.7126 loss=2.2817 (137s)
  Epoch  22: train=0.1730 test=0.7932 loss=2.2754 (143s)
  Epoch  23: train=0.1700 test=0.7675 loss=2.2781 (149s)
  Epoch  24: train=0.1745 test=0.8084 loss=2.2754 (156s)
  Epoch  25: train=0.1721 test=0.7728 loss=2.2765 (162s)
  Epoch  26: train=0.1729 test=0.7824 loss=2.2763 (168s)
  Epoch  27: train=0.1786 test=0.8417 loss=2.2739 (174s)
  Epoch  28: train=0.1727 test=0.7806 loss=2.2764 (181s)
  Epoch  29: train=0.1735 test=0.7938 loss=2.2776 (187s)
  Epoch  30: train=0.1741 test=0.8174 loss=2.2749 (193s)
  Epoch  31: train=0.1748 test=0.8173 loss=2.2738 (199s)
  Epoch  32: train=0.1709 test=0.7612 loss=2.2767 (206s)
  Epoch  33: train=0.1758 test=0.8205 loss=2.2756 (212s)
  Epoch  34: train=0.1763 test=0.8234 loss=2.2734 (218s)
  Epoch  35: train=0.1765 test=0.8284 loss=2.2738 (224s)
  Epoch  36: train=0.1772 test=0.8299 loss=2.2728 (231s)
  Epoch  37: train=0.1764 test=0.8316 loss=2.2730 (237s)
  Epoch  38: train=0.1741 test=0.7884 loss=2.2762 (243s)
  Epoch  39: train=0.1751 test=0.8048 loss=2.2745 (249s)
  Epoch  40: train=0.1772 test=0.8280 loss=2.2742 (256s)
  Epoch  41: train=0.1741 test=0.8017 loss=2.2753 (262s)
  Epoch  42: train=0.1779 test=0.8313 loss=2.2743 (268s)
  Epoch  43: train=0.1757 test=0.8057 loss=2.2767 (274s)
  Epoch  44: train=0.1767 test=0.8234 loss=2.2733 (281s)
  Epoch  45: train=0.1744 test=0.7927 loss=2.2749 (287s)
  Epoch  46: train=0.1762 test=0.8209 loss=2.2735 (293s)
  Epoch  47: train=0.1784 test=0.8264 loss=2.2741 (299s)
  Epoch  48: train=0.1781 test=0.8179 loss=2.2730 (306s)
  Epoch  49: train=0.1790 test=0.8372 loss=2.2722 (312s)
  Epoch  50: train=0.1782 test=0.8387 loss=2.2723 (318s)
  Epoch  51: train=0.1781 test=0.8285 loss=2.2725 (325s)
  Epoch  52: train=0.1734 test=0.7777 loss=2.2746 (331s)
  Epoch  53: train=0.1748 test=0.7960 loss=2.2743 (337s)
  Epoch  54: train=0.1780 test=0.8162 loss=2.2733 (343s)
  Epoch  55: train=0.1751 test=0.7953 loss=2.2742 (349s)
  Epoch  56: train=0.1780 test=0.8254 loss=2.2723 (356s)
  Epoch  57: train=0.1766 test=0.7989 loss=2.2739 (362s)
  Epoch  58: train=0.1759 test=0.7965 loss=2.2730 (368s)
  Epoch  59: train=0.1779 test=0.8187 loss=2.2718 (374s)

Done: 374s. Saved to ../results/weight_covariance_v2/noise90_long/ours_r200_n90_s43.json
Final: train=0.1779 test=0.8187
=== seed 43: ours r100 ===
Dataset: standard, Input: 784, Params: 235,146, Mode: ours, Device: cuda
  Epoch  -1: train=0.1020 test=0.1102 loss=2.3085 (0s)
  Epoch   0: train=0.1285 test=0.3638 loss=2.2993 (4s)
  Epoch   1: train=0.1416 test=0.5180 loss=2.2906 (8s)
  Epoch   2: train=0.1502 test=0.5840 loss=2.2893 (12s)
  Epoch   3: train=0.1465 test=0.5425 loss=2.2885 (16s)
  Epoch   4: train=0.1556 test=0.6325 loss=2.2875 (19s)
  Epoch   5: train=0.1535 test=0.5989 loss=2.2885 (23s)
  Epoch   6: train=0.1591 test=0.6608 loss=2.2843 (27s)
  Epoch   7: train=0.1593 test=0.6658 loss=2.2846 (31s)
  Epoch   8: train=0.1652 test=0.7263 loss=2.2832 (35s)
  Epoch   9: train=0.1565 test=0.6364 loss=2.2834 (39s)
  Epoch  10: train=0.1573 test=0.6548 loss=2.2841 (42s)
  Epoch  11: train=0.1602 test=0.6666 loss=2.2833 (46s)
  Epoch  12: train=0.1611 test=0.6807 loss=2.2836 (50s)
  Epoch  13: train=0.1622 test=0.6864 loss=2.2808 (54s)
  Epoch  14: train=0.1558 test=0.6543 loss=2.2856 (58s)
  Epoch  15: train=0.1635 test=0.7100 loss=2.2808 (61s)
  Epoch  16: train=0.1643 test=0.7146 loss=2.2794 (65s)
  Epoch  17: train=0.1638 test=0.6989 loss=2.2806 (69s)
  Epoch  18: train=0.1636 test=0.6994 loss=2.2824 (73s)
  Epoch  19: train=0.1659 test=0.7176 loss=2.2824 (76s)
  Epoch  20: train=0.1633 test=0.7025 loss=2.2809 (80s)
  Epoch  21: train=0.1630 test=0.6960 loss=2.2821 (84s)
  Epoch  22: train=0.1661 test=0.7231 loss=2.2794 (88s)
  Epoch  23: train=0.1640 test=0.6912 loss=2.2822 (92s)
  Epoch  24: train=0.1629 test=0.7044 loss=2.2813 (95s)
  Epoch  25: train=0.1612 test=0.6861 loss=2.2818 (99s)
  Epoch  26: train=0.1651 test=0.7337 loss=2.2804 (103s)
  Epoch  27: train=0.1622 test=0.7012 loss=2.2809 (107s)
  Epoch  28: train=0.1590 test=0.6618 loss=2.2833 (111s)
  Epoch  29: train=0.1614 test=0.6790 loss=2.2829 (115s)
  Epoch  30: train=0.1668 test=0.7328 loss=2.2805 (118s)
  Epoch  31: train=0.1645 test=0.7173 loss=2.2805 (122s)
  Epoch  32: train=0.1646 test=0.7008 loss=2.2805 (126s)
  Epoch  33: train=0.1653 test=0.7273 loss=2.2832 (130s)
  Epoch  34: train=0.1659 test=0.7404 loss=2.2798 (134s)
  Epoch  35: train=0.1663 test=0.7395 loss=2.2791 (137s)
  Epoch  36: train=0.1669 test=0.7468 loss=2.2792 (141s)
  Epoch  37: train=0.1676 test=0.7424 loss=2.2795 (145s)
  Epoch  38: train=0.1621 test=0.6904 loss=2.2810 (149s)
  Epoch  39: train=0.1617 test=0.6826 loss=2.2810 (153s)
  Epoch  40: train=0.1660 test=0.7247 loss=2.2796 (157s)
  Epoch  41: train=0.1649 test=0.7256 loss=2.2804 (160s)
  Epoch  42: train=0.1645 test=0.7143 loss=2.2817 (164s)
  Epoch  43: train=0.1658 test=0.7236 loss=2.2835 (168s)
  Epoch  44: train=0.1661 test=0.7378 loss=2.2788 (172s)
  Epoch  45: train=0.1650 test=0.7060 loss=2.2800 (176s)
  Epoch  46: train=0.1673 test=0.7379 loss=2.2798 (179s)
  Epoch  47: train=0.1661 test=0.7345 loss=2.2787 (183s)
  Epoch  48: train=0.1665 test=0.7187 loss=2.2788 (187s)
  Epoch  49: train=0.1649 test=0.7211 loss=2.2797 (191s)
  Epoch  50: train=0.1678 test=0.7513 loss=2.2781 (195s)
  Epoch  51: train=0.1666 test=0.7379 loss=2.2785 (198s)
  Epoch  52: train=0.1678 test=0.7411 loss=2.2779 (202s)
  Epoch  53: train=0.1622 test=0.6814 loss=2.2817 (206s)
  Epoch  54: train=0.1666 test=0.7283 loss=2.2796 (210s)
  Epoch  55: train=0.1709 test=0.7492 loss=2.2780 (214s)
  Epoch  56: train=0.1683 test=0.7343 loss=2.2791 (218s)
  Epoch  57: train=0.1658 test=0.7153 loss=2.2793 (221s)
  Epoch  58: train=0.1660 test=0.7180 loss=2.2791 (225s)
  Epoch  59: train=0.1678 test=0.7395 loss=2.2783 (229s)

Done: 229s. Saved to ../results/weight_covariance_v2/noise90_long/ours_r100_n90_s43.json
Final: train=0.1678 test=0.7395
=== seed 43: ours r50 ===
Dataset: standard, Input: 784, Params: 235,146, Mode: ours, Device: cuda
  Epoch  -1: train=0.1020 test=0.1102 loss=2.3085 (0s)
  Epoch   0: train=0.1404 test=0.4915 loss=2.2917 (4s)
  Epoch   1: train=0.1455 test=0.5514 loss=2.2925 (7s)
  Epoch   2: train=0.1573 test=0.6452 loss=2.2882 (11s)
  Epoch   3: train=0.1492 test=0.5610 loss=2.2876 (14s)
  Epoch   4: train=0.1515 test=0.5956 loss=2.2894 (18s)
  Epoch   5: train=0.1524 test=0.6228 loss=2.2874 (21s)
  Epoch   6: train=0.1517 test=0.5873 loss=2.2885 (25s)
  Epoch   7: train=0.1498 test=0.5699 loss=2.2864 (28s)
  Epoch   8: train=0.1500 test=0.5794 loss=2.2885 (32s)
  Epoch   9: train=0.1523 test=0.5926 loss=2.2876 (35s)
  Epoch  10: train=0.1575 test=0.6521 loss=2.2844 (39s)
  Epoch  11: train=0.1582 test=0.6669 loss=2.2856 (42s)
  Epoch  12: train=0.1582 test=0.6700 loss=2.2857 (46s)
  Epoch  13: train=0.1542 test=0.6236 loss=2.2850 (49s)
  Epoch  14: train=0.1556 test=0.6565 loss=2.2849 (52s)
  Epoch  15: train=0.1616 test=0.6902 loss=2.2835 (56s)
  Epoch  16: train=0.1608 test=0.6883 loss=2.2830 (59s)
  Epoch  17: train=0.1556 test=0.6219 loss=2.2846 (62s)
  Epoch  18: train=0.1590 test=0.6580 loss=2.2852 (65s)
  Epoch  19: train=0.1571 test=0.6430 loss=2.2854 (69s)
  Epoch  20: train=0.1610 test=0.6975 loss=2.2824 (72s)
  Epoch  21: train=0.1563 test=0.6449 loss=2.2841 (76s)
  Epoch  22: train=0.1602 test=0.6649 loss=2.2823 (79s)
  Epoch  23: train=0.1556 test=0.6597 loss=2.2842 (82s)
  Epoch  24: train=0.1600 test=0.6841 loss=2.2833 (86s)
  Epoch  25: train=0.1595 test=0.6781 loss=2.2834 (89s)
  Epoch  26: train=0.1590 test=0.6662 loss=2.2820 (92s)
  Epoch  27: train=0.1630 test=0.7075 loss=2.2817 (96s)
  Epoch  28: train=0.1557 test=0.6216 loss=2.2839 (100s)
  Epoch  29: train=0.1552 test=0.6193 loss=2.2849 (103s)
  Epoch  30: train=0.1610 test=0.6912 loss=2.2831 (106s)
  Epoch  31: train=0.1622 test=0.6857 loss=2.2824 (110s)
  Epoch  32: train=0.1611 test=0.6915 loss=2.2830 (113s)
  Epoch  33: train=0.1606 test=0.6993 loss=2.2830 (117s)
  Epoch  34: train=0.1636 test=0.7127 loss=2.2813 (120s)
  Epoch  35: train=0.1641 test=0.7172 loss=2.2819 (124s)
  Epoch  36: train=0.1641 test=0.7230 loss=2.2806 (127s)
  Epoch  37: train=0.1623 test=0.7139 loss=2.2814 (131s)
  Epoch  38: train=0.1595 test=0.6846 loss=2.2819 (134s)
  Epoch  39: train=0.1580 test=0.6502 loss=2.2844 (137s)
  Epoch  40: train=0.1588 test=0.6665 loss=2.2823 (141s)
  Epoch  41: train=0.1590 test=0.6806 loss=2.2817 (144s)
  Epoch  42: train=0.1592 test=0.6754 loss=2.2827 (147s)
  Epoch  43: train=0.1575 test=0.6683 loss=2.2841 (151s)
  Epoch  44: train=0.1566 test=0.6371 loss=2.2836 (154s)
  Epoch  45: train=0.1583 test=0.6508 loss=2.2827 (157s)
  Epoch  46: train=0.1579 test=0.6684 loss=2.2836 (161s)
  Epoch  47: train=0.1563 test=0.6425 loss=2.2829 (164s)
  Epoch  48: train=0.1543 test=0.6305 loss=2.2833 (168s)
  Epoch  49: train=0.1605 test=0.6837 loss=2.2824 (171s)
  Epoch  50: train=0.1589 test=0.6651 loss=2.2824 (174s)
  Epoch  51: train=0.1608 test=0.6872 loss=2.2817 (178s)
  Epoch  52: train=0.1606 test=0.6713 loss=2.2815 (181s)
  Epoch  53: train=0.1583 test=0.6474 loss=2.2827 (185s)
  Epoch  54: train=0.1599 test=0.6720 loss=2.2817 (188s)
  Epoch  55: train=0.1611 test=0.6778 loss=2.2814 (191s)
  Epoch  56: train=0.1591 test=0.6539 loss=2.2818 (194s)
  Epoch  57: train=0.1583 test=0.6473 loss=2.2821 (198s)
  Epoch  58: train=0.1618 test=0.6854 loss=2.2814 (201s)
  Epoch  59: train=0.1613 test=0.6850 loss=2.2814 (204s)

Done: 204s. Saved to ../results/weight_covariance_v2/noise90_long/ours_r50_n90_s43.json
Final: train=0.1613 test=0.6850
=== seed 44: adam ===
Dataset: standard, Input: 784, Params: 235,146, Mode: adam, Device: cuda
  Epoch  -1: train=0.0968 test=0.0850 loss=2.3134 (0s)
  Epoch   0: train=0.1666 test=0.7282 loss=2.2788 (2s)
  Epoch   1: train=0.1780 test=0.8291 loss=2.2716 (5s)
  Epoch   2: train=0.1792 test=0.8285 loss=2.2691 (7s)
  Epoch   3: train=0.1814 test=0.8424 loss=2.2636 (9s)
  Epoch   4: train=0.1852 test=0.8214 loss=2.2581 (11s)
  Epoch   5: train=0.1862 test=0.8108 loss=2.2511 (13s)
  Epoch   6: train=0.1938 test=0.8128 loss=2.2417 (15s)
  Epoch   7: train=0.1941 test=0.8051 loss=2.2345 (18s)
  Epoch   8: train=0.2012 test=0.7759 loss=2.2214 (20s)
  Epoch   9: train=0.2057 test=0.7621 loss=2.2108 (22s)
  Epoch  10: train=0.2090 test=0.7631 loss=2.1979 (24s)
  Epoch  11: train=0.2135 test=0.6937 loss=2.1867 (26s)
  Epoch  12: train=0.2233 test=0.6602 loss=2.1633 (28s)
  Epoch  13: train=0.2262 test=0.6494 loss=2.1543 (30s)
  Epoch  14: train=0.2311 test=0.6822 loss=2.1398 (32s)
  Epoch  15: train=0.2414 test=0.6003 loss=2.1193 (34s)
  Epoch  16: train=0.2461 test=0.5702 loss=2.1053 (37s)
  Epoch  17: train=0.2527 test=0.5548 loss=2.0888 (39s)
  Epoch  18: train=0.2582 test=0.5613 loss=2.0746 (41s)
  Epoch  19: train=0.2698 test=0.5651 loss=2.0475 (43s)
  Epoch  20: train=0.2723 test=0.5579 loss=2.0347 (45s)
  Epoch  21: train=0.2772 test=0.5257 loss=2.0231 (48s)
  Epoch  22: train=0.2815 test=0.5327 loss=2.0123 (50s)
  Epoch  23: train=0.2851 test=0.5129 loss=1.9997 (52s)
  Epoch  24: train=0.2920 test=0.5094 loss=1.9796 (55s)
  Epoch  25: train=0.2987 test=0.4837 loss=1.9610 (57s)
  Epoch  26: train=0.3059 test=0.4892 loss=1.9493 (59s)
  Epoch  27: train=0.3062 test=0.4746 loss=1.9414 (61s)
  Epoch  28: train=0.3081 test=0.4539 loss=1.9400 (63s)
  Epoch  29: train=0.3137 test=0.4640 loss=1.9219 (65s)
  Epoch  30: train=0.3179 test=0.4422 loss=1.9073 (68s)
  Epoch  31: train=0.3198 test=0.4476 loss=1.9023 (70s)
  Epoch  32: train=0.3266 test=0.4407 loss=1.8856 (72s)
  Epoch  33: train=0.3301 test=0.4332 loss=1.8771 (74s)
  Epoch  34: train=0.3327 test=0.4471 loss=1.8642 (76s)
  Epoch  35: train=0.3381 test=0.4097 loss=1.8579 (78s)
  Epoch  36: train=0.3411 test=0.4277 loss=1.8474 (80s)
  Epoch  37: train=0.3481 test=0.4361 loss=1.8297 (83s)
  Epoch  38: train=0.3428 test=0.4324 loss=1.8376 (85s)
  Epoch  39: train=0.3503 test=0.4300 loss=1.8254 (87s)
  Epoch  40: train=0.3507 test=0.4246 loss=1.8213 (89s)
  Epoch  41: train=0.3594 test=0.4100 loss=1.7957 (91s)
  Epoch  42: train=0.3558 test=0.4059 loss=1.8010 (93s)
  Epoch  43: train=0.3618 test=0.4023 loss=1.7830 (96s)
  Epoch  44: train=0.3629 test=0.3965 loss=1.7851 (98s)
  Epoch  45: train=0.3688 test=0.4107 loss=1.7721 (100s)
  Epoch  46: train=0.3682 test=0.3952 loss=1.7691 (102s)
  Epoch  47: train=0.3603 test=0.3897 loss=1.7856 (105s)
  Epoch  48: train=0.3718 test=0.3774 loss=1.7603 (107s)
  Epoch  49: train=0.3804 test=0.3852 loss=1.7415 (109s)
  Epoch  50: train=0.3760 test=0.3929 loss=1.7472 (111s)
  Epoch  51: train=0.3792 test=0.3912 loss=1.7363 (113s)
  Epoch  52: train=0.3855 test=0.3910 loss=1.7196 (116s)
  Epoch  53: train=0.3816 test=0.3602 loss=1.7284 (118s)
  Epoch  54: train=0.3840 test=0.3739 loss=1.7190 (120s)
  Epoch  55: train=0.3921 test=0.3905 loss=1.7075 (122s)
  Epoch  56: train=0.3896 test=0.3744 loss=1.7066 (124s)
  Epoch  57: train=0.3871 test=0.4006 loss=1.7112 (126s)
  Epoch  58: train=0.3911 test=0.3655 loss=1.7019 (129s)
  Epoch  59: train=0.3952 test=0.3800 loss=1.6913 (131s)

Done: 131s. Saved to ../results/weight_covariance_v2/noise90_long/adam_n90_s44.json
Final: train=0.3952 test=0.3800
=== seed 44: lora ===
Dataset: standard, Input: 784, Params: 282,094, Mode: lora, Device: cuda
  Epoch  -1: train=0.1039 test=0.1273 loss=2.3045 (0s)
  Epoch   0: train=0.1606 test=0.6620 loss=2.2818 (3s)
  Epoch   1: train=0.1668 test=0.6999 loss=2.2760 (5s)
  Epoch   2: train=0.1708 test=0.7540 loss=2.2733 (8s)
  Epoch   3: train=0.1787 test=0.7994 loss=2.2657 (11s)
  Epoch   4: train=0.1811 test=0.7961 loss=2.2618 (13s)
  Epoch   5: train=0.1831 test=0.8127 loss=2.2579 (16s)
  Epoch   6: train=0.1860 test=0.8075 loss=2.2539 (19s)
  Epoch   7: train=0.1852 test=0.7861 loss=2.2481 (22s)
  Epoch   8: train=0.1882 test=0.7946 loss=2.2454 (25s)
  Epoch   9: train=0.1907 test=0.7882 loss=2.2366 (28s)
  Epoch  10: train=0.1943 test=0.7668 loss=2.2292 (31s)
  Epoch  11: train=0.1947 test=0.7469 loss=2.2258 (33s)
  Epoch  12: train=0.1986 test=0.7628 loss=2.2165 (36s)
  Epoch  13: train=0.2030 test=0.7300 loss=2.2097 (39s)
  Epoch  14: train=0.2089 test=0.6934 loss=2.1979 (41s)
  Epoch  15: train=0.2089 test=0.6601 loss=2.1904 (44s)
  Epoch  16: train=0.2128 test=0.6675 loss=2.1816 (47s)
  Epoch  17: train=0.2189 test=0.6046 loss=2.1767 (50s)
  Epoch  18: train=0.2250 test=0.6216 loss=2.1561 (52s)
  Epoch  19: train=0.2245 test=0.5697 loss=2.1563 (55s)
  Epoch  20: train=0.2321 test=0.5994 loss=2.1358 (58s)
  Epoch  21: train=0.2366 test=0.5662 loss=2.1264 (60s)
  Epoch  22: train=0.2428 test=0.5447 loss=2.1131 (63s)
  Epoch  23: train=0.2520 test=0.5329 loss=2.0932 (66s)
  Epoch  24: train=0.2526 test=0.5386 loss=2.0880 (69s)
  Epoch  25: train=0.2586 test=0.5096 loss=2.0717 (71s)
  Epoch  26: train=0.2542 test=0.4959 loss=2.0801 (74s)
  Epoch  27: train=0.2682 test=0.4757 loss=2.0592 (77s)
  Epoch  28: train=0.2653 test=0.4746 loss=2.0511 (79s)
  Epoch  29: train=0.2767 test=0.4615 loss=2.0271 (82s)
  Epoch  30: train=0.2806 test=0.4713 loss=2.0172 (85s)
  Epoch  31: train=0.2820 test=0.4488 loss=2.0084 (87s)
  Epoch  32: train=0.2916 test=0.4295 loss=1.9968 (90s)
  Epoch  33: train=0.2932 test=0.4318 loss=1.9912 (93s)
  Epoch  34: train=0.2947 test=0.4298 loss=1.9819 (95s)
  Epoch  35: train=0.3028 test=0.4050 loss=1.9733 (98s)
  Epoch  36: train=0.3052 test=0.4010 loss=1.9574 (100s)
  Epoch  37: train=0.3097 test=0.3798 loss=1.9516 (103s)
  Epoch  38: train=0.3145 test=0.3975 loss=1.9419 (106s)
  Epoch  39: train=0.3162 test=0.3827 loss=1.9308 (108s)
  Epoch  40: train=0.3153 test=0.3969 loss=1.9372 (111s)
  Epoch  41: train=0.3209 test=0.4062 loss=1.9210 (114s)
  Epoch  42: train=0.3256 test=0.3832 loss=1.9086 (116s)
  Epoch  43: train=0.3233 test=0.3483 loss=1.9078 (119s)
  Epoch  44: train=0.3290 test=0.3575 loss=1.8991 (122s)
  Epoch  45: train=0.3337 test=0.3695 loss=1.8914 (124s)
  Epoch  46: train=0.3350 test=0.3445 loss=1.8865 (127s)
  Epoch  47: train=0.3346 test=0.3457 loss=1.8787 (130s)
  Epoch  48: train=0.3364 test=0.3469 loss=1.8809 (132s)
  Epoch  49: train=0.3416 test=0.3479 loss=1.8665 (135s)
  Epoch  50: train=0.3413 test=0.3380 loss=1.8624 (137s)
  Epoch  51: train=0.3398 test=0.3216 loss=1.8663 (140s)
  Epoch  52: train=0.3482 test=0.3572 loss=1.8484 (143s)
  Epoch  53: train=0.3492 test=0.3413 loss=1.8443 (145s)
  Epoch  54: train=0.3502 test=0.3291 loss=1.8390 (148s)
  Epoch  55: train=0.3550 test=0.3317 loss=1.8291 (151s)
  Epoch  56: train=0.3518 test=0.3164 loss=1.8365 (154s)
  Epoch  57: train=0.3609 test=0.3329 loss=1.8208 (156s)
  Epoch  58: train=0.3606 test=0.3112 loss=1.8073 (159s)
  Epoch  59: train=0.3624 test=0.3107 loss=1.8094 (162s)

Done: 162s. Saved to ../results/weight_covariance_v2/noise90_long/lora_n90_s44.json
Final: train=0.3624 test=0.3107
=== seed 44: random_subspace r200 ===
Dataset: standard, Input: 784, Params: 235,146, Mode: random_subspace, Device: cuda
  Epoch  -1: train=0.0968 test=0.0850 loss=2.3134 (0s)
  Epoch   0: train=0.1438 test=0.5078 loss=2.2915 (3s)
  Epoch   1: train=0.1483 test=0.5346 loss=2.2905 (6s)
  Epoch   2: train=0.1505 test=0.5723 loss=2.2898 (8s)
  Epoch   3: train=0.1495 test=0.5434 loss=2.2908 (10s)
  Epoch   4: train=0.1510 test=0.5569 loss=2.2894 (12s)
  Epoch   5: train=0.1486 test=0.5281 loss=2.2907 (14s)
  Epoch   6: train=0.1532 test=0.5874 loss=2.2887 (17s)
  Epoch   7: train=0.1517 test=0.5801 loss=2.2888 (19s)
  Epoch   8: train=0.1518 test=0.5965 loss=2.2886 (21s)
  Epoch   9: train=0.1516 test=0.5765 loss=2.2887 (23s)
  Epoch  10: train=0.1499 test=0.5626 loss=2.2894 (26s)
  Epoch  11: train=0.1534 test=0.5790 loss=2.2891 (28s)
  Epoch  12: train=0.1474 test=0.5360 loss=2.2894 (30s)
  Epoch  13: train=0.1514 test=0.5757 loss=2.2887 (32s)
  Epoch  14: train=0.1543 test=0.6050 loss=2.2883 (34s)
  Epoch  15: train=0.1511 test=0.5694 loss=2.2885 (37s)
  Epoch  16: train=0.1519 test=0.5686 loss=2.2890 (39s)
  Epoch  17: train=0.1528 test=0.5681 loss=2.2888 (41s)
  Epoch  18: train=0.1499 test=0.5705 loss=2.2889 (43s)
  Epoch  19: train=0.1535 test=0.5930 loss=2.2879 (45s)
  Epoch  20: train=0.1542 test=0.5749 loss=2.2880 (48s)
  Epoch  21: train=0.1520 test=0.5732 loss=2.2889 (50s)
  Epoch  22: train=0.1515 test=0.5749 loss=2.2880 (52s)
  Epoch  23: train=0.1517 test=0.5824 loss=2.2883 (54s)
  Epoch  24: train=0.1520 test=0.5708 loss=2.2894 (57s)
  Epoch  25: train=0.1518 test=0.5772 loss=2.2892 (59s)
  Epoch  26: train=0.1512 test=0.5733 loss=2.2885 (61s)
  Epoch  27: train=0.1486 test=0.5475 loss=2.2887 (63s)
  Epoch  28: train=0.1479 test=0.5499 loss=2.2886 (66s)
  Epoch  29: train=0.1516 test=0.5802 loss=2.2883 (68s)
  Epoch  30: train=0.1521 test=0.5700 loss=2.2882 (70s)
  Epoch  31: train=0.1518 test=0.5833 loss=2.2881 (72s)
  Epoch  32: train=0.1515 test=0.5719 loss=2.2889 (75s)
  Epoch  33: train=0.1512 test=0.5719 loss=2.2886 (77s)
  Epoch  34: train=0.1529 test=0.5858 loss=2.2877 (79s)
  Epoch  35: train=0.1520 test=0.5748 loss=2.2890 (81s)
  Epoch  36: train=0.1512 test=0.5819 loss=2.2890 (84s)
  Epoch  37: train=0.1511 test=0.5682 loss=2.2889 (86s)
  Epoch  38: train=0.1485 test=0.5617 loss=2.2893 (88s)
  Epoch  39: train=0.1530 test=0.5771 loss=2.2887 (90s)
  Epoch  40: train=0.1499 test=0.5593 loss=2.2895 (93s)
  Epoch  41: train=0.1497 test=0.5526 loss=2.2892 (95s)
  Epoch  42: train=0.1511 test=0.5732 loss=2.2879 (97s)
  Epoch  43: train=0.1503 test=0.5467 loss=2.2890 (99s)
  Epoch  44: train=0.1510 test=0.5810 loss=2.2896 (102s)
  Epoch  45: train=0.1493 test=0.5331 loss=2.2895 (104s)
  Epoch  46: train=0.1527 test=0.5638 loss=2.2877 (106s)
  Epoch  47: train=0.1510 test=0.5489 loss=2.2890 (108s)
  Epoch  48: train=0.1522 test=0.5837 loss=2.2883 (110s)
  Epoch  49: train=0.1482 test=0.5207 loss=2.2905 (113s)
  Epoch  50: train=0.1509 test=0.5520 loss=2.2892 (115s)
  Epoch  51: train=0.1524 test=0.5821 loss=2.2884 (117s)
  Epoch  52: train=0.1507 test=0.5560 loss=2.2892 (120s)
  Epoch  53: train=0.1462 test=0.5339 loss=2.2903 (122s)
  Epoch  54: train=0.1515 test=0.5725 loss=2.2890 (125s)
  Epoch  55: train=0.1530 test=0.5799 loss=2.2882 (127s)
  Epoch  56: train=0.1534 test=0.5690 loss=2.2885 (130s)
  Epoch  57: train=0.1541 test=0.5878 loss=2.2891 (132s)
  Epoch  58: train=0.1523 test=0.5755 loss=2.2890 (134s)
  Epoch  59: train=0.1523 test=0.5621 loss=2.2882 (136s)

Done: 136s. Saved to ../results/weight_covariance_v2/noise90_long/random_subspace_n90_s44.json
Final: train=0.1523 test=0.5621
=== seed 44: ours r200 ===
Dataset: standard, Input: 784, Params: 235,146, Mode: ours, Device: cuda
  Epoch  -1: train=0.0968 test=0.0850 loss=2.3134 (0s)
  Epoch   0: train=0.1380 test=0.4604 loss=2.2966 (6s)
  Epoch   1: train=0.1575 test=0.6520 loss=2.2870 (13s)
  Epoch   2: train=0.1585 test=0.6632 loss=2.2841 (19s)
  Epoch   3: train=0.1582 test=0.6649 loss=2.2827 (25s)
  Epoch   4: train=0.1520 test=0.5870 loss=2.2861 (31s)
  Epoch   5: train=0.1605 test=0.6765 loss=2.2834 (37s)
  Epoch   6: train=0.1632 test=0.7026 loss=2.2840 (43s)
  Epoch   7: train=0.1607 test=0.6810 loss=2.2819 (49s)
  Epoch   8: train=0.1612 test=0.6677 loss=2.2823 (56s)
  Epoch   9: train=0.1661 test=0.7251 loss=2.2807 (62s)
  Epoch  10: train=0.1706 test=0.7634 loss=2.2798 (68s)
  Epoch  11: train=0.1693 test=0.7841 loss=2.2777 (74s)
  Epoch  12: train=0.1722 test=0.8058 loss=2.2775 (81s)
  Epoch  13: train=0.1660 test=0.7458 loss=2.2792 (87s)
  Epoch  14: train=0.1681 test=0.7608 loss=2.2784 (93s)
  Epoch  15: train=0.1736 test=0.8182 loss=2.2759 (99s)
  Epoch  16: train=0.1704 test=0.7721 loss=2.2776 (105s)
  Epoch  17: train=0.1750 test=0.8169 loss=2.2746 (111s)
  Epoch  18: train=0.1719 test=0.7964 loss=2.2759 (118s)
  Epoch  19: train=0.1753 test=0.8189 loss=2.2737 (124s)
  Epoch  20: train=0.1767 test=0.8400 loss=2.2740 (130s)
  Epoch  21: train=0.1747 test=0.8209 loss=2.2746 (136s)
  Epoch  22: train=0.1718 test=0.8028 loss=2.2761 (143s)
  Epoch  23: train=0.1744 test=0.8132 loss=2.2750 (149s)
  Epoch  24: train=0.1728 test=0.8008 loss=2.2757 (155s)
  Epoch  25: train=0.1680 test=0.7516 loss=2.2786 (162s)
  Epoch  26: train=0.1754 test=0.8251 loss=2.2741 (168s)
  Epoch  27: train=0.1749 test=0.8188 loss=2.2739 (174s)
  Epoch  28: train=0.1773 test=0.8351 loss=2.2731 (180s)
  Epoch  29: train=0.1744 test=0.8135 loss=2.2750 (187s)
  Epoch  30: train=0.1733 test=0.7909 loss=2.2759 (193s)
  Epoch  31: train=0.1678 test=0.7371 loss=2.2793 (199s)
  Epoch  32: train=0.1754 test=0.8147 loss=2.2754 (206s)
  Epoch  33: train=0.1695 test=0.7706 loss=2.2759 (212s)
  Epoch  34: train=0.1785 test=0.8387 loss=2.2723 (218s)
  Epoch  35: train=0.1760 test=0.8238 loss=2.2738 (224s)
  Epoch  36: train=0.1740 test=0.8048 loss=2.2756 (231s)
  Epoch  37: train=0.1747 test=0.8154 loss=2.2733 (237s)
  Epoch  38: train=0.1750 test=0.8094 loss=2.2761 (243s)
  Epoch  39: train=0.1750 test=0.8147 loss=2.2746 (249s)
  Epoch  40: train=0.1722 test=0.7803 loss=2.2763 (256s)
  Epoch  41: train=0.1738 test=0.7979 loss=2.2745 (262s)
  Epoch  42: train=0.1767 test=0.8113 loss=2.2739 (268s)
  Epoch  43: train=0.1752 test=0.8180 loss=2.2760 (275s)
  Epoch  44: train=0.1758 test=0.8110 loss=2.2744 (281s)
  Epoch  45: train=0.1740 test=0.8006 loss=2.2750 (287s)
  Epoch  46: train=0.1771 test=0.8260 loss=2.2732 (294s)
  Epoch  47: train=0.1753 test=0.8017 loss=2.2735 (300s)
  Epoch  48: train=0.1708 test=0.7688 loss=2.2755 (306s)
  Epoch  49: train=0.1734 test=0.8050 loss=2.2748 (312s)
  Epoch  50: train=0.1741 test=0.7982 loss=2.2753 (319s)
  Epoch  51: train=0.1732 test=0.7944 loss=2.2747 (325s)
  Epoch  52: train=0.1782 test=0.8372 loss=2.2727 (331s)
  Epoch  53: train=0.1774 test=0.8260 loss=2.2725 (337s)
  Epoch  54: train=0.1787 test=0.8447 loss=2.2717 (344s)
  Epoch  55: train=0.1767 test=0.8335 loss=2.2724 (350s)
  Epoch  56: train=0.1760 test=0.8228 loss=2.2717 (356s)
  Epoch  57: train=0.1773 test=0.8331 loss=2.2723 (363s)
  Epoch  58: train=0.1776 test=0.8255 loss=2.2728 (369s)
  Epoch  59: train=0.1781 test=0.8306 loss=2.2711 (375s)

Done: 375s. Saved to ../results/weight_covariance_v2/noise90_long/ours_r200_n90_s44.json
Final: train=0.1781 test=0.8306
=== seed 44: ours r100 ===
Dataset: standard, Input: 784, Params: 235,146, Mode: ours, Device: cuda
  Epoch  -1: train=0.0968 test=0.0850 loss=2.3134 (0s)
  Epoch   0: train=0.1398 test=0.4636 loss=2.2957 (4s)
  Epoch   1: train=0.1432 test=0.5151 loss=2.2909 (8s)
  Epoch   2: train=0.1536 test=0.6155 loss=2.2871 (12s)
  Epoch   3: train=0.1543 test=0.6265 loss=2.2850 (15s)
  Epoch   4: train=0.1525 test=0.5974 loss=2.2875 (19s)
  Epoch   5: train=0.1544 test=0.6129 loss=2.2871 (23s)
  Epoch   6: train=0.1582 test=0.6468 loss=2.2853 (27s)
  Epoch   7: train=0.1617 test=0.6746 loss=2.2830 (31s)
  Epoch   8: train=0.1550 test=0.6342 loss=2.2849 (35s)
  Epoch   9: train=0.1585 test=0.6491 loss=2.2841 (39s)
  Epoch  10: train=0.1555 test=0.6208 loss=2.2897 (42s)
  Epoch  11: train=0.1564 test=0.6306 loss=2.2835 (46s)
  Epoch  12: train=0.1595 test=0.6693 loss=2.2832 (50s)
  Epoch  13: train=0.1560 test=0.6117 loss=2.2837 (54s)
  Epoch  14: train=0.1563 test=0.6478 loss=2.2836 (58s)
  Epoch  15: train=0.1596 test=0.6653 loss=2.2818 (62s)
  Epoch  16: train=0.1605 test=0.6689 loss=2.2805 (66s)
  Epoch  17: train=0.1598 test=0.6577 loss=2.2826 (69s)
  Epoch  18: train=0.1580 test=0.6569 loss=2.2824 (73s)
  Epoch  19: train=0.1598 test=0.6698 loss=2.2805 (77s)
  Epoch  20: train=0.1609 test=0.6851 loss=2.2806 (81s)
  Epoch  21: train=0.1593 test=0.6650 loss=2.2834 (85s)
  Epoch  22: train=0.1618 test=0.6905 loss=2.2812 (89s)
  Epoch  23: train=0.1601 test=0.6628 loss=2.2820 (93s)
  Epoch  24: train=0.1604 test=0.6552 loss=2.2808 (96s)
  Epoch  25: train=0.1594 test=0.6511 loss=2.2836 (100s)
  Epoch  26: train=0.1640 test=0.7170 loss=2.2799 (104s)
  Epoch  27: train=0.1610 test=0.6800 loss=2.2819 (108s)
  Epoch  28: train=0.1625 test=0.6983 loss=2.2797 (112s)
  Epoch  29: train=0.1614 test=0.6920 loss=2.2810 (116s)
  Epoch  30: train=0.1587 test=0.6582 loss=2.2834 (119s)
  Epoch  31: train=0.1586 test=0.6490 loss=2.2827 (123s)
  Epoch  32: train=0.1583 test=0.6483 loss=2.2821 (127s)
  Epoch  33: train=0.1626 test=0.6963 loss=2.2809 (131s)
  Epoch  34: train=0.1653 test=0.7316 loss=2.2792 (135s)
  Epoch  35: train=0.1605 test=0.6723 loss=2.2811 (139s)
  Epoch  36: train=0.1640 test=0.7232 loss=2.2795 (143s)
  Epoch  37: train=0.1642 test=0.7173 loss=2.2798 (146s)
  Epoch  38: train=0.1642 test=0.7308 loss=2.2798 (150s)
  Epoch  39: train=0.1626 test=0.7200 loss=2.2806 (154s)
  Epoch  40: train=0.1628 test=0.7110 loss=2.2805 (158s)
  Epoch  41: train=0.1647 test=0.7191 loss=2.2796 (162s)
  Epoch  42: train=0.1634 test=0.7170 loss=2.2799 (166s)
  Epoch  43: train=0.1597 test=0.6823 loss=2.2838 (170s)
  Epoch  44: train=0.1636 test=0.7197 loss=2.2798 (173s)
  Epoch  45: train=0.1636 test=0.7025 loss=2.2811 (177s)
  Epoch  46: train=0.1674 test=0.7518 loss=2.2779 (181s)
  Epoch  47: train=0.1620 test=0.6892 loss=2.2808 (185s)
  Epoch  48: train=0.1640 test=0.7163 loss=2.2797 (189s)
  Epoch  49: train=0.1640 test=0.7274 loss=2.2805 (193s)
  Epoch  50: train=0.1669 test=0.7428 loss=2.2791 (196s)
  Epoch  51: train=0.1664 test=0.7475 loss=2.2784 (200s)
  Epoch  52: train=0.1669 test=0.7565 loss=2.2781 (204s)
  Epoch  53: train=0.1668 test=0.7456 loss=2.2783 (208s)
  Epoch  54: train=0.1684 test=0.7696 loss=2.2774 (212s)
  Epoch  55: train=0.1647 test=0.7262 loss=2.2792 (216s)
  Epoch  56: train=0.1648 test=0.7254 loss=2.2791 (220s)
  Epoch  57: train=0.1652 test=0.7451 loss=2.2786 (224s)
  Epoch  58: train=0.1653 test=0.7311 loss=2.2807 (227s)
  Epoch  59: train=0.1647 test=0.7338 loss=2.2789 (232s)

Done: 232s. Saved to ../results/weight_covariance_v2/noise90_long/ours_r100_n90_s44.json
Final: train=0.1647 test=0.7338
=== seed 44: ours r50 ===
Dataset: standard, Input: 784, Params: 235,146, Mode: ours, Device: cuda
  Epoch  -1: train=0.0968 test=0.0850 loss=2.3134 (0s)
  Epoch   0: train=0.1465 test=0.5247 loss=2.2917 (4s)
  Epoch   1: train=0.1534 test=0.6120 loss=2.2882 (7s)
  Epoch   2: train=0.1516 test=0.5892 loss=2.2901 (10s)
  Epoch   3: train=0.1564 test=0.6391 loss=2.2849 (13s)
  Epoch   4: train=0.1510 test=0.5677 loss=2.2880 (17s)
  Epoch   5: train=0.1522 test=0.6137 loss=2.2881 (20s)
  Epoch   6: train=0.1521 test=0.6021 loss=2.2883 (23s)
  Epoch   7: train=0.1587 test=0.6485 loss=2.2843 (27s)
  Epoch   8: train=0.1489 test=0.5755 loss=2.2879 (30s)
  Epoch   9: train=0.1539 test=0.6329 loss=2.2873 (34s)
  Epoch  10: train=0.1586 test=0.6496 loss=2.2902 (37s)
  Epoch  11: train=0.1525 test=0.6033 loss=2.2858 (40s)
  Epoch  12: train=0.1548 test=0.6188 loss=2.2847 (43s)
  Epoch  13: train=0.1535 test=0.6280 loss=2.2881 (47s)
  Epoch  14: train=0.1593 test=0.6699 loss=2.2841 (50s)
  Epoch  15: train=0.1597 test=0.6640 loss=2.2835 (54s)
  Epoch  16: train=0.1590 test=0.6599 loss=2.2836 (57s)
  Epoch  17: train=0.1584 test=0.6550 loss=2.2842 (61s)
  Epoch  18: train=0.1556 test=0.6400 loss=2.2841 (64s)
  Epoch  19: train=0.1570 test=0.6331 loss=2.2832 (67s)
  Epoch  20: train=0.1603 test=0.6658 loss=2.2825 (71s)
  Epoch  21: train=0.1599 test=0.6670 loss=2.2823 (74s)
  Epoch  22: train=0.1571 test=0.6462 loss=2.2844 (77s)
  Epoch  23: train=0.1611 test=0.6810 loss=2.2819 (80s)
  Epoch  24: train=0.1570 test=0.6455 loss=2.2850 (84s)
  Epoch  25: train=0.1583 test=0.6595 loss=2.2842 (87s)
  Epoch  26: train=0.1578 test=0.6594 loss=2.2826 (91s)
  Epoch  27: train=0.1578 test=0.6495 loss=2.2827 (94s)
  Epoch  28: train=0.1579 test=0.6519 loss=2.2824 (97s)
  Epoch  29: train=0.1584 test=0.6439 loss=2.2837 (101s)
  Epoch  30: train=0.1575 test=0.6463 loss=2.2835 (104s)
  Epoch  31: train=0.1565 test=0.6375 loss=2.2851 (107s)
  Epoch  32: train=0.1580 test=0.6417 loss=2.2838 (111s)
  Epoch  33: train=0.1590 test=0.6693 loss=2.2816 (114s)
  Epoch  34: train=0.1575 test=0.6579 loss=2.2828 (117s)
  Epoch  35: train=0.1580 test=0.6539 loss=2.2823 (121s)
  Epoch  36: train=0.1590 test=0.6621 loss=2.2821 (124s)
  Epoch  37: train=0.1615 test=0.6851 loss=2.2815 (127s)
  Epoch  38: train=0.1598 test=0.6678 loss=2.2842 (130s)
  Epoch  39: train=0.1590 test=0.6589 loss=2.2825 (134s)
  Epoch  40: train=0.1577 test=0.6584 loss=2.2826 (137s)
  Epoch  41: train=0.1587 test=0.6643 loss=2.2820 (141s)
  Epoch  42: train=0.1583 test=0.6616 loss=2.2823 (144s)
  Epoch  43: train=0.1573 test=0.6460 loss=2.2835 (147s)
  Epoch  44: train=0.1580 test=0.6531 loss=2.2831 (151s)
  Epoch  45: train=0.1573 test=0.6472 loss=2.2831 (154s)
  Epoch  46: train=0.1592 test=0.6768 loss=2.2808 (158s)
  Epoch  47: train=0.1577 test=0.6585 loss=2.2825 (161s)
  Epoch  48: train=0.1537 test=0.6033 loss=2.2849 (164s)
  Epoch  49: train=0.1568 test=0.6351 loss=2.2837 (167s)
  Epoch  50: train=0.1567 test=0.6495 loss=2.2833 (171s)
  Epoch  51: train=0.1553 test=0.6182 loss=2.2833 (174s)
  Epoch  52: train=0.1558 test=0.6331 loss=2.2831 (177s)
  Epoch  53: train=0.1574 test=0.6488 loss=2.2824 (181s)
  Epoch  54: train=0.1592 test=0.6687 loss=2.2819 (184s)
  Epoch  55: train=0.1573 test=0.6557 loss=2.2825 (188s)
  Epoch  56: train=0.1578 test=0.6725 loss=2.2822 (191s)
  Epoch  57: train=0.1576 test=0.6527 loss=2.2846 (194s)
  Epoch  58: train=0.1565 test=0.6514 loss=2.2824 (198s)
  Epoch  59: train=0.1583 test=0.6635 loss=2.2816 (201s)

Done: 201s. Saved to ../results/weight_covariance_v2/noise90_long/ours_r50_n90_s44.json
Final: train=0.1583 test=0.6635
=== ALL NOISE90 LONG RUNS COMPLETE ===
